Command line invocation:
    /Applications/Xcode.app/Contents/Developer/usr/bin/xcodebuild -project Toolbox/Toolbox.xcodeproj -scheme ScriptToolbox -configuration Debug

User defaults from command line:
    IDEPackageSupportUseBuiltinSCM = YES

--- xcodebuild: WARNING: Using the first of multiple matching destinations:
{ platform:macOS, arch:x86_64, id:7AA02E95-2151-5A29-A4C6-F3E8C8A9EA7C }
{ platform:macOS, name:Any Mac }
Prepare packages

Computing target dependency graph and provisioning inputs

Create build description
Build description signature: 0ebdd55ea8bfd24c647908e9289b147a
Build description path: /Users/liu/Library/Developer/Xcode/DerivedData/Toolbox-cpgcsujffezisobdihlvfnevadbx/Build/Intermediates.noindex/XCBuildData/0ebdd55ea8bfd24c647908e9289b147a-desc.xcbuild

note: Building targets in dependency order
CreateBuildDirectory /Users/liu/Library/Developer/Xcode/DerivedData/Toolbox-cpgcsujffezisobdihlvfnevadbx/Build/Products/Debug
    cd /Users/liu/Desktop/develop/Toolbox/Toolbox.xcodeproj
    builtin-create-build-directory /Users/liu/Library/Developer/Xcode/DerivedData/Toolbox-cpgcsujffezisobdihlvfnevadbx/Build/Products/Debug

warning: Stale file '/Users/liu/Desktop/develop/Toolbox/build/Debug/Toolbox.app' is located outside of the allowed root paths.

warning: Stale file '/Users/liu/Desktop/develop/Toolbox/build/Debug/Toolbox.app/Contents' is located outside of the allowed root paths.

warning: Stale file '/Users/liu/Desktop/develop/Toolbox/build/Debug/Toolbox.app/Contents/Info.plist' is located outside of the allowed root paths.

warning: Stale file '/Users/liu/Desktop/develop/Toolbox/build/Debug/Toolbox.app/Contents/MacOS' is located outside of the allowed root paths.

warning: Stale file '/Users/liu/Desktop/develop/Toolbox/build/Debug/Toolbox.app/Contents/MacOS/Toolbox' is located outside of the allowed root paths.

warning: Stale file '/Users/liu/Desktop/develop/Toolbox/build/Debug/Toolbox.app/Contents/PkgInfo' is located outside of the allowed root paths.

warning: Stale file '/Users/liu/Desktop/develop/Toolbox/build/Debug/Toolbox.app/Contents/Resources' is located outside of the allowed root paths.

warning: Stale file '/Users/liu/Desktop/develop/Toolbox/build/Debug/Toolbox.app/Contents/Resources/Assets.car' is located outside of the allowed root paths.

warning: Stale file '/Users/liu/Desktop/develop/Toolbox/build/Debug/Toolbox.app/Contents/Resources/Binaries' is located outside of the allowed root paths.

warning: Stale file '/Users/liu/Desktop/develop/Toolbox/build/Debug/Toolbox.app/Contents/Resources/Configs' is located outside of the allowed root paths.

warning: Stale file '/Users/liu/Desktop/develop/Toolbox/build/Debug/Toolbox.app/Contents/Resources/Help' is located outside of the allowed root paths.

warning: Stale file '/Users/liu/Desktop/develop/Toolbox/build/Debug/Toolbox.app/Contents/Resources/Scripts' is located outside of the allowed root paths.

warning: Stale file '/Users/liu/Desktop/develop/Toolbox/build/Debug/Toolbox.app/Contents/Resources/tool_config.json' is located outside of the allowed root paths.

warning: Stale file '/Users/liu/Desktop/develop/Toolbox/build/Debug/Toolbox.app/_CodeSignature' is located outside of the allowed root paths.

warning: Stale file '/Users/liu/Desktop/develop/Toolbox/build/Debug/Toolbox.swiftmodule/Project/arm64-apple-macos.swiftsourceinfo' is located outside of the allowed root paths.

warning: Stale file '/Users/liu/Desktop/develop/Toolbox/build/Debug/Toolbox.swiftmodule/Project/x86_64-apple-macos.swiftsourceinfo' is located outside of the allowed root paths.

warning: Stale file '/Users/liu/Desktop/develop/Toolbox/build/Debug/Toolbox.swiftmodule/arm64-apple-macos.abi.json' is located outside of the allowed root paths.

warning: Stale file '/Users/liu/Desktop/develop/Toolbox/build/Debug/Toolbox.swiftmodule/arm64-apple-macos.swiftdoc' is located outside of the allowed root paths.

warning: Stale file '/Users/liu/Desktop/develop/Toolbox/build/Debug/Toolbox.swiftmodule/arm64-apple-macos.swiftmodule' is located outside of the allowed root paths.

warning: Stale file '/Users/liu/Desktop/develop/Toolbox/build/Debug/Toolbox.swiftmodule/x86_64-apple-macos.abi.json' is located outside of the allowed root paths.

warning: Stale file '/Users/liu/Desktop/develop/Toolbox/build/Debug/Toolbox.swiftmodule/x86_64-apple-macos.swiftdoc' is located outside of the allowed root paths.

warning: Stale file '/Users/liu/Desktop/develop/Toolbox/build/Debug/Toolbox.swiftmodule/x86_64-apple-macos.swiftmodule' is located outside of the allowed root paths.

MkDir /Users/liu/Library/Developer/Xcode/DerivedData/Toolbox-cpgcsujffezisobdihlvfnevadbx/Build/Products/Debug/Toolbox.app (in target 'Toolbox' from project 'Toolbox')
    cd /Users/liu/Desktop/develop/Toolbox
    /bin/mkdir -p /Users/liu/Library/Developer/Xcode/DerivedData/Toolbox-cpgcsujffezisobdihlvfnevadbx/Build/Products/Debug/Toolbox.app

MkDir /Users/liu/Library/Developer/Xcode/DerivedData/Toolbox-cpgcsujffezisobdihlvfnevadbx/Build/Products/Debug/Toolbox.app/Contents/Resources (in target 'Toolbox' from project 'Toolbox')
    cd /Users/liu/Desktop/develop/Toolbox
    /bin/mkdir -p /Users/liu/Library/Developer/Xcode/DerivedData/Toolbox-cpgcsujffezisobdihlvfnevadbx/Build/Products/Debug/Toolbox.app/Contents/Resources

MkDir /Users/liu/Library/Developer/Xcode/DerivedData/Toolbox-cpgcsujffezisobdihlvfnevadbx/Build/Products/Debug/Toolbox.app/Contents/MacOS (in target 'Toolbox' from project 'Toolbox')
    cd /Users/liu/Desktop/develop/Toolbox
    /bin/mkdir -p /Users/liu/Library/Developer/Xcode/DerivedData/Toolbox-cpgcsujffezisobdihlvfnevadbx/Build/Products/Debug/Toolbox.app/Contents/MacOS

MkDir /Users/liu/Library/Developer/Xcode/DerivedData/Toolbox-cpgcsujffezisobdihlvfnevadbx/Build/Products/Debug/Toolbox.app/Contents (in target 'Toolbox' from project 'Toolbox')
    cd /Users/liu/Desktop/develop/Toolbox
    /bin/mkdir -p /Users/liu/Library/Developer/Xcode/DerivedData/Toolbox-cpgcsujffezisobdihlvfnevadbx/Build/Products/Debug/Toolbox.app/Contents

ProcessProductPackaging "" /Users/liu/Library/Developer/Xcode/DerivedData/Toolbox-cpgcsujffezisobdihlvfnevadbx/Build/Intermediates.noindex/Toolbox.build/Debug/Toolbox.build/Toolbox.app.xcent (in target 'Toolbox' from project 'Toolbox')
    cd /Users/liu/Desktop/develop/Toolbox
    
    Entitlements:
    
    {
    "com.apple.security.get-task-allow" = 1;
}
    
    builtin-productPackagingUtility -entitlements -format xml -o /Users/liu/Library/Developer/Xcode/DerivedData/Toolbox-cpgcsujffezisobdihlvfnevadbx/Build/Intermediates.noindex/Toolbox.build/Debug/Toolbox.build/Toolbox.app.xcent

ProcessProductPackagingDER /Users/liu/Library/Developer/Xcode/DerivedData/Toolbox-cpgcsujffezisobdihlvfnevadbx/Build/Intermediates.noindex/Toolbox.build/Debug/Toolbox.build/Toolbox.app.xcent /Users/liu/Library/Developer/Xcode/DerivedData/Toolbox-cpgcsujffezisobdihlvfnevadbx/Build/Intermediates.noindex/Toolbox.build/Debug/Toolbox.build/Toolbox.app.xcent.der (in target 'Toolbox' from project 'Toolbox')
    cd /Users/liu/Desktop/develop/Toolbox
    /usr/bin/derq query -f xml -i /Users/liu/Library/Developer/Xcode/DerivedData/Toolbox-cpgcsujffezisobdihlvfnevadbx/Build/Intermediates.noindex/Toolbox.build/Debug/Toolbox.build/Toolbox.app.xcent -o /Users/liu/Library/Developer/Xcode/DerivedData/Toolbox-cpgcsujffezisobdihlvfnevadbx/Build/Intermediates.noindex/Toolbox.build/Debug/Toolbox.build/Toolbox.app.xcent.der --raw

PhaseScriptExecution Unpack\ check_main_pkg /Users/liu/Library/Developer/Xcode/DerivedData/Toolbox-cpgcsujffezisobdihlvfnevadbx/Build/Intermediates.noindex/Toolbox.build/Debug/Toolbox.build/Script-A00000000000000000000042.sh (in target 'Toolbox' from project 'Toolbox')
    cd /Users/liu/Desktop/develop/Toolbox
    export ACTION\=build
    export AD_HOC_CODE_SIGNING_ALLOWED\=YES
    export ALLOW_TARGET_PLATFORM_SPECIALIZATION\=NO
    export ALTERNATE_GROUP\=staff
    export ALTERNATE_MODE\=u+w,go-w,a+rX
    export ALTERNATE_OWNER\=liu
    export ALWAYS_EMBED_SWIFT_STANDARD_LIBRARIES\=NO
    export ALWAYS_SEARCH_USER_PATHS\=NO
    export ALWAYS_USE_SEPARATE_HEADERMAPS\=NO
    export APPLE_INTERNAL_DEVELOPER_DIR\=/AppleInternal/Developer
    export APPLE_INTERNAL_DIR\=/AppleInternal
    export APPLE_INTERNAL_DOCUMENTATION_DIR\=/AppleInternal/Documentation
    export APPLE_INTERNAL_LIBRARY_DIR\=/AppleInternal/Library
    export APPLE_INTERNAL_TOOLS\=/AppleInternal/Developer/Tools
    export APPLICATION_EXTENSION_API_ONLY\=NO
    export APPLY_RULES_IN_COPY_FILES\=NO
    export APPLY_RULES_IN_COPY_HEADERS\=NO
    export ARCHS\=arm64\ x86_64
    export ARCHS_STANDARD\=arm64\ x86_64
    export ARCHS_STANDARD_32_64_BIT\=arm64\ x86_64\ i386
    export ARCHS_STANDARD_32_BIT\=i386
    export ARCHS_STANDARD_64_BIT\=arm64\ x86_64
    export ARCHS_STANDARD_INCLUDING_64_BIT\=arm64\ x86_64
    export ASSETCATALOG_COMPILER_APPICON_NAME\=AppIcon
    export AVAILABLE_PLATFORMS\=appletvos\ appletvsimulator\ driverkit\ iphoneos\ iphonesimulator\ macosx\ watchos\ watchsimulator
    export BITCODE_GENERATION_MODE\=marker
    export BUILD_ACTIVE_RESOURCES_ONLY\=NO
    export BUILD_COMPONENTS\=headers\ build
    export BUILD_DIR\=/Users/liu/Library/Developer/Xcode/DerivedData/Toolbox-cpgcsujffezisobdihlvfnevadbx/Build/Products
    export BUILD_LIBRARY_FOR_DISTRIBUTION\=NO
    export BUILD_ROOT\=/Users/liu/Library/Developer/Xcode/DerivedData/Toolbox-cpgcsujffezisobdihlvfnevadbx/Build/Products
    export BUILD_STYLE\=
    export BUILD_VARIANTS\=normal
    export BUILT_PRODUCTS_DIR\=/Users/liu/Library/Developer/Xcode/DerivedData/Toolbox-cpgcsujffezisobdihlvfnevadbx/Build/Products/Debug
    export BUNDLE_CONTENTS_FOLDER_PATH\=Contents/
    export BUNDLE_CONTENTS_FOLDER_PATH_deep\=Contents/
    export BUNDLE_EXECUTABLE_FOLDER_NAME_deep\=MacOS
    export BUNDLE_EXECUTABLE_FOLDER_PATH\=Contents/MacOS
    export BUNDLE_EXTENSIONS_FOLDER_PATH\=Contents/Extensions
    export BUNDLE_FORMAT\=deep
    export BUNDLE_FRAMEWORKS_FOLDER_PATH\=Contents/Frameworks
    export BUNDLE_PLUGINS_FOLDER_PATH\=Contents/PlugIns
    export BUNDLE_PRIVATE_HEADERS_FOLDER_PATH\=Contents/PrivateHeaders
    export BUNDLE_PUBLIC_HEADERS_FOLDER_PATH\=Contents/Headers
    export CACHE_ROOT\=/var/folders/qk/j78f_0hs1s94grmdf_jtr17r0000gn/C/com.apple.DeveloperTools/14.2-14C18/Xcode
    export CCHROOT\=/var/folders/qk/j78f_0hs1s94grmdf_jtr17r0000gn/C/com.apple.DeveloperTools/14.2-14C18/Xcode
    export CHMOD\=/bin/chmod
    export CHOWN\=/usr/sbin/chown
    export CLANG_ENABLE_MODULES\=YES
    export CLANG_ENABLE_OBJC_ARC\=YES
    export CLANG_MODULES_BUILD_SESSION_FILE\=/Users/liu/Library/Developer/Xcode/DerivedData/ModuleCache.noindex/Session.modulevalidation
    export CLASS_FILE_DIR\=/Users/liu/Library/Developer/Xcode/DerivedData/Toolbox-cpgcsujffezisobdihlvfnevadbx/Build/Intermediates.noindex/Toolbox.build/Debug/Toolbox.build/JavaClasses
    export CLEAN_PRECOMPS\=YES
    export CLONE_HEADERS\=NO
    export CODESIGNING_FOLDER_PATH\=/Users/liu/Library/Developer/Xcode/DerivedData/Toolbox-cpgcsujffezisobdihlvfnevadbx/Build/Products/Debug/Toolbox.app
    export CODE_SIGNING_ALLOWED\=YES
    export CODE_SIGNING_REQUIRED\=YES
    export CODE_SIGN_IDENTITY\=-
    export CODE_SIGN_IDENTITY_NO\=Apple\ Development
    export CODE_SIGN_IDENTITY_YES\=-
    export CODE_SIGN_INJECT_BASE_ENTITLEMENTS\=YES
    export CODE_SIGN_STYLE\=Automatic
    export COLOR_DIAGNOSTICS\=NO
    export COMBINE_HIDPI_IMAGES\=NO
    export COMPILER_INDEX_STORE_ENABLE\=Default
    export COMPOSITE_SDK_DIRS\=/Users/liu/Library/Developer/Xcode/DerivedData/Toolbox-cpgcsujffezisobdihlvfnevadbx/Build/Intermediates.noindex/CompositeSDKs
    export COMPRESS_PNG_FILES\=NO
    export CONFIGURATION\=Debug
    export CONFIGURATION_BUILD_DIR\=/Users/liu/Library/Developer/Xcode/DerivedData/Toolbox-cpgcsujffezisobdihlvfnevadbx/Build/Products/Debug
    export CONFIGURATION_TEMP_DIR\=/Users/liu/Library/Developer/Xcode/DerivedData/Toolbox-cpgcsujffezisobdihlvfnevadbx/Build/Intermediates.noindex/Toolbox.build/Debug
    export CONTENTS_FOLDER_PATH\=Toolbox.app/Contents
    export CONTENTS_FOLDER_PATH_SHALLOW_BUNDLE_NO\=Toolbox.app/Contents
    export CONTENTS_FOLDER_PATH_SHALLOW_BUNDLE_YES\=Toolbox.app
    export COPYING_PRESERVES_HFS_DATA\=NO
    export COPY_HEADERS_RUN_UNIFDEF\=NO
    export COPY_PHASE_STRIP\=NO
    export COPY_RESOURCES_FROM_STATIC_FRAMEWORKS\=YES
    export CP\=/bin/cp
    export CREATE_INFOPLIST_SECTION_IN_BINARY\=NO
    export CURRENT_ARCH\=undefined_arch
    export CURRENT_PROJECT_VERSION\=1
    export CURRENT_VARIANT\=normal
    export DEAD_CODE_STRIPPING\=NO
    export DEBUGGING_SYMBOLS\=YES
    export DEBUG_INFORMATION_FORMAT\=dwarf
    export DEFAULT_COMPILER\=com.apple.compilers.llvm.clang.1_0
    export DEFAULT_DEXT_INSTALL_PATH\=/System/Library/DriverExtensions
    export DEFAULT_KEXT_INSTALL_PATH\=/System/Library/Extensions
    export DEFINES_MODULE\=NO
    export DEPLOYMENT_LOCATION\=NO
    export DEPLOYMENT_POSTPROCESSING\=NO
    export DEPLOYMENT_TARGET_SETTING_NAME\=MACOSX_DEPLOYMENT_TARGET
    export DEPLOYMENT_TARGET_SUGGESTED_VALUES\=10.13\ 10.14\ 10.15\ 11.0\ 11.1\ 11.2\ 11.3\ 11.4\ 11.5\ 12.0\ 12.2\ 12.3\ 12.4\ 13.0\ 13.1
    export DERIVED_FILES_DIR\=/Users/liu/Library/Developer/Xcode/DerivedData/Toolbox-cpgcsujffezisobdihlvfnevadbx/Build/Intermediates.noindex/Toolbox.build/Debug/Toolbox.build/DerivedSources
    export DERIVED_FILE_DIR\=/Users/liu/Library/Developer/Xcode/DerivedData/Toolbox-cpgcsujffezisobdihlvfnevadbx/Build/Intermediates.noindex/Toolbox.build/Debug/Toolbox.build/DerivedSources
    export DERIVED_SOURCES_DIR\=/Users/liu/Library/Developer/Xcode/DerivedData/Toolbox-cpgcsujffezisobdihlvfnevadbx/Build/Intermediates.noindex/Toolbox.build/Debug/Toolbox.build/DerivedSources
    export DEVELOPER_APPLICATIONS_DIR\=/Applications/Xcode.app/Contents/Developer/Applications
    export DEVELOPER_BIN_DIR\=/Applications/Xcode.app/Contents/Developer/usr/bin
    export DEVELOPER_DIR\=/Applications/Xcode.app/Contents/Developer
    export DEVELOPER_FRAMEWORKS_DIR\=/Applications/Xcode.app/Contents/Developer/Library/Frameworks
    export DEVELOPER_FRAMEWORKS_DIR_QUOTED\=/Applications/Xcode.app/Contents/Developer/Library/Frameworks
    export DEVELOPER_LIBRARY_DIR\=/Applications/Xcode.app/Contents/Developer/Library
    export DEVELOPER_SDK_DIR\=/Applications/Xcode.app/Contents/Developer/Platforms/MacOSX.platform/Developer/SDKs
    export DEVELOPER_TOOLS_DIR\=/Applications/Xcode.app/Contents/Developer/Tools
    export DEVELOPER_USR_DIR\=/Applications/Xcode.app/Contents/Developer/usr
    export DEVELOPMENT_LANGUAGE\=en
    export DOCUMENTATION_FOLDER_PATH\=Toolbox.app/Contents/Resources/en.lproj/Documentation
    export DONT_GENERATE_INFOPLIST_FILE\=NO
    export DO_HEADER_SCANNING_IN_JAM\=NO
    export DSTROOT\=/tmp/Toolbox.dst
    export DT_TOOLCHAIN_DIR\=/Applications/Xcode.app/Contents/Developer/Toolchains/XcodeDefault.xctoolchain
    export DWARF_DSYM_FILE_NAME\=Toolbox.app.dSYM
    export DWARF_DSYM_FILE_SHOULD_ACCOMPANY_PRODUCT\=NO
    export DWARF_DSYM_FOLDER_PATH\=/Users/liu/Library/Developer/Xcode/DerivedData/Toolbox-cpgcsujffezisobdihlvfnevadbx/Build/Products/Debug
    export DYNAMIC_LIBRARY_EXTENSION\=dylib
    export EAGER_LINKING\=NO
    export EMBEDDED_CONTENT_CONTAINS_SWIFT\=NO
    export EMBEDDED_PROFILE_NAME\=embedded.provisionprofile
    export EMBED_ASSET_PACKS_IN_PRODUCT_BUNDLE\=NO
    export ENABLE_APP_SANDBOX\=NO
    export ENABLE_BITCODE\=NO
    export ENABLE_DEFAULT_HEADER_SEARCH_PATHS\=YES
    export ENABLE_DEFAULT_SEARCH_PATHS\=YES
    export ENABLE_HARDENED_RUNTIME\=NO
    export ENABLE_HEADER_DEPENDENCIES\=YES
    export ENABLE_ON_DEMAND_RESOURCES\=NO
    export ENABLE_PREVIEWS\=NO
    export ENABLE_STRICT_OBJC_MSGSEND\=YES
    export ENABLE_TESTABILITY\=NO
    export ENABLE_TESTING_SEARCH_PATHS\=NO
    export ENABLE_USER_SCRIPT_SANDBOXING\=NO
    export ENTITLEMENTS_ALLOWED\=YES
    export ENTITLEMENTS_DESTINATION\=Signature
    export ENTITLEMENTS_REQUIRED\=NO
    export EXCLUDED_INSTALLSRC_SUBDIRECTORY_PATTERNS\=.DS_Store\ .svn\ .git\ .hg\ CVS
    export EXCLUDED_RECURSIVE_SEARCH_PATH_SUBDIRECTORIES\=\*.nib\ \*.lproj\ \*.framework\ \*.gch\ \*.xcode\*\ \*.xcassets\ \(\*\)\ .DS_Store\ CVS\ .svn\ .git\ .hg\ \*.pbproj\ \*.pbxproj
    export EXECUTABLES_FOLDER_PATH\=Toolbox.app/Contents/Executables
    export EXECUTABLE_FOLDER_PATH\=Toolbox.app/Contents/MacOS
    export EXECUTABLE_FOLDER_PATH_SHALLOW_BUNDLE_NO\=Toolbox.app/Contents/MacOS
    export EXECUTABLE_FOLDER_PATH_SHALLOW_BUNDLE_YES\=Toolbox.app/Contents
    export EXECUTABLE_NAME\=Toolbox
    export EXECUTABLE_PATH\=Toolbox.app/Contents/MacOS/Toolbox
    export EXPANDED_CODE_SIGN_IDENTITY\=-
    export EXPANDED_CODE_SIGN_IDENTITY_NAME\=-
    export EXTENSIONS_FOLDER_PATH\=Toolbox.app/Contents/Extensions
    export FILE_LIST\=/Users/liu/Library/Developer/Xcode/DerivedData/Toolbox-cpgcsujffezisobdihlvfnevadbx/Build/Intermediates.noindex/Toolbox.build/Debug/Toolbox.build/Objects/LinkFileList
    export FIXED_FILES_DIR\=/Users/liu/Library/Developer/Xcode/DerivedData/Toolbox-cpgcsujffezisobdihlvfnevadbx/Build/Intermediates.noindex/Toolbox.build/Debug/Toolbox.build/FixedFiles
    export FRAMEWORKS_FOLDER_PATH\=Toolbox.app/Contents/Frameworks
    export FRAMEWORK_FLAG_PREFIX\=-framework
    export FRAMEWORK_SEARCH_PATHS\=/Users/liu/Library/Developer/Xcode/DerivedData/Toolbox-cpgcsujffezisobdihlvfnevadbx/Build/Products/Debug\ 
    export FRAMEWORK_VERSION\=A
    export FULL_PRODUCT_NAME\=Toolbox.app
    export FUSE_BUILD_PHASES\=YES
    export FUSE_BUILD_SCRIPT_PHASES\=NO
    export GCC3_VERSION\=3.3
    export GCC_C_LANGUAGE_STANDARD\=gnu17
    export GCC_DYNAMIC_NO_PIC\=NO
    export GCC_INLINES_ARE_PRIVATE_EXTERN\=YES
    export GCC_PFE_FILE_C_DIALECTS\=c\ objective-c\ c++\ objective-c++
    export GCC_SYMBOLS_PRIVATE_EXTERN\=YES
    export GCC_TREAT_WARNINGS_AS_ERRORS\=NO
    export GCC_VERSION\=com.apple.compilers.llvm.clang.1_0
    export GCC_VERSION_IDENTIFIER\=com_apple_compilers_llvm_clang_1_0
    export GCC_WARN_64_TO_32_BIT_CONVERSION\=NO
    export GENERATED_MODULEMAP_DIR\=/Users/liu/Library/Developer/Xcode/DerivedData/Toolbox-cpgcsujffezisobdihlvfnevadbx/Build/Intermediates.noindex/GeneratedModuleMaps
    export GENERATE_INFOPLIST_FILE\=YES
    export GENERATE_MASTER_OBJECT_FILE\=NO
    export GENERATE_PKGINFO_FILE\=YES
    export GENERATE_PROFILING_CODE\=NO
    export GENERATE_TEXT_BASED_STUBS\=NO
    export GID\=20
    export GROUP\=staff
    export HEADERMAP_INCLUDES_FLAT_ENTRIES_FOR_TARGET_BEING_BUILT\=YES
    export HEADERMAP_INCLUDES_FRAMEWORK_ENTRIES_FOR_ALL_PRODUCT_TYPES\=YES
    export HEADERMAP_INCLUDES_NONPUBLIC_NONPRIVATE_HEADERS\=YES
    export HEADERMAP_INCLUDES_PROJECT_HEADERS\=YES
    export HEADERMAP_USES_FRAMEWORK_PREFIX_ENTRIES\=YES
    export HEADERMAP_USES_VFS\=NO
    export HEADER_SEARCH_PATHS\=/Users/liu/Library/Developer/Xcode/DerivedData/Toolbox-cpgcsujffezisobdihlvfnevadbx/Build/Products/Debug/include\ 
    export HIDE_BITCODE_SYMBOLS\=YES
    export HOME\=/Users/liu
    export HOST_PLATFORM\=macosx
    export ICONV\=/usr/bin/iconv
    export INFOPLIST_EXPAND_BUILD_SETTINGS\=YES
    export INFOPLIST_KEY_CFBundleDisplayName\=Toolbox
    export INFOPLIST_KEY_LSApplicationCategoryType\=public.app-category.utilities
    export INFOPLIST_OUTPUT_FORMAT\=same-as-input
    export INFOPLIST_PATH\=Toolbox.app/Contents/Info.plist
    export INFOPLIST_PREPROCESS\=NO
    export INFOSTRINGS_PATH\=Toolbox.app/Contents/Resources/en.lproj/InfoPlist.strings
    export INLINE_PRIVATE_FRAMEWORKS\=NO
    export INSTALLHDRS_COPY_PHASE\=NO
    export INSTALLHDRS_SCRIPT_PHASE\=NO
    export INSTALL_DIR\=/tmp/Toolbox.dst/Applications
    export INSTALL_GROUP\=staff
    export INSTALL_MODE_FLAG\=u+w,go-w,a+rX
    export INSTALL_OWNER\=liu
    export INSTALL_PATH\=/Applications
    export INSTALL_ROOT\=/tmp/Toolbox.dst
    export IOS_UNZIPPERED_TWIN_PREFIX_PATH\=/System/iOSSupport
    export IS_MACCATALYST\=NO
    export IS_UIKITFORMAC\=NO
    export JAVAC_DEFAULT_FLAGS\=-J-Xms64m\ -J-XX:NewSize\=4M\ -J-Dfile.encoding\=UTF8
    export JAVA_APP_STUB\=/System/Library/Frameworks/JavaVM.framework/Resources/MacOS/JavaApplicationStub
    export JAVA_ARCHIVE_CLASSES\=YES
    export JAVA_ARCHIVE_TYPE\=JAR
    export JAVA_COMPILER\=/usr/bin/javac
    export JAVA_FOLDER_PATH\=Toolbox.app/Contents/Resources/Java
    export JAVA_FRAMEWORK_RESOURCES_DIRS\=Resources
    export JAVA_JAR_FLAGS\=cv
    export JAVA_SOURCE_SUBDIR\=.
    export JAVA_USE_DEPENDENCIES\=YES
    export JAVA_ZIP_FLAGS\=-urg
    export JIKES_DEFAULT_FLAGS\=+E\ +OLDCSO
    export KASAN_CFLAGS_CLASSIC\=-DKASAN\=1\ -DKASAN_CLASSIC\=1\ -fsanitize\=address\ -mllvm\ -asan-globals-live-support\ -mllvm\ -asan-force-dynamic-shadow
    export KASAN_CFLAGS_TBI\=-DKASAN\=1\ -DKASAN_TBI\=1\ -fsanitize\=kernel-hwaddress\ -mllvm\ -hwasan-recover\=0\ -mllvm\ -hwasan-instrument-atomics\=0\ -mllvm\ -hwasan-instrument-stack\=1\ -mllvm\ -hwasan-uar-retag-to-zero\=1\ -mllvm\ -hwasan-generate-tags-with-calls\=1\ -mllvm\ -hwasan-instrument-with-calls\=1\ -mllvm\ -hwasan-use-short-granules\=0\ \ -mllvm\ -hwasan-memory-access-callback-prefix\=__asan_
    export KASAN_DEFAULT_CFLAGS\=-DKASAN\=1\ -DKASAN_CLASSIC\=1\ -fsanitize\=address\ -mllvm\ -asan-globals-live-support\ -mllvm\ -asan-force-dynamic-shadow
    export KEEP_PRIVATE_EXTERNS\=NO
    export LD_DEPENDENCY_INFO_FILE\=/Users/liu/Library/Developer/Xcode/DerivedData/Toolbox-cpgcsujffezisobdihlvfnevadbx/Build/Intermediates.noindex/Toolbox.build/Debug/Toolbox.build/Objects-normal/undefined_arch/Toolbox_dependency_info.dat
    export LD_GENERATE_MAP_FILE\=NO
    export LD_MAP_FILE_PATH\=/Users/liu/Library/Developer/Xcode/DerivedData/Toolbox-cpgcsujffezisobdihlvfnevadbx/Build/Intermediates.noindex/Toolbox.build/Debug/Toolbox.build/Toolbox-LinkMap-normal-undefined_arch.txt
    export LD_NO_PIE\=NO
    export LD_QUOTE_LINKER_ARGUMENTS_FOR_COMPILER_DRIVER\=YES
    export LD_RUNPATH_SEARCH_PATHS\=\ @executable_path/../Frameworks
    export LD_RUNPATH_SEARCH_PATHS_YES\=@loader_path/../Frameworks
    export LEGACY_DEVELOPER_DIR\=/Applications/Xcode.app/Contents/PlugIns/Xcode3Core.ideplugin/Contents/SharedSupport/Developer
    export LEX\=lex
    export LIBRARY_DEXT_INSTALL_PATH\=/Library/DriverExtensions
    export LIBRARY_FLAG_NOSPACE\=YES
    export LIBRARY_FLAG_PREFIX\=-l
    export LIBRARY_KEXT_INSTALL_PATH\=/Library/Extensions
    export LIBRARY_SEARCH_PATHS\=/Users/liu/Library/Developer/Xcode/DerivedData/Toolbox-cpgcsujffezisobdihlvfnevadbx/Build/Products/Debug\ 
    export LINKER_DISPLAYS_MANGLED_NAMES\=NO
    export LINK_FILE_LIST_normal_arm64\=/Users/liu/Library/Developer/Xcode/DerivedData/Toolbox-cpgcsujffezisobdihlvfnevadbx/Build/Intermediates.noindex/Toolbox.build/Debug/Toolbox.build/Objects-normal/arm64/Toolbox.LinkFileList
    export LINK_FILE_LIST_normal_x86_64\=/Users/liu/Library/Developer/Xcode/DerivedData/Toolbox-cpgcsujffezisobdihlvfnevadbx/Build/Intermediates.noindex/Toolbox.build/Debug/Toolbox.build/Objects-normal/x86_64/Toolbox.LinkFileList
    export LINK_OBJC_RUNTIME\=YES
    export LINK_WITH_STANDARD_LIBRARIES\=YES
    export LLVM_TARGET_TRIPLE_OS_VERSION\=macos12.3
    export LLVM_TARGET_TRIPLE_OS_VERSION_NO\=macos12.3
    export LLVM_TARGET_TRIPLE_OS_VERSION_YES\=macos13.1
    export LLVM_TARGET_TRIPLE_VENDOR\=apple
    export LOCALIZATION_EXPORT_SUPPORTED\=YES
    export LOCALIZED_RESOURCES_FOLDER_PATH\=Toolbox.app/Contents/Resources/en.lproj
    export LOCALIZED_STRING_MACRO_NAMES\=NSLocalizedString\ CFCopyLocalizedString
    export LOCALIZED_STRING_SWIFTUI_SUPPORT\=YES
    export LOCAL_ADMIN_APPS_DIR\=/Applications/Utilities
    export LOCAL_APPS_DIR\=/Applications
    export LOCAL_DEVELOPER_DIR\=/Library/Developer
    export LOCAL_LIBRARY_DIR\=/Library
    export LOCROOT\=/Users/liu/Desktop/develop/Toolbox
    export LOCSYMROOT\=/Users/liu/Desktop/develop/Toolbox
    export MACH_O_TYPE\=mh_execute
    export MACOSX_DEPLOYMENT_TARGET\=12.3
    export MAC_OS_X_PRODUCT_BUILD_VERSION\=22H730
    export MAC_OS_X_VERSION_ACTUAL\=130708
    export MAC_OS_X_VERSION_MAJOR\=130000
    export MAC_OS_X_VERSION_MINOR\=130700
    export MARKETING_VERSION\=1.0
    export METAL_LIBRARY_FILE_BASE\=default
    export METAL_LIBRARY_OUTPUT_DIR\=/Users/liu/Library/Developer/Xcode/DerivedData/Toolbox-cpgcsujffezisobdihlvfnevadbx/Build/Products/Debug/Toolbox.app/Contents/Resources
    export MODULES_FOLDER_PATH\=Toolbox.app/Contents/Modules
    export MODULE_CACHE_DIR\=/Users/liu/Library/Developer/Xcode/DerivedData/ModuleCache.noindex
    export NATIVE_ARCH\=x86_64
    export NATIVE_ARCH_32_BIT\=i386
    export NATIVE_ARCH_64_BIT\=x86_64
    export NATIVE_ARCH_ACTUAL\=x86_64
    export NO_COMMON\=YES
    export OBJECT_FILE_DIR\=/Users/liu/Library/Developer/Xcode/DerivedData/Toolbox-cpgcsujffezisobdihlvfnevadbx/Build/Intermediates.noindex/Toolbox.build/Debug/Toolbox.build/Objects
    export OBJECT_FILE_DIR_normal\=/Users/liu/Library/Developer/Xcode/DerivedData/Toolbox-cpgcsujffezisobdihlvfnevadbx/Build/Intermediates.noindex/Toolbox.build/Debug/Toolbox.build/Objects-normal
    export OBJROOT\=/Users/liu/Library/Developer/Xcode/DerivedData/Toolbox-cpgcsujffezisobdihlvfnevadbx/Build/Intermediates.noindex
    export ONLY_ACTIVE_ARCH\=NO
    export OS\=MACOS
    export OSAC\=/usr/bin/osacompile
    export PACKAGE_TYPE\=com.apple.package-type.wrapper.application
    export PASCAL_STRINGS\=YES
    export PATH\=/Applications/Xcode.app/Contents/Developer/Toolchains/XcodeDefault.xctoolchain/usr/bin:/Applications/Xcode.app/Contents/Developer/Toolchains/XcodeDefault.xctoolchain/usr/appleinternal/bin:/Applications/Xcode.app/Contents/Developer/Toolchains/XcodeDefault.xctoolchain/usr/local/bin:/Applications/Xcode.app/Contents/Developer/Toolchains/XcodeDefault.xctoolchain/usr/libexec:/Applications/Xcode.app/Contents/Developer/Platforms/MacOSX.platform/usr/bin:/Applications/Xcode.app/Contents/Developer/Platforms/MacOSX.platform/usr/appleinternal/bin:/Applications/Xcode.app/Contents/Developer/Platforms/MacOSX.platform/usr/local/bin:/Applications/Xcode.app/Contents/Developer/Platforms/MacOSX.platform/Developer/usr/bin:/Applications/Xcode.app/Contents/Developer/Platforms/MacOSX.platform/Developer/usr/local/bin:/Applications/Xcode.app/Contents/Developer/usr/bin:/Applications/Xcode.app/Contents/Developer/usr/local/bin:/Users/liu/.npm-global/bin:/Users/liu/Desktop/develop/node_modules/.bin:/Users/liu/Desktop/node_modules/.bin:/Users/liu/node_modules/.bin:/Users/node_modules/.bin:/node_modules/.bin:/usr/local/lib/node_modules/npm/node_modules/@npmcli/run-script/lib/node-gyp-bin:/Users/liu/.antigravity/antigravity/bin:/usr/local/bin:/usr/local/sbin:/System/Cryptexes/App/usr/bin:/usr/bin:/bin:/usr/sbin:/sbin:/Library/Apple/usr/bin:/var/run/com.apple.security.cryptexd/codex.system/bootstrap/usr/local/bin:/var/run/com.apple.security.cryptexd/codex.system/bootstrap/usr/bin:/var/run/com.apple.security.cryptexd/codex.system/bootstrap/usr/appleinternal/bin
    export PATH_PREFIXES_EXCLUDED_FROM_HEADER_DEPENDENCIES\=/usr/include\ /usr/local/include\ /System/Library/Frameworks\ /System/Library/PrivateFrameworks\ /Applications/Xcode.app/Contents/Developer/Headers\ /Applications/Xcode.app/Contents/Developer/SDKs\ /Applications/Xcode.app/Contents/Developer/Platforms
    export PBDEVELOPMENTPLIST_PATH\=Toolbox.app/Contents/pbdevelopment.plist
    export PER_ARCH_OBJECT_FILE_DIR\=/Users/liu/Library/Developer/Xcode/DerivedData/Toolbox-cpgcsujffezisobdihlvfnevadbx/Build/Intermediates.noindex/Toolbox.build/Debug/Toolbox.build/Objects-normal/undefined_arch
    export PER_VARIANT_OBJECT_FILE_DIR\=/Users/liu/Library/Developer/Xcode/DerivedData/Toolbox-cpgcsujffezisobdihlvfnevadbx/Build/Intermediates.noindex/Toolbox.build/Debug/Toolbox.build/Objects-normal
    export PKGINFO_FILE_PATH\=/Users/liu/Library/Developer/Xcode/DerivedData/Toolbox-cpgcsujffezisobdihlvfnevadbx/Build/Intermediates.noindex/Toolbox.build/Debug/Toolbox.build/PkgInfo
    export PKGINFO_PATH\=Toolbox.app/Contents/PkgInfo
    export PLATFORM_DEVELOPER_APPLICATIONS_DIR\=/Applications/Xcode.app/Contents/Developer/Applications
    export PLATFORM_DEVELOPER_BIN_DIR\=/Applications/Xcode.app/Contents/Developer/usr/bin
    export PLATFORM_DEVELOPER_LIBRARY_DIR\=/Applications/Xcode.app/Contents/Developer/Library
    export PLATFORM_DEVELOPER_SDK_DIR\=/Applications/Xcode.app/Contents/Developer/Platforms/MacOSX.platform/Developer/SDKs
    export PLATFORM_DEVELOPER_TOOLS_DIR\=/Applications/Xcode.app/Contents/Developer/Tools
    export PLATFORM_DEVELOPER_USR_DIR\=/Applications/Xcode.app/Contents/Developer/usr
    export PLATFORM_DIR\=/Applications/Xcode.app/Contents/Developer/Platforms/MacOSX.platform
    export PLATFORM_DISPLAY_NAME\=macOS
    export PLATFORM_FAMILY_NAME\=macOS
    export PLATFORM_NAME\=macosx
    export PLATFORM_PREFERRED_ARCH\=x86_64
    export PLATFORM_PRODUCT_BUILD_VERSION\=14C18
    export PLIST_FILE_OUTPUT_FORMAT\=same-as-input
    export PLUGINS_FOLDER_PATH\=Toolbox.app/Contents/PlugIns
    export PRECOMPS_INCLUDE_HEADERS_FROM_BUILT_PRODUCTS_DIR\=YES
    export PRECOMP_DESTINATION_DIR\=/Users/liu/Library/Developer/Xcode/DerivedData/Toolbox-cpgcsujffezisobdihlvfnevadbx/Build/Intermediates.noindex/Toolbox.build/Debug/Toolbox.build/PrefixHeaders
    export PRESERVE_DEAD_CODE_INITS_AND_TERMS\=NO
    export PRIVATE_HEADERS_FOLDER_PATH\=Toolbox.app/Contents/PrivateHeaders
    export PRODUCT_BUNDLE_IDENTIFIER\=local.liu.Toolbox
    export PRODUCT_BUNDLE_PACKAGE_TYPE\=APPL
    export PRODUCT_MODULE_NAME\=Toolbox
    export PRODUCT_NAME\=Toolbox
    export PRODUCT_SETTINGS_PATH\=
    export PRODUCT_TYPE\=com.apple.product-type.application
    export PROFILING_CODE\=NO
    export PROJECT\=Toolbox
    export PROJECT_DERIVED_FILE_DIR\=/Users/liu/Library/Developer/Xcode/DerivedData/Toolbox-cpgcsujffezisobdihlvfnevadbx/Build/Intermediates.noindex/Toolbox.build/DerivedSources
    export PROJECT_DIR\=/Users/liu/Desktop/develop/Toolbox
    export PROJECT_FILE_PATH\=/Users/liu/Desktop/develop/Toolbox/Toolbox.xcodeproj
    export PROJECT_NAME\=Toolbox
    export PROJECT_TEMP_DIR\=/Users/liu/Library/Developer/Xcode/DerivedData/Toolbox-cpgcsujffezisobdihlvfnevadbx/Build/Intermediates.noindex/Toolbox.build
    export PROJECT_TEMP_ROOT\=/Users/liu/Library/Developer/Xcode/DerivedData/Toolbox-cpgcsujffezisobdihlvfnevadbx/Build/Intermediates.noindex
    export PROVISIONING_PROFILE_REQUIRED\=NO
    export PROVISIONING_PROFILE_REQUIRED_YES_YES\=YES
    export PROVISIONING_PROFILE_SUPPORTED\=YES
    export PUBLIC_HEADERS_FOLDER_PATH\=Toolbox.app/Contents/Headers
    export RECOMMENDED_MACOSX_DEPLOYMENT_TARGET\=10.14.6
    export RECURSIVE_SEARCH_PATHS_FOLLOW_SYMLINKS\=YES
    export REMOVE_CVS_FROM_RESOURCES\=YES
    export REMOVE_GIT_FROM_RESOURCES\=YES
    export REMOVE_HEADERS_FROM_EMBEDDED_BUNDLES\=YES
    export REMOVE_HG_FROM_RESOURCES\=YES
    export REMOVE_SVN_FROM_RESOURCES\=YES
    export REZ_COLLECTOR_DIR\=/Users/liu/Library/Developer/Xcode/DerivedData/Toolbox-cpgcsujffezisobdihlvfnevadbx/Build/Intermediates.noindex/Toolbox.build/Debug/Toolbox.build/ResourceManagerResources
    export REZ_OBJECTS_DIR\=/Users/liu/Library/Developer/Xcode/DerivedData/Toolbox-cpgcsujffezisobdihlvfnevadbx/Build/Intermediates.noindex/Toolbox.build/Debug/Toolbox.build/ResourceManagerResources/Objects
    export REZ_SEARCH_PATHS\=/Users/liu/Library/Developer/Xcode/DerivedData/Toolbox-cpgcsujffezisobdihlvfnevadbx/Build/Products/Debug\ 
    export SCAN_ALL_SOURCE_FILES_FOR_INCLUDES\=NO
    export SCRIPTS_FOLDER_PATH\=Toolbox.app/Contents/Resources/Scripts
    export SCRIPT_INPUT_FILE_0\=/Users/liu/Desktop/develop/Toolbox/Toolbox/Resources/Binaries/check_main_pkg.zip
    export SCRIPT_INPUT_FILE_COUNT\=1
    export SCRIPT_INPUT_FILE_LIST_COUNT\=0
    export SCRIPT_OUTPUT_FILE_0\=/Users/liu/Desktop/develop/Toolbox/Toolbox/Resources/Binaries/check_main_pkg/check_main_bin
    export SCRIPT_OUTPUT_FILE_COUNT\=1
    export SCRIPT_OUTPUT_FILE_LIST_COUNT\=0
    export SDKROOT\=/Applications/Xcode.app/Contents/Developer/Platforms/MacOSX.platform/Developer/SDKs/MacOSX13.1.sdk
    export SDK_DIR\=/Applications/Xcode.app/Contents/Developer/Platforms/MacOSX.platform/Developer/SDKs/MacOSX13.1.sdk
    export SDK_DIR_macosx\=/Applications/Xcode.app/Contents/Developer/Platforms/MacOSX.platform/Developer/SDKs/MacOSX13.1.sdk
    export SDK_DIR_macosx13_1\=/Applications/Xcode.app/Contents/Developer/Platforms/MacOSX.platform/Developer/SDKs/MacOSX13.1.sdk
    export SDK_NAME\=macosx13.1
    export SDK_NAMES\=macosx13.1
    export SDK_PRODUCT_BUILD_VERSION\=22C55
    export SDK_VERSION\=13.1
    export SDK_VERSION_ACTUAL\=130100
    export SDK_VERSION_MAJOR\=130000
    export SDK_VERSION_MINOR\=130100
    export SED\=/usr/bin/sed
    export SEPARATE_STRIP\=NO
    export SEPARATE_SYMBOL_EDIT\=NO
    export SET_DIR_MODE_OWNER_GROUP\=YES
    export SET_FILE_MODE_OWNER_GROUP\=NO
    export SHALLOW_BUNDLE\=NO
    export SHALLOW_BUNDLE_PLATFORM\=NO
    export SHALLOW_BUNDLE_TRIPLE\=macos
    export SHALLOW_BUNDLE_ios_macabi\=NO
    export SHALLOW_BUNDLE_macos\=NO
    export SHARED_DERIVED_FILE_DIR\=/Users/liu/Library/Developer/Xcode/DerivedData/Toolbox-cpgcsujffezisobdihlvfnevadbx/Build/Products/Debug/DerivedSources
    export SHARED_FRAMEWORKS_FOLDER_PATH\=Toolbox.app/Contents/SharedFrameworks
    export SHARED_PRECOMPS_DIR\=/Users/liu/Library/Developer/Xcode/DerivedData/Toolbox-cpgcsujffezisobdihlvfnevadbx/Build/Intermediates.noindex/PrecompiledHeaders
    export SHARED_SUPPORT_FOLDER_PATH\=Toolbox.app/Contents/SharedSupport
    export SKIP_INSTALL\=NO
    export SOURCE_ROOT\=/Users/liu/Desktop/develop/Toolbox
    export SRCROOT\=/Users/liu/Desktop/develop/Toolbox
    export STRINGSDATA_DIR\=/Users/liu/Library/Developer/Xcode/DerivedData/Toolbox-cpgcsujffezisobdihlvfnevadbx/Build/Intermediates.noindex/Toolbox.build/Debug/Toolbox.build/Objects-normal/undefined_arch
    export STRINGSDATA_ROOT\=/Users/liu/Library/Developer/Xcode/DerivedData/Toolbox-cpgcsujffezisobdihlvfnevadbx/Build/Intermediates.noindex/Toolbox.build/Debug/Toolbox.build
    export STRINGS_FILE_INFOPLIST_RENAME\=YES
    export STRINGS_FILE_OUTPUT_ENCODING\=UTF-16
    export STRIP_BITCODE_FROM_COPIED_FILES\=NO
    export STRIP_INSTALLED_PRODUCT\=YES
    export STRIP_PNG_TEXT\=NO
    export STRIP_STYLE\=all
    export STRIP_SWIFT_SYMBOLS\=YES
    export SUPPORTED_PLATFORMS\=macosx
    export SUPPORTS_MACCATALYST\=NO
    export SUPPORTS_ON_DEMAND_RESOURCES\=NO
    export SUPPORTS_TEXT_BASED_API\=NO
    export SWIFT_EMIT_LOC_STRINGS\=YES
    export SWIFT_PLATFORM_TARGET_PREFIX\=macos
    export SWIFT_RESPONSE_FILE_PATH_normal_arm64\=/Users/liu/Library/Developer/Xcode/DerivedData/Toolbox-cpgcsujffezisobdihlvfnevadbx/Build/Intermediates.noindex/Toolbox.build/Debug/Toolbox.build/Objects-normal/arm64/Toolbox.SwiftFileList
    export SWIFT_RESPONSE_FILE_PATH_normal_x86_64\=/Users/liu/Library/Developer/Xcode/DerivedData/Toolbox-cpgcsujffezisobdihlvfnevadbx/Build/Intermediates.noindex/Toolbox.build/Debug/Toolbox.build/Objects-normal/x86_64/Toolbox.SwiftFileList
    export SWIFT_VERSION\=5.0
    export SYMROOT\=/Users/liu/Library/Developer/Xcode/DerivedData/Toolbox-cpgcsujffezisobdihlvfnevadbx/Build/Products
    export SYSTEM_ADMIN_APPS_DIR\=/Applications/Utilities
    export SYSTEM_APPS_DIR\=/Applications
    export SYSTEM_CORE_SERVICES_DIR\=/System/Library/CoreServices
    export SYSTEM_DEMOS_DIR\=/Applications/Extras
    export SYSTEM_DEVELOPER_APPS_DIR\=/Applications/Xcode.app/Contents/Developer/Applications
    export SYSTEM_DEVELOPER_BIN_DIR\=/Applications/Xcode.app/Contents/Developer/usr/bin
    export SYSTEM_DEVELOPER_DEMOS_DIR\=/Applications/Xcode.app/Contents/Developer/Applications/Utilities/Built\ Examples
    export SYSTEM_DEVELOPER_DIR\=/Applications/Xcode.app/Contents/Developer
    export SYSTEM_DEVELOPER_DOC_DIR\=/Applications/Xcode.app/Contents/Developer/ADC\ Reference\ Library
    export SYSTEM_DEVELOPER_GRAPHICS_TOOLS_DIR\=/Applications/Xcode.app/Contents/Developer/Applications/Graphics\ Tools
    export SYSTEM_DEVELOPER_JAVA_TOOLS_DIR\=/Applications/Xcode.app/Contents/Developer/Applications/Java\ Tools
    export SYSTEM_DEVELOPER_PERFORMANCE_TOOLS_DIR\=/Applications/Xcode.app/Contents/Developer/Applications/Performance\ Tools
    export SYSTEM_DEVELOPER_RELEASENOTES_DIR\=/Applications/Xcode.app/Contents/Developer/ADC\ Reference\ Library/releasenotes
    export SYSTEM_DEVELOPER_TOOLS\=/Applications/Xcode.app/Contents/Developer/Tools
    export SYSTEM_DEVELOPER_TOOLS_DOC_DIR\=/Applications/Xcode.app/Contents/Developer/ADC\ Reference\ Library/documentation/DeveloperTools
    export SYSTEM_DEVELOPER_TOOLS_RELEASENOTES_DIR\=/Applications/Xcode.app/Contents/Developer/ADC\ Reference\ Library/releasenotes/DeveloperTools
    export SYSTEM_DEVELOPER_USR_DIR\=/Applications/Xcode.app/Contents/Developer/usr
    export SYSTEM_DEVELOPER_UTILITIES_DIR\=/Applications/Xcode.app/Contents/Developer/Applications/Utilities
    export SYSTEM_DEXT_INSTALL_PATH\=/System/Library/DriverExtensions
    export SYSTEM_DOCUMENTATION_DIR\=/Library/Documentation
    export SYSTEM_EXTENSIONS_FOLDER_PATH\=Toolbox.app/Contents/Library/SystemExtensions
    export SYSTEM_EXTENSIONS_FOLDER_PATH_SHALLOW_BUNDLE_NO\=Toolbox.app/Contents/Library/SystemExtensions
    export SYSTEM_EXTENSIONS_FOLDER_PATH_SHALLOW_BUNDLE_YES\=Toolbox.app/Contents/SystemExtensions
    export SYSTEM_KEXT_INSTALL_PATH\=/System/Library/Extensions
    export SYSTEM_LIBRARY_DIR\=/System/Library
    export TAPI_ENABLE_PROJECT_HEADERS\=NO
    export TAPI_VERIFY_MODE\=ErrorsOnly
    export TARGETNAME\=Toolbox
    export TARGET_BUILD_DIR\=/Users/liu/Library/Developer/Xcode/DerivedData/Toolbox-cpgcsujffezisobdihlvfnevadbx/Build/Products/Debug
    export TARGET_NAME\=Toolbox
    export TARGET_TEMP_DIR\=/Users/liu/Library/Developer/Xcode/DerivedData/Toolbox-cpgcsujffezisobdihlvfnevadbx/Build/Intermediates.noindex/Toolbox.build/Debug/Toolbox.build
    export TEMP_DIR\=/Users/liu/Library/Developer/Xcode/DerivedData/Toolbox-cpgcsujffezisobdihlvfnevadbx/Build/Intermediates.noindex/Toolbox.build/Debug/Toolbox.build
    export TEMP_FILES_DIR\=/Users/liu/Library/Developer/Xcode/DerivedData/Toolbox-cpgcsujffezisobdihlvfnevadbx/Build/Intermediates.noindex/Toolbox.build/Debug/Toolbox.build
    export TEMP_FILE_DIR\=/Users/liu/Library/Developer/Xcode/DerivedData/Toolbox-cpgcsujffezisobdihlvfnevadbx/Build/Intermediates.noindex/Toolbox.build/Debug/Toolbox.build
    export TEMP_ROOT\=/Users/liu/Library/Developer/Xcode/DerivedData/Toolbox-cpgcsujffezisobdihlvfnevadbx/Build/Intermediates.noindex
    export TEST_FRAMEWORK_SEARCH_PATHS\=\ /Applications/Xcode.app/Contents/Developer/Platforms/MacOSX.platform/Developer/Library/Frameworks
    export TEST_LIBRARY_SEARCH_PATHS\=\ /Applications/Xcode.app/Contents/Developer/Platforms/MacOSX.platform/Developer/usr/lib
    export TOOLCHAINS\=com.apple.dt.toolchain.XcodeDefault
    export TOOLCHAIN_DIR\=/Applications/Xcode.app/Contents/Developer/Toolchains/XcodeDefault.xctoolchain
    export TREAT_MISSING_BASELINES_AS_TEST_FAILURES\=NO
    export UID\=501
    export UNLOCALIZED_RESOURCES_FOLDER_PATH\=Toolbox.app/Contents/Resources
    export UNLOCALIZED_RESOURCES_FOLDER_PATH_SHALLOW_BUNDLE_NO\=Toolbox.app/Contents/Resources
    export UNLOCALIZED_RESOURCES_FOLDER_PATH_SHALLOW_BUNDLE_YES\=Toolbox.app/Contents
    export UNSTRIPPED_PRODUCT\=NO
    export USER\=liu
    export USER_APPS_DIR\=/Users/liu/Applications
    export USER_LIBRARY_DIR\=/Users/liu/Library
    export USE_DYNAMIC_NO_PIC\=YES
    export USE_HEADERMAP\=YES
    export USE_HEADER_SYMLINKS\=NO
    export USE_LLVM_TARGET_TRIPLES\=YES
    export USE_LLVM_TARGET_TRIPLES_FOR_CLANG\=YES
    export USE_LLVM_TARGET_TRIPLES_FOR_LD\=YES
    export USE_LLVM_TARGET_TRIPLES_FOR_TAPI\=YES
    export VALIDATE_DEVELOPMENT_ASSET_PATHS\=YES_ERROR
    export VALIDATE_PRODUCT\=NO
    export VALID_ARCHS\=arm64\ arm64e\ i386\ x86_64
    export VERBOSE_PBXCP\=NO
    export VERSIONPLIST_PATH\=Toolbox.app/Contents/version.plist
    export VERSION_INFO_BUILDER\=liu
    export VERSION_INFO_FILE\=Toolbox_vers.c
    export VERSION_INFO_STRING\=\"@\(\#\)PROGRAM:Toolbox\ \ PROJECT:Toolbox-1\"
    export WRAPPER_EXTENSION\=app
    export WRAPPER_NAME\=Toolbox.app
    export WRAPPER_SUFFIX\=.app
    export WRAP_ASSET_PACKS_IN_SEPARATE_DIRECTORIES\=NO
    export XCODE_APP_SUPPORT_DIR\=/Applications/Xcode.app/Contents/Developer/Library/Xcode
    export XCODE_PRODUCT_BUILD_VERSION\=14C18
    export XCODE_VERSION_ACTUAL\=1420
    export XCODE_VERSION_MAJOR\=1400
    export XCODE_VERSION_MINOR\=1420
    export XPCSERVICES_FOLDER_PATH\=Toolbox.app/Contents/XPCServices
    export YACC\=yacc
    export _BOOL_\=NO
    export _BOOL_NO\=NO
    export _BOOL_YES\=YES
    export _DEVELOPMENT_TEAM_IS_EMPTY\=YES
    export _IS_EMPTY_\=YES
    export _MACOSX_DEPLOYMENT_TARGET_IS_EMPTY\=NO
    export _WRAPPER_CONTENTS_DIR\=/Contents
    export _WRAPPER_CONTENTS_DIR_SHALLOW_BUNDLE_NO\=/Contents
    export _WRAPPER_PARENT_PATH\=/..
    export _WRAPPER_PARENT_PATH_SHALLOW_BUNDLE_NO\=/..
    export _WRAPPER_RESOURCES_DIR\=/Resources
    export _WRAPPER_RESOURCES_DIR_SHALLOW_BUNDLE_NO\=/Resources
    export __IS_NOT_MACOS\=NO
    export __IS_NOT_MACOS_macosx\=NO
    export __IS_NOT_SIMULATOR\=YES
    export __IS_NOT_SIMULATOR_simulator\=NO
    export arch\=undefined_arch
    export variant\=normal
    /bin/sh -c /Users/liu/Library/Developer/Xcode/DerivedData/Toolbox-cpgcsujffezisobdihlvfnevadbx/Build/Intermediates.noindex/Toolbox.build/Debug/Toolbox.build/Script-A00000000000000000000042.sh
Unpacking check_main_pkg.zip...

CpResource /Users/liu/Library/Developer/Xcode/DerivedData/Toolbox-cpgcsujffezisobdihlvfnevadbx/Build/Products/Debug/Toolbox.app/Contents/Resources/Help /Users/liu/Desktop/develop/Toolbox/Toolbox/Resources/Help (in target 'Toolbox' from project 'Toolbox')
    cd /Users/liu/Desktop/develop/Toolbox
    builtin-copy -exclude .DS_Store -exclude CVS -exclude .svn -exclude .git -exclude .hg -resolve-src-symlinks /Users/liu/Desktop/develop/Toolbox/Toolbox/Resources/Help /Users/liu/Library/Developer/Xcode/DerivedData/Toolbox-cpgcsujffezisobdihlvfnevadbx/Build/Products/Debug/Toolbox.app/Contents/Resources

CpResource /Users/liu/Library/Developer/Xcode/DerivedData/Toolbox-cpgcsujffezisobdihlvfnevadbx/Build/Products/Debug/Toolbox.app/Contents/Resources/tool_config.json /Users/liu/Desktop/develop/Toolbox/Toolbox/Resources/tool_config.json (in target 'Toolbox' from project 'Toolbox')
    cd /Users/liu/Desktop/develop/Toolbox
    builtin-copy -exclude .DS_Store -exclude CVS -exclude .svn -exclude .git -exclude .hg -resolve-src-symlinks /Users/liu/Desktop/develop/Toolbox/Toolbox/Resources/tool_config.json /Users/liu/Library/Developer/Xcode/DerivedData/Toolbox-cpgcsujffezisobdihlvfnevadbx/Build/Products/Debug/Toolbox.app/Contents/Resources

CpResource /Users/liu/Library/Developer/Xcode/DerivedData/Toolbox-cpgcsujffezisobdihlvfnevadbx/Build/Products/Debug/Toolbox.app/Contents/Resources/Scripts /Users/liu/Desktop/develop/Toolbox/Toolbox/Resources/Scripts (in target 'Toolbox' from project 'Toolbox')
    cd /Users/liu/Desktop/develop/Toolbox
    builtin-copy -exclude .DS_Store -exclude CVS -exclude .svn -exclude .git -exclude .hg -resolve-src-symlinks /Users/liu/Desktop/develop/Toolbox/Toolbox/Resources/Scripts /Users/liu/Library/Developer/Xcode/DerivedData/Toolbox-cpgcsujffezisobdihlvfnevadbx/Build/Products/Debug/Toolbox.app/Contents/Resources

CpResource /Users/liu/Library/Developer/Xcode/DerivedData/Toolbox-cpgcsujffezisobdihlvfnevadbx/Build/Products/Debug/Toolbox.app/Contents/Resources/Configs /Users/liu/Desktop/develop/Toolbox/Toolbox/Resources/Configs (in target 'Toolbox' from project 'Toolbox')
    cd /Users/liu/Desktop/develop/Toolbox
    builtin-copy -exclude .DS_Store -exclude CVS -exclude .svn -exclude .git -exclude .hg -resolve-src-symlinks /Users/liu/Desktop/develop/Toolbox/Toolbox/Resources/Configs /Users/liu/Library/Developer/Xcode/DerivedData/Toolbox-cpgcsujffezisobdihlvfnevadbx/Build/Products/Debug/Toolbox.app/Contents/Resources

CompileAssetCatalog /Users/liu/Library/Developer/Xcode/DerivedData/Toolbox-cpgcsujffezisobdihlvfnevadbx/Build/Products/Debug/Toolbox.app/Contents/Resources /Users/liu/Desktop/develop/Toolbox/Toolbox/Resources/Assets.xcassets /Users/liu/Desktop/develop/Toolbox/Toolbox/Resources/Preview\ Content/Preview\ Assets.xcassets (in target 'Toolbox' from project 'Toolbox')
    cd /Users/liu/Desktop/develop/Toolbox
    /Applications/Xcode.app/Contents/Developer/usr/bin/actool --output-format human-readable-text --notices --warnings --export-dependency-info /Users/liu/Library/Developer/Xcode/DerivedData/Toolbox-cpgcsujffezisobdihlvfnevadbx/Build/Intermediates.noindex/Toolbox.build/Debug/Toolbox.build/assetcatalog_dependencies --output-partial-info-plist /Users/liu/Library/Developer/Xcode/DerivedData/Toolbox-cpgcsujffezisobdihlvfnevadbx/Build/Intermediates.noindex/Toolbox.build/Debug/Toolbox.build/assetcatalog_generated_info.plist --app-icon AppIcon --enable-on-demand-resources NO --development-region en --target-device mac --minimum-deployment-target 12.3 --platform macosx --compile /Users/liu/Library/Developer/Xcode/DerivedData/Toolbox-cpgcsujffezisobdihlvfnevadbx/Build/Products/Debug/Toolbox.app/Contents/Resources /Users/liu/Desktop/develop/Toolbox/Toolbox/Resources/Assets.xcassets /Users/liu/Desktop/develop/Toolbox/Toolbox/Resources/Preview\ Content/Preview\ Assets.xcassets
2026-05-12 22:35:34.123 ibtoold[1323:15882] NSFileCoordinator is doing nothing.
/* com.apple.actool.compilation-results */
/Users/liu/Library/Developer/Xcode/DerivedData/Toolbox-cpgcsujffezisobdihlvfnevadbx/Build/Intermediates.noindex/Toolbox.build/Debug/Toolbox.build/assetcatalog_generated_info.plist
/Users/liu/Library/Developer/Xcode/DerivedData/Toolbox-cpgcsujffezisobdihlvfnevadbx/Build/Products/Debug/Toolbox.app/Contents/Resources/AppIcon.icns
/Users/liu/Library/Developer/Xcode/DerivedData/Toolbox-cpgcsujffezisobdihlvfnevadbx/Build/Products/Debug/Toolbox.app/Contents/Resources/Assets.car


SwiftDriver Toolbox normal x86_64 com.apple.xcode.tools.swift.compiler (in target 'Toolbox' from project 'Toolbox')
    cd /Users/liu/Desktop/develop/Toolbox
    builtin-SwiftDriver -- /Applications/Xcode.app/Contents/Developer/Toolchains/XcodeDefault.xctoolchain/usr/bin/swiftc -module-name Toolbox -O -enforce-exclusivity\=checked @/Users/liu/Library/Developer/Xcode/DerivedData/Toolbox-cpgcsujffezisobdihlvfnevadbx/Build/Intermediates.noindex/Toolbox.build/Debug/Toolbox.build/Objects-normal/x86_64/Toolbox.SwiftFileList -sdk /Applications/Xcode.app/Contents/Developer/Platforms/MacOSX.platform/Developer/SDKs/MacOSX13.1.sdk -target x86_64-apple-macos12.3 -enable-bare-slash-regex -g -module-cache-path /Users/liu/Library/Developer/Xcode/DerivedData/ModuleCache.noindex -Xfrontend -serialize-debugging-options -swift-version 5 -I /Users/liu/Library/Developer/Xcode/DerivedData/Toolbox-cpgcsujffezisobdihlvfnevadbx/Build/Products/Debug -F /Users/liu/Library/Developer/Xcode/DerivedData/Toolbox-cpgcsujffezisobdihlvfnevadbx/Build/Products/Debug -emit-localized-strings -emit-localized-strings-path /Users/liu/Library/Developer/Xcode/DerivedData/Toolbox-cpgcsujffezisobdihlvfnevadbx/Build/Intermediates.noindex/Toolbox.build/Debug/Toolbox.build/Objects-normal/x86_64 -c -j20 -enable-batch-mode -incremental -output-file-map /Users/liu/Library/Developer/Xcode/DerivedData/Toolbox-cpgcsujffezisobdihlvfnevadbx/Build/Intermediates.noindex/Toolbox.build/Debug/Toolbox.build/Objects-normal/x86_64/Toolbox-OutputFileMap.json -use-frontend-parseable-output -save-temps -no-color-diagnostics -serialize-diagnostics -emit-dependencies -emit-module -emit-module-path /Users/liu/Library/Developer/Xcode/DerivedData/Toolbox-cpgcsujffezisobdihlvfnevadbx/Build/Intermediates.noindex/Toolbox.build/Debug/Toolbox.build/Objects-normal/x86_64/Toolbox.swiftmodule -Xcc -I/Users/liu/Library/Developer/Xcode/DerivedData/Toolbox-cpgcsujffezisobdihlvfnevadbx/Build/Intermediates.noindex/Toolbox.build/Debug/Toolbox.build/swift-overrides.hmap -Xcc -iquote -Xcc /Users/liu/Library/Developer/Xcode/DerivedData/Toolbox-cpgcsujffezisobdihlvfnevadbx/Build/Intermediates.noindex/Toolbox.build/Debug/Toolbox.build/Toolbox-generated-files.hmap -Xcc -I/Users/liu/Library/Developer/Xcode/DerivedData/Toolbox-cpgcsujffezisobdihlvfnevadbx/Build/Intermediates.noindex/Toolbox.build/Debug/Toolbox.build/Toolbox-own-target-headers.hmap -Xcc -I/Users/liu/Library/Developer/Xcode/DerivedData/Toolbox-cpgcsujffezisobdihlvfnevadbx/Build/Intermediates.noindex/Toolbox.build/Debug/Toolbox.build/Toolbox-all-target-headers.hmap -Xcc -iquote -Xcc /Users/liu/Library/Developer/Xcode/DerivedData/Toolbox-cpgcsujffezisobdihlvfnevadbx/Build/Intermediates.noindex/Toolbox.build/Debug/Toolbox.build/Toolbox-project-headers.hmap -Xcc -I/Users/liu/Library/Developer/Xcode/DerivedData/Toolbox-cpgcsujffezisobdihlvfnevadbx/Build/Products/Debug/include -Xcc -I/Users/liu/Library/Developer/Xcode/DerivedData/Toolbox-cpgcsujffezisobdihlvfnevadbx/Build/Intermediates.noindex/Toolbox.build/Debug/Toolbox.build/DerivedSources-normal/x86_64 -Xcc -I/Users/liu/Library/Developer/Xcode/DerivedData/Toolbox-cpgcsujffezisobdihlvfnevadbx/Build/Intermediates.noindex/Toolbox.build/Debug/Toolbox.build/DerivedSources/x86_64 -Xcc -I/Users/liu/Library/Developer/Xcode/DerivedData/Toolbox-cpgcsujffezisobdihlvfnevadbx/Build/Intermediates.noindex/Toolbox.build/Debug/Toolbox.build/DerivedSources -emit-objc-header -emit-objc-header-path /Users/liu/Library/Developer/Xcode/DerivedData/Toolbox-cpgcsujffezisobdihlvfnevadbx/Build/Intermediates.noindex/Toolbox.build/Debug/Toolbox.build/Objects-normal/x86_64/Toolbox-Swift.h -working-directory /Users/liu/Desktop/develop/Toolbox -experimental-emit-module-separately

SwiftDriver Toolbox normal arm64 com.apple.xcode.tools.swift.compiler (in target 'Toolbox' from project 'Toolbox')
    cd /Users/liu/Desktop/develop/Toolbox
    builtin-SwiftDriver -- /Applications/Xcode.app/Contents/Developer/Toolchains/XcodeDefault.xctoolchain/usr/bin/swiftc -module-name Toolbox -O -enforce-exclusivity\=checked @/Users/liu/Library/Developer/Xcode/DerivedData/Toolbox-cpgcsujffezisobdihlvfnevadbx/Build/Intermediates.noindex/Toolbox.build/Debug/Toolbox.build/Objects-normal/arm64/Toolbox.SwiftFileList -sdk /Applications/Xcode.app/Contents/Developer/Platforms/MacOSX.platform/Developer/SDKs/MacOSX13.1.sdk -target arm64-apple-macos12.3 -enable-bare-slash-regex -g -module-cache-path /Users/liu/Library/Developer/Xcode/DerivedData/ModuleCache.noindex -Xfrontend -serialize-debugging-options -swift-version 5 -I /Users/liu/Library/Developer/Xcode/DerivedData/Toolbox-cpgcsujffezisobdihlvfnevadbx/Build/Products/Debug -F /Users/liu/Library/Developer/Xcode/DerivedData/Toolbox-cpgcsujffezisobdihlvfnevadbx/Build/Products/Debug -emit-localized-strings -emit-localized-strings-path /Users/liu/Library/Developer/Xcode/DerivedData/Toolbox-cpgcsujffezisobdihlvfnevadbx/Build/Intermediates.noindex/Toolbox.build/Debug/Toolbox.build/Objects-normal/arm64 -c -j20 -enable-batch-mode -incremental -output-file-map /Users/liu/Library/Developer/Xcode/DerivedData/Toolbox-cpgcsujffezisobdihlvfnevadbx/Build/Intermediates.noindex/Toolbox.build/Debug/Toolbox.build/Objects-normal/arm64/Toolbox-OutputFileMap.json -use-frontend-parseable-output -save-temps -no-color-diagnostics -serialize-diagnostics -emit-dependencies -emit-module -emit-module-path /Users/liu/Library/Developer/Xcode/DerivedData/Toolbox-cpgcsujffezisobdihlvfnevadbx/Build/Intermediates.noindex/Toolbox.build/Debug/Toolbox.build/Objects-normal/arm64/Toolbox.swiftmodule -Xcc -I/Users/liu/Library/Developer/Xcode/DerivedData/Toolbox-cpgcsujffezisobdihlvfnevadbx/Build/Intermediates.noindex/Toolbox.build/Debug/Toolbox.build/swift-overrides.hmap -Xcc -iquote -Xcc /Users/liu/Library/Developer/Xcode/DerivedData/Toolbox-cpgcsujffezisobdihlvfnevadbx/Build/Intermediates.noindex/Toolbox.build/Debug/Toolbox.build/Toolbox-generated-files.hmap -Xcc -I/Users/liu/Library/Developer/Xcode/DerivedData/Toolbox-cpgcsujffezisobdihlvfnevadbx/Build/Intermediates.noindex/Toolbox.build/Debug/Toolbox.build/Toolbox-own-target-headers.hmap -Xcc -I/Users/liu/Library/Developer/Xcode/DerivedData/Toolbox-cpgcsujffezisobdihlvfnevadbx/Build/Intermediates.noindex/Toolbox.build/Debug/Toolbox.build/Toolbox-all-target-headers.hmap -Xcc -iquote -Xcc /Users/liu/Library/Developer/Xcode/DerivedData/Toolbox-cpgcsujffezisobdihlvfnevadbx/Build/Intermediates.noindex/Toolbox.build/Debug/Toolbox.build/Toolbox-project-headers.hmap -Xcc -I/Users/liu/Library/Developer/Xcode/DerivedData/Toolbox-cpgcsujffezisobdihlvfnevadbx/Build/Products/Debug/include -Xcc -I/Users/liu/Library/Developer/Xcode/DerivedData/Toolbox-cpgcsujffezisobdihlvfnevadbx/Build/Intermediates.noindex/Toolbox.build/Debug/Toolbox.build/DerivedSources-normal/arm64 -Xcc -I/Users/liu/Library/Developer/Xcode/DerivedData/Toolbox-cpgcsujffezisobdihlvfnevadbx/Build/Intermediates.noindex/Toolbox.build/Debug/Toolbox.build/DerivedSources/arm64 -Xcc -I/Users/liu/Library/Developer/Xcode/DerivedData/Toolbox-cpgcsujffezisobdihlvfnevadbx/Build/Intermediates.noindex/Toolbox.build/Debug/Toolbox.build/DerivedSources -emit-objc-header -emit-objc-header-path /Users/liu/Library/Developer/Xcode/DerivedData/Toolbox-cpgcsujffezisobdihlvfnevadbx/Build/Intermediates.noindex/Toolbox.build/Debug/Toolbox.build/Objects-normal/arm64/Toolbox-Swift.h -working-directory /Users/liu/Desktop/develop/Toolbox -experimental-emit-module-separately

CpResource /Users/liu/Library/Developer/Xcode/DerivedData/Toolbox-cpgcsujffezisobdihlvfnevadbx/Build/Products/Debug/Toolbox.app/Contents/Resources/Binaries /Users/liu/Desktop/develop/Toolbox/Toolbox/Resources/Binaries (in target 'Toolbox' from project 'Toolbox')
    cd /Users/liu/Desktop/develop/Toolbox
    builtin-copy -exclude .DS_Store -exclude CVS -exclude .svn -exclude .git -exclude .hg -resolve-src-symlinks /Users/liu/Desktop/develop/Toolbox/Toolbox/Resources/Binaries /Users/liu/Library/Developer/Xcode/DerivedData/Toolbox-cpgcsujffezisobdihlvfnevadbx/Build/Products/Debug/Toolbox.app/Contents/Resources

SwiftEmitModule normal arm64 Emitting\ module\ for\ Toolbox (in target 'Toolbox' from project 'Toolbox')
    cd /Users/liu/Desktop/develop/Toolbox
    builtin-swiftTaskExecution -- /Applications/Xcode.app/Contents/Developer/Toolchains/XcodeDefault.xctoolchain/usr/bin/swift-frontend -frontend -emit-module -experimental-skip-non-inlinable-function-bodies-without-types /Users/liu/Desktop/develop/Toolbox/Toolbox/ToolboxApp.swift /Users/liu/Desktop/develop/Toolbox/Toolbox/Views/ContentView.swift /Users/liu/Desktop/develop/Toolbox/Toolbox/Models/ScriptTool.swift /Users/liu/Desktop/develop/Toolbox/Toolbox/ViewModels/RootViewModel.swift /Users/liu/Desktop/develop/Toolbox/Toolbox/Views/AppKitTextViews.swift /Users/liu/Desktop/develop/Toolbox/Toolbox/Views/SidebarView.swift /Users/liu/Desktop/develop/Toolbox/Toolbox/Views/TextInputPane.swift /Users/liu/Desktop/develop/Toolbox/Toolbox/Views/TerminalPaneView.swift /Users/liu/Desktop/develop/Toolbox/Toolbox/Services/PTYTerminalService.swift /Users/liu/Desktop/develop/Toolbox/Toolbox/Services/ToolFileStore.swift /Users/liu/Desktop/develop/Toolbox/Toolbox/Services/PTYProcess.swift /Users/liu/Desktop/develop/Toolbox/Toolbox/Views/FileRenamerPane.swift /Users/liu/Desktop/develop/Toolbox/Toolbox/Views/WeeklyCheckPane.swift -target arm64-apple-macos12.3 -Xllvm -aarch64-use-tbi -enable-objc-interop -stack-check -sdk /Applications/Xcode.app/Contents/Developer/Platforms/MacOSX.platform/Developer/SDKs/MacOSX13.1.sdk -I /Users/liu/Library/Developer/Xcode/DerivedData/Toolbox-cpgcsujffezisobdihlvfnevadbx/Build/Products/Debug -F /Users/liu/Library/Developer/Xcode/DerivedData/Toolbox-cpgcsujffezisobdihlvfnevadbx/Build/Products/Debug -no-color-diagnostics -g -module-cache-path /Users/liu/Library/Developer/Xcode/DerivedData/ModuleCache.noindex -swift-version 5 -enforce-exclusivity\=checked -O -serialize-debugging-options -enable-bare-slash-regex -empty-abi-descriptor -Xcc -working-directory -Xcc /Users/liu/Desktop/develop/Toolbox -resource-dir /Applications/Xcode.app/Contents/Developer/Toolchains/XcodeDefault.xctoolchain/usr/lib/swift -Xcc -I/Users/liu/Library/Developer/Xcode/DerivedData/Toolbox-cpgcsujffezisobdihlvfnevadbx/Build/Intermediates.noindex/Toolbox.build/Debug/Toolbox.build/swift-overrides.hmap -Xcc -iquote -Xcc /Users/liu/Library/Developer/Xcode/DerivedData/Toolbox-cpgcsujffezisobdihlvfnevadbx/Build/Intermediates.noindex/Toolbox.build/Debug/Toolbox.build/Toolbox-generated-files.hmap -Xcc -I/Users/liu/Library/Developer/Xcode/DerivedData/Toolbox-cpgcsujffezisobdihlvfnevadbx/Build/Intermediates.noindex/Toolbox.build/Debug/Toolbox.build/Toolbox-own-target-headers.hmap -Xcc -I/Users/liu/Library/Developer/Xcode/DerivedData/Toolbox-cpgcsujffezisobdihlvfnevadbx/Build/Intermediates.noindex/Toolbox.build/Debug/Toolbox.build/Toolbox-all-target-headers.hmap -Xcc -iquote -Xcc /Users/liu/Library/Developer/Xcode/DerivedData/Toolbox-cpgcsujffezisobdihlvfnevadbx/Build/Intermediates.noindex/Toolbox.build/Debug/Toolbox.build/Toolbox-project-headers.hmap -Xcc -I/Users/liu/Library/Developer/Xcode/DerivedData/Toolbox-cpgcsujffezisobdihlvfnevadbx/Build/Products/Debug/include -Xcc -I/Users/liu/Library/Developer/Xcode/DerivedData/Toolbox-cpgcsujffezisobdihlvfnevadbx/Build/Intermediates.noindex/Toolbox.build/Debug/Toolbox.build/DerivedSources-normal/arm64 -Xcc -I/Users/liu/Library/Developer/Xcode/DerivedData/Toolbox-cpgcsujffezisobdihlvfnevadbx/Build/Intermediates.noindex/Toolbox.build/Debug/Toolbox.build/DerivedSources/arm64 -Xcc -I/Users/liu/Library/Developer/Xcode/DerivedData/Toolbox-cpgcsujffezisobdihlvfnevadbx/Build/Intermediates.noindex/Toolbox.build/Debug/Toolbox.build/DerivedSources -module-name Toolbox -disable-clang-spi -target-sdk-version 13.1 -emit-module-doc-path /Users/liu/Library/Developer/Xcode/DerivedData/Toolbox-cpgcsujffezisobdihlvfnevadbx/Build/Intermediates.noindex/Toolbox.build/Debug/Toolbox.build/Objects-normal/arm64/Toolbox.swiftdoc -emit-module-source-info-path /Users/liu/Library/Developer/Xcode/DerivedData/Toolbox-cpgcsujffezisobdihlvfnevadbx/Build/Intermediates.noindex/Toolbox.build/Debug/Toolbox.build/Objects-normal/arm64/Toolbox.swiftsourceinfo -emit-objc-header-path /Users/liu/Library/Developer/Xcode/DerivedData/Toolbox-cpgcsujffezisobdihlvfnevadbx/Build/Intermediates.noindex/Toolbox.build/Debug/Toolbox.build/Objects-normal/arm64/Toolbox-Swift.h -serialize-diagnostics-path /Users/liu/Library/Developer/Xcode/DerivedData/Toolbox-cpgcsujffezisobdihlvfnevadbx/Build/Intermediates.noindex/Toolbox.build/Debug/Toolbox.build/Objects-normal/arm64/Toolbox-master-emit-module.dia -emit-dependencies-path /Users/liu/Library/Developer/Xcode/DerivedData/Toolbox-cpgcsujffezisobdihlvfnevadbx/Build/Intermediates.noindex/Toolbox.build/Debug/Toolbox.build/Objects-normal/arm64/Toolbox-master-emit-module.d -o /Users/liu/Library/Developer/Xcode/DerivedData/Toolbox-cpgcsujffezisobdihlvfnevadbx/Build/Intermediates.noindex/Toolbox.build/Debug/Toolbox.build/Objects-normal/arm64/Toolbox.swiftmodule -emit-abi-descriptor-path /Users/liu/Library/Developer/Xcode/DerivedData/Toolbox-cpgcsujffezisobdihlvfnevadbx/Build/Intermediates.noindex/Toolbox.build/Debug/Toolbox.build/Objects-normal/arm64/Toolbox.abi.json

SwiftCompile normal arm64 Compiling\ TerminalPaneView.swift /Users/liu/Desktop/develop/Toolbox/Toolbox/Views/TerminalPaneView.swift (in target 'Toolbox' from project 'Toolbox')
    cd /Users/liu/Desktop/develop/Toolbox
    builtin-swiftTaskExecution -- /Applications/Xcode.app/Contents/Developer/Toolchains/XcodeDefault.xctoolchain/usr/bin/swift-frontend -frontend -c /Users/liu/Desktop/develop/Toolbox/Toolbox/ToolboxApp.swift /Users/liu/Desktop/develop/Toolbox/Toolbox/Views/ContentView.swift /Users/liu/Desktop/develop/Toolbox/Toolbox/Models/ScriptTool.swift /Users/liu/Desktop/develop/Toolbox/Toolbox/ViewModels/RootViewModel.swift /Users/liu/Desktop/develop/Toolbox/Toolbox/Views/AppKitTextViews.swift /Users/liu/Desktop/develop/Toolbox/Toolbox/Views/SidebarView.swift /Users/liu/Desktop/develop/Toolbox/Toolbox/Views/TextInputPane.swift -primary-file /Users/liu/Desktop/develop/Toolbox/Toolbox/Views/TerminalPaneView.swift /Users/liu/Desktop/develop/Toolbox/Toolbox/Services/PTYTerminalService.swift /Users/liu/Desktop/develop/Toolbox/Toolbox/Services/ToolFileStore.swift /Users/liu/Desktop/develop/Toolbox/Toolbox/Services/PTYProcess.swift /Users/liu/Desktop/develop/Toolbox/Toolbox/Views/FileRenamerPane.swift /Users/liu/Desktop/develop/Toolbox/Toolbox/Views/WeeklyCheckPane.swift -emit-dependencies-path /Users/liu/Library/Developer/Xcode/DerivedData/Toolbox-cpgcsujffezisobdihlvfnevadbx/Build/Intermediates.noindex/Toolbox.build/Debug/Toolbox.build/Objects-normal/arm64/TerminalPaneView.d -emit-reference-dependencies-path /Users/liu/Library/Developer/Xcode/DerivedData/Toolbox-cpgcsujffezisobdihlvfnevadbx/Build/Intermediates.noindex/Toolbox.build/Debug/Toolbox.build/Objects-normal/arm64/TerminalPaneView.swiftdeps -serialize-diagnostics-path /Users/liu/Library/Developer/Xcode/DerivedData/Toolbox-cpgcsujffezisobdihlvfnevadbx/Build/Intermediates.noindex/Toolbox.build/Debug/Toolbox.build/Objects-normal/arm64/TerminalPaneView.dia -emit-localized-strings -emit-localized-strings-path /Users/liu/Library/Developer/Xcode/DerivedData/Toolbox-cpgcsujffezisobdihlvfnevadbx/Build/Intermediates.noindex/Toolbox.build/Debug/Toolbox.build/Objects-normal/arm64 -target arm64-apple-macos12.3 -Xllvm -aarch64-use-tbi -enable-objc-interop -stack-check -sdk /Applications/Xcode.app/Contents/Developer/Platforms/MacOSX.platform/Developer/SDKs/MacOSX13.1.sdk -I /Users/liu/Library/Developer/Xcode/DerivedData/Toolbox-cpgcsujffezisobdihlvfnevadbx/Build/Products/Debug -F /Users/liu/Library/Developer/Xcode/DerivedData/Toolbox-cpgcsujffezisobdihlvfnevadbx/Build/Products/Debug -no-color-diagnostics -g -module-cache-path /Users/liu/Library/Developer/Xcode/DerivedData/ModuleCache.noindex -swift-version 5 -enforce-exclusivity\=checked -O -serialize-debugging-options -enable-bare-slash-regex -empty-abi-descriptor -Xcc -working-directory -Xcc /Users/liu/Desktop/develop/Toolbox -resource-dir /Applications/Xcode.app/Contents/Developer/Toolchains/XcodeDefault.xctoolchain/usr/lib/swift -Xcc -I/Users/liu/Library/Developer/Xcode/DerivedData/Toolbox-cpgcsujffezisobdihlvfnevadbx/Build/Intermediates.noindex/Toolbox.build/Debug/Toolbox.build/swift-overrides.hmap -Xcc -iquote -Xcc /Users/liu/Library/Developer/Xcode/DerivedData/Toolbox-cpgcsujffezisobdihlvfnevadbx/Build/Intermediates.noindex/Toolbox.build/Debug/Toolbox.build/Toolbox-generated-files.hmap -Xcc -I/Users/liu/Library/Developer/Xcode/DerivedData/Toolbox-cpgcsujffezisobdihlvfnevadbx/Build/Intermediates.noindex/Toolbox.build/Debug/Toolbox.build/Toolbox-own-target-headers.hmap -Xcc -I/Users/liu/Library/Developer/Xcode/DerivedData/Toolbox-cpgcsujffezisobdihlvfnevadbx/Build/Intermediates.noindex/Toolbox.build/Debug/Toolbox.build/Toolbox-all-target-headers.hmap -Xcc -iquote -Xcc /Users/liu/Library/Developer/Xcode/DerivedData/Toolbox-cpgcsujffezisobdihlvfnevadbx/Build/Intermediates.noindex/Toolbox.build/Debug/Toolbox.build/Toolbox-project-headers.hmap -Xcc -I/Users/liu/Library/Developer/Xcode/DerivedData/Toolbox-cpgcsujffezisobdihlvfnevadbx/Build/Products/Debug/include -Xcc -I/Users/liu/Library/Developer/Xcode/DerivedData/Toolbox-cpgcsujffezisobdihlvfnevadbx/Build/Intermediates.noindex/Toolbox.build/Debug/Toolbox.build/DerivedSources-normal/arm64 -Xcc -I/Users/liu/Library/Developer/Xcode/DerivedData/Toolbox-cpgcsujffezisobdihlvfnevadbx/Build/Intermediates.noindex/Toolbox.build/Debug/Toolbox.build/DerivedSources/arm64 -Xcc -I/Users/liu/Library/Developer/Xcode/DerivedData/Toolbox-cpgcsujffezisobdihlvfnevadbx/Build/Intermediates.noindex/Toolbox.build/Debug/Toolbox.build/DerivedSources -module-name Toolbox -frontend-parseable-output -disable-clang-spi -target-sdk-version 13.1 -o /Users/liu/Library/Developer/Xcode/DerivedData/Toolbox-cpgcsujffezisobdihlvfnevadbx/Build/Intermediates.noindex/Toolbox.build/Debug/Toolbox.build/Objects-normal/arm64/TerminalPaneView.o -index-unit-output-path /Toolbox.build/Debug/Toolbox.build/Objects-normal/arm64/TerminalPaneView.o

CompileSwift normal arm64 /Users/liu/Desktop/develop/Toolbox/Toolbox/Views/TerminalPaneView.swift (in target 'Toolbox' from project 'Toolbox')
    cd /Users/liu/Desktop/develop/Toolbox
    /Applications/Xcode.app/Contents/Developer/Toolchains/XcodeDefault.xctoolchain/usr/bin/swift-frontend -c /Users/liu/Desktop/develop/Toolbox/Toolbox/ToolboxApp.swift /Users/liu/Desktop/develop/Toolbox/Toolbox/Views/ContentView.swift /Users/liu/Desktop/develop/Toolbox/Toolbox/Models/ScriptTool.swift /Users/liu/Desktop/develop/Toolbox/Toolbox/ViewModels/RootViewModel.swift /Users/liu/Desktop/develop/Toolbox/Toolbox/Views/AppKitTextViews.swift /Users/liu/Desktop/develop/Toolbox/Toolbox/Views/SidebarView.swift /Users/liu/Desktop/develop/Toolbox/Toolbox/Views/TextInputPane.swift -primary-file /Users/liu/Desktop/develop/Toolbox/Toolbox/Views/TerminalPaneView.swift /Users/liu/Desktop/develop/Toolbox/Toolbox/Services/PTYTerminalService.swift /Users/liu/Desktop/develop/Toolbox/Toolbox/Services/ToolFileStore.swift /Users/liu/Desktop/develop/Toolbox/Toolbox/Services/PTYProcess.swift /Users/liu/Desktop/develop/Toolbox/Toolbox/Views/FileRenamerPane.swift /Users/liu/Desktop/develop/Toolbox/Toolbox/Views/WeeklyCheckPane.swift -emit-dependencies-path /Users/liu/Library/Developer/Xcode/DerivedData/Toolbox-cpgcsujffezisobdihlvfnevadbx/Build/Intermediates.noindex/Toolbox.build/Debug/Toolbox.build/Objects-normal/arm64/TerminalPaneView.d -emit-reference-dependencies-path /Users/liu/Library/Developer/Xcode/DerivedData/Toolbox-cpgcsujffezisobdihlvfnevadbx/Build/Intermediates.noindex/Toolbox.build/Debug/Toolbox.build/Objects-normal/arm64/TerminalPaneView.swiftdeps -serialize-diagnostics-path /Users/liu/Library/Developer/Xcode/DerivedData/Toolbox-cpgcsujffezisobdihlvfnevadbx/Build/Intermediates.noindex/Toolbox.build/Debug/Toolbox.build/Objects-normal/arm64/TerminalPaneView.dia -emit-localized-strings -emit-localized-strings-path /Users/liu/Library/Developer/Xcode/DerivedData/Toolbox-cpgcsujffezisobdihlvfnevadbx/Build/Intermediates.noindex/Toolbox.build/Debug/Toolbox.build/Objects-normal/arm64 -target arm64-apple-macos12.3 -Xllvm -aarch64-use-tbi -enable-objc-interop -stack-check -sdk /Applications/Xcode.app/Contents/Developer/Platforms/MacOSX.platform/Developer/SDKs/MacOSX13.1.sdk -I /Users/liu/Library/Developer/Xcode/DerivedData/Toolbox-cpgcsujffezisobdihlvfnevadbx/Build/Products/Debug -F /Users/liu/Library/Developer/Xcode/DerivedData/Toolbox-cpgcsujffezisobdihlvfnevadbx/Build/Products/Debug -no-color-diagnostics -g -module-cache-path /Users/liu/Library/Developer/Xcode/DerivedData/ModuleCache.noindex -swift-version 5 -enforce-exclusivity\=checked -O -serialize-debugging-options -enable-bare-slash-regex -empty-abi-descriptor -Xcc -working-directory -Xcc /Users/liu/Desktop/develop/Toolbox -resource-dir /Applications/Xcode.app/Contents/Developer/Toolchains/XcodeDefault.xctoolchain/usr/lib/swift -Xcc -I/Users/liu/Library/Developer/Xcode/DerivedData/Toolbox-cpgcsujffezisobdihlvfnevadbx/Build/Intermediates.noindex/Toolbox.build/Debug/Toolbox.build/swift-overrides.hmap -Xcc -iquote -Xcc /Users/liu/Library/Developer/Xcode/DerivedData/Toolbox-cpgcsujffezisobdihlvfnevadbx/Build/Intermediates.noindex/Toolbox.build/Debug/Toolbox.build/Toolbox-generated-files.hmap -Xcc -I/Users/liu/Library/Developer/Xcode/DerivedData/Toolbox-cpgcsujffezisobdihlvfnevadbx/Build/Intermediates.noindex/Toolbox.build/Debug/Toolbox.build/Toolbox-own-target-headers.hmap -Xcc -I/Users/liu/Library/Developer/Xcode/DerivedData/Toolbox-cpgcsujffezisobdihlvfnevadbx/Build/Intermediates.noindex/Toolbox.build/Debug/Toolbox.build/Toolbox-all-target-headers.hmap -Xcc -iquote -Xcc /Users/liu/Library/Developer/Xcode/DerivedData/Toolbox-cpgcsujffezisobdihlvfnevadbx/Build/Intermediates.noindex/Toolbox.build/Debug/Toolbox.build/Toolbox-project-headers.hmap -Xcc -I/Users/liu/Library/Developer/Xcode/DerivedData/Toolbox-cpgcsujffezisobdihlvfnevadbx/Build/Products/Debug/include -Xcc -I/Users/liu/Library/Developer/Xcode/DerivedData/Toolbox-cpgcsujffezisobdihlvfnevadbx/Build/Intermediates.noindex/Toolbox.build/Debug/Toolbox.build/DerivedSources-normal/arm64 -Xcc -I/Users/liu/Library/Developer/Xcode/DerivedData/Toolbox-cpgcsujffezisobdihlvfnevadbx/Build/Intermediates.noindex/Toolbox.build/Debug/Toolbox.build/DerivedSources/arm64 -Xcc -I/Users/liu/Library/Developer/Xcode/DerivedData/Toolbox-cpgcsujffezisobdihlvfnevadbx/Build/Intermediates.noindex/Toolbox.build/Debug/Toolbox.build/DerivedSources -module-name Toolbox -frontend-parseable-output -disable-clang-spi -target-sdk-version 13.1 -o /Users/liu/Library/Developer/Xcode/DerivedData/Toolbox-cpgcsujffezisobdihlvfnevadbx/Build/Intermediates.noindex/Toolbox.build/Debug/Toolbox.build/Objects-normal/arm64/TerminalPaneView.o -index-unit-output-path /Toolbox.build/Debug/Toolbox.build/Objects-normal/arm64/TerminalPaneView.o

SwiftCompile normal arm64 Compiling\ TextInputPane.swift /Users/liu/Desktop/develop/Toolbox/Toolbox/Views/TextInputPane.swift (in target 'Toolbox' from project 'Toolbox')
    cd /Users/liu/Desktop/develop/Toolbox
    builtin-swiftTaskExecution -- /Applications/Xcode.app/Contents/Developer/Toolchains/XcodeDefault.xctoolchain/usr/bin/swift-frontend -frontend -c /Users/liu/Desktop/develop/Toolbox/Toolbox/ToolboxApp.swift /Users/liu/Desktop/develop/Toolbox/Toolbox/Views/ContentView.swift /Users/liu/Desktop/develop/Toolbox/Toolbox/Models/ScriptTool.swift /Users/liu/Desktop/develop/Toolbox/Toolbox/ViewModels/RootViewModel.swift /Users/liu/Desktop/develop/Toolbox/Toolbox/Views/AppKitTextViews.swift /Users/liu/Desktop/develop/Toolbox/Toolbox/Views/SidebarView.swift -primary-file /Users/liu/Desktop/develop/Toolbox/Toolbox/Views/TextInputPane.swift /Users/liu/Desktop/develop/Toolbox/Toolbox/Views/TerminalPaneView.swift /Users/liu/Desktop/develop/Toolbox/Toolbox/Services/PTYTerminalService.swift /Users/liu/Desktop/develop/Toolbox/Toolbox/Services/ToolFileStore.swift /Users/liu/Desktop/develop/Toolbox/Toolbox/Services/PTYProcess.swift /Users/liu/Desktop/develop/Toolbox/Toolbox/Views/FileRenamerPane.swift /Users/liu/Desktop/develop/Toolbox/Toolbox/Views/WeeklyCheckPane.swift -emit-dependencies-path /Users/liu/Library/Developer/Xcode/DerivedData/Toolbox-cpgcsujffezisobdihlvfnevadbx/Build/Intermediates.noindex/Toolbox.build/Debug/Toolbox.build/Objects-normal/arm64/TextInputPane.d -emit-reference-dependencies-path /Users/liu/Library/Developer/Xcode/DerivedData/Toolbox-cpgcsujffezisobdihlvfnevadbx/Build/Intermediates.noindex/Toolbox.build/Debug/Toolbox.build/Objects-normal/arm64/TextInputPane.swiftdeps -serialize-diagnostics-path /Users/liu/Library/Developer/Xcode/DerivedData/Toolbox-cpgcsujffezisobdihlvfnevadbx/Build/Intermediates.noindex/Toolbox.build/Debug/Toolbox.build/Objects-normal/arm64/TextInputPane.dia -emit-localized-strings -emit-localized-strings-path /Users/liu/Library/Developer/Xcode/DerivedData/Toolbox-cpgcsujffezisobdihlvfnevadbx/Build/Intermediates.noindex/Toolbox.build/Debug/Toolbox.build/Objects-normal/arm64 -target arm64-apple-macos12.3 -Xllvm -aarch64-use-tbi -enable-objc-interop -stack-check -sdk /Applications/Xcode.app/Contents/Developer/Platforms/MacOSX.platform/Developer/SDKs/MacOSX13.1.sdk -I /Users/liu/Library/Developer/Xcode/DerivedData/Toolbox-cpgcsujffezisobdihlvfnevadbx/Build/Products/Debug -F /Users/liu/Library/Developer/Xcode/DerivedData/Toolbox-cpgcsujffezisobdihlvfnevadbx/Build/Products/Debug -no-color-diagnostics -g -module-cache-path /Users/liu/Library/Developer/Xcode/DerivedData/ModuleCache.noindex -swift-version 5 -enforce-exclusivity\=checked -O -serialize-debugging-options -enable-bare-slash-regex -empty-abi-descriptor -Xcc -working-directory -Xcc /Users/liu/Desktop/develop/Toolbox -resource-dir /Applications/Xcode.app/Contents/Developer/Toolchains/XcodeDefault.xctoolchain/usr/lib/swift -Xcc -I/Users/liu/Library/Developer/Xcode/DerivedData/Toolbox-cpgcsujffezisobdihlvfnevadbx/Build/Intermediates.noindex/Toolbox.build/Debug/Toolbox.build/swift-overrides.hmap -Xcc -iquote -Xcc /Users/liu/Library/Developer/Xcode/DerivedData/Toolbox-cpgcsujffezisobdihlvfnevadbx/Build/Intermediates.noindex/Toolbox.build/Debug/Toolbox.build/Toolbox-generated-files.hmap -Xcc -I/Users/liu/Library/Developer/Xcode/DerivedData/Toolbox-cpgcsujffezisobdihlvfnevadbx/Build/Intermediates.noindex/Toolbox.build/Debug/Toolbox.build/Toolbox-own-target-headers.hmap -Xcc -I/Users/liu/Library/Developer/Xcode/DerivedData/Toolbox-cpgcsujffezisobdihlvfnevadbx/Build/Intermediates.noindex/Toolbox.build/Debug/Toolbox.build/Toolbox-all-target-headers.hmap -Xcc -iquote -Xcc /Users/liu/Library/Developer/Xcode/DerivedData/Toolbox-cpgcsujffezisobdihlvfnevadbx/Build/Intermediates.noindex/Toolbox.build/Debug/Toolbox.build/Toolbox-project-headers.hmap -Xcc -I/Users/liu/Library/Developer/Xcode/DerivedData/Toolbox-cpgcsujffezisobdihlvfnevadbx/Build/Products/Debug/include -Xcc -I/Users/liu/Library/Developer/Xcode/DerivedData/Toolbox-cpgcsujffezisobdihlvfnevadbx/Build/Intermediates.noindex/Toolbox.build/Debug/Toolbox.build/DerivedSources-normal/arm64 -Xcc -I/Users/liu/Library/Developer/Xcode/DerivedData/Toolbox-cpgcsujffezisobdihlvfnevadbx/Build/Intermediates.noindex/Toolbox.build/Debug/Toolbox.build/DerivedSources/arm64 -Xcc -I/Users/liu/Library/Developer/Xcode/DerivedData/Toolbox-cpgcsujffezisobdihlvfnevadbx/Build/Intermediates.noindex/Toolbox.build/Debug/Toolbox.build/DerivedSources -module-name Toolbox -frontend-parseable-output -disable-clang-spi -target-sdk-version 13.1 -o /Users/liu/Library/Developer/Xcode/DerivedData/Toolbox-cpgcsujffezisobdihlvfnevadbx/Build/Intermediates.noindex/Toolbox.build/Debug/Toolbox.build/Objects-normal/arm64/TextInputPane.o -index-unit-output-path /Toolbox.build/Debug/Toolbox.build/Objects-normal/arm64/TextInputPane.o

CompileSwift normal arm64 /Users/liu/Desktop/develop/Toolbox/Toolbox/Views/TextInputPane.swift (in target 'Toolbox' from project 'Toolbox')
    cd /Users/liu/Desktop/develop/Toolbox
    /Applications/Xcode.app/Contents/Developer/Toolchains/XcodeDefault.xctoolchain/usr/bin/swift-frontend -c /Users/liu/Desktop/develop/Toolbox/Toolbox/ToolboxApp.swift /Users/liu/Desktop/develop/Toolbox/Toolbox/Views/ContentView.swift /Users/liu/Desktop/develop/Toolbox/Toolbox/Models/ScriptTool.swift /Users/liu/Desktop/develop/Toolbox/Toolbox/ViewModels/RootViewModel.swift /Users/liu/Desktop/develop/Toolbox/Toolbox/Views/AppKitTextViews.swift /Users/liu/Desktop/develop/Toolbox/Toolbox/Views/SidebarView.swift -primary-file /Users/liu/Desktop/develop/Toolbox/Toolbox/Views/TextInputPane.swift /Users/liu/Desktop/develop/Toolbox/Toolbox/Views/TerminalPaneView.swift /Users/liu/Desktop/develop/Toolbox/Toolbox/Services/PTYTerminalService.swift /Users/liu/Desktop/develop/Toolbox/Toolbox/Services/ToolFileStore.swift /Users/liu/Desktop/develop/Toolbox/Toolbox/Services/PTYProcess.swift /Users/liu/Desktop/develop/Toolbox/Toolbox/Views/FileRenamerPane.swift /Users/liu/Desktop/develop/Toolbox/Toolbox/Views/WeeklyCheckPane.swift -emit-dependencies-path /Users/liu/Library/Developer/Xcode/DerivedData/Toolbox-cpgcsujffezisobdihlvfnevadbx/Build/Intermediates.noindex/Toolbox.build/Debug/Toolbox.build/Objects-normal/arm64/TextInputPane.d -emit-reference-dependencies-path /Users/liu/Library/Developer/Xcode/DerivedData/Toolbox-cpgcsujffezisobdihlvfnevadbx/Build/Intermediates.noindex/Toolbox.build/Debug/Toolbox.build/Objects-normal/arm64/TextInputPane.swiftdeps -serialize-diagnostics-path /Users/liu/Library/Developer/Xcode/DerivedData/Toolbox-cpgcsujffezisobdihlvfnevadbx/Build/Intermediates.noindex/Toolbox.build/Debug/Toolbox.build/Objects-normal/arm64/TextInputPane.dia -emit-localized-strings -emit-localized-strings-path /Users/liu/Library/Developer/Xcode/DerivedData/Toolbox-cpgcsujffezisobdihlvfnevadbx/Build/Intermediates.noindex/Toolbox.build/Debug/Toolbox.build/Objects-normal/arm64 -target arm64-apple-macos12.3 -Xllvm -aarch64-use-tbi -enable-objc-interop -stack-check -sdk /Applications/Xcode.app/Contents/Developer/Platforms/MacOSX.platform/Developer/SDKs/MacOSX13.1.sdk -I /Users/liu/Library/Developer/Xcode/DerivedData/Toolbox-cpgcsujffezisobdihlvfnevadbx/Build/Products/Debug -F /Users/liu/Library/Developer/Xcode/DerivedData/Toolbox-cpgcsujffezisobdihlvfnevadbx/Build/Products/Debug -no-color-diagnostics -g -module-cache-path /Users/liu/Library/Developer/Xcode/DerivedData/ModuleCache.noindex -swift-version 5 -enforce-exclusivity\=checked -O -serialize-debugging-options -enable-bare-slash-regex -empty-abi-descriptor -Xcc -working-directory -Xcc /Users/liu/Desktop/develop/Toolbox -resource-dir /Applications/Xcode.app/Contents/Developer/Toolchains/XcodeDefault.xctoolchain/usr/lib/swift -Xcc -I/Users/liu/Library/Developer/Xcode/DerivedData/Toolbox-cpgcsujffezisobdihlvfnevadbx/Build/Intermediates.noindex/Toolbox.build/Debug/Toolbox.build/swift-overrides.hmap -Xcc -iquote -Xcc /Users/liu/Library/Developer/Xcode/DerivedData/Toolbox-cpgcsujffezisobdihlvfnevadbx/Build/Intermediates.noindex/Toolbox.build/Debug/Toolbox.build/Toolbox-generated-files.hmap -Xcc -I/Users/liu/Library/Developer/Xcode/DerivedData/Toolbox-cpgcsujffezisobdihlvfnevadbx/Build/Intermediates.noindex/Toolbox.build/Debug/Toolbox.build/Toolbox-own-target-headers.hmap -Xcc -I/Users/liu/Library/Developer/Xcode/DerivedData/Toolbox-cpgcsujffezisobdihlvfnevadbx/Build/Intermediates.noindex/Toolbox.build/Debug/Toolbox.build/Toolbox-all-target-headers.hmap -Xcc -iquote -Xcc /Users/liu/Library/Developer/Xcode/DerivedData/Toolbox-cpgcsujffezisobdihlvfnevadbx/Build/Intermediates.noindex/Toolbox.build/Debug/Toolbox.build/Toolbox-project-headers.hmap -Xcc -I/Users/liu/Library/Developer/Xcode/DerivedData/Toolbox-cpgcsujffezisobdihlvfnevadbx/Build/Products/Debug/include -Xcc -I/Users/liu/Library/Developer/Xcode/DerivedData/Toolbox-cpgcsujffezisobdihlvfnevadbx/Build/Intermediates.noindex/Toolbox.build/Debug/Toolbox.build/DerivedSources-normal/arm64 -Xcc -I/Users/liu/Library/Developer/Xcode/DerivedData/Toolbox-cpgcsujffezisobdihlvfnevadbx/Build/Intermediates.noindex/Toolbox.build/Debug/Toolbox.build/DerivedSources/arm64 -Xcc -I/Users/liu/Library/Developer/Xcode/DerivedData/Toolbox-cpgcsujffezisobdihlvfnevadbx/Build/Intermediates.noindex/Toolbox.build/Debug/Toolbox.build/DerivedSources -module-name Toolbox -frontend-parseable-output -disable-clang-spi -target-sdk-version 13.1 -o /Users/liu/Library/Developer/Xcode/DerivedData/Toolbox-cpgcsujffezisobdihlvfnevadbx/Build/Intermediates.noindex/Toolbox.build/Debug/Toolbox.build/Objects-normal/arm64/TextInputPane.o -index-unit-output-path /Toolbox.build/Debug/Toolbox.build/Objects-normal/arm64/TextInputPane.o

SwiftCompile normal arm64 Compiling\ ToolFileStore.swift /Users/liu/Desktop/develop/Toolbox/Toolbox/Services/ToolFileStore.swift (in target 'Toolbox' from project 'Toolbox')
    cd /Users/liu/Desktop/develop/Toolbox
    builtin-swiftTaskExecution -- /Applications/Xcode.app/Contents/Developer/Toolchains/XcodeDefault.xctoolchain/usr/bin/swift-frontend -frontend -c /Users/liu/Desktop/develop/Toolbox/Toolbox/ToolboxApp.swift /Users/liu/Desktop/develop/Toolbox/Toolbox/Views/ContentView.swift /Users/liu/Desktop/develop/Toolbox/Toolbox/Models/ScriptTool.swift /Users/liu/Desktop/develop/Toolbox/Toolbox/ViewModels/RootViewModel.swift /Users/liu/Desktop/develop/Toolbox/Toolbox/Views/AppKitTextViews.swift /Users/liu/Desktop/develop/Toolbox/Toolbox/Views/SidebarView.swift /Users/liu/Desktop/develop/Toolbox/Toolbox/Views/TextInputPane.swift /Users/liu/Desktop/develop/Toolbox/Toolbox/Views/TerminalPaneView.swift /Users/liu/Desktop/develop/Toolbox/Toolbox/Services/PTYTerminalService.swift -primary-file /Users/liu/Desktop/develop/Toolbox/Toolbox/Services/ToolFileStore.swift /Users/liu/Desktop/develop/Toolbox/Toolbox/Services/PTYProcess.swift /Users/liu/Desktop/develop/Toolbox/Toolbox/Views/FileRenamerPane.swift /Users/liu/Desktop/develop/Toolbox/Toolbox/Views/WeeklyCheckPane.swift -emit-dependencies-path /Users/liu/Library/Developer/Xcode/DerivedData/Toolbox-cpgcsujffezisobdihlvfnevadbx/Build/Intermediates.noindex/Toolbox.build/Debug/Toolbox.build/Objects-normal/arm64/ToolFileStore.d -emit-reference-dependencies-path /Users/liu/Library/Developer/Xcode/DerivedData/Toolbox-cpgcsujffezisobdihlvfnevadbx/Build/Intermediates.noindex/Toolbox.build/Debug/Toolbox.build/Objects-normal/arm64/ToolFileStore.swiftdeps -serialize-diagnostics-path /Users/liu/Library/Developer/Xcode/DerivedData/Toolbox-cpgcsujffezisobdihlvfnevadbx/Build/Intermediates.noindex/Toolbox.build/Debug/Toolbox.build/Objects-normal/arm64/ToolFileStore.dia -emit-localized-strings -emit-localized-strings-path /Users/liu/Library/Developer/Xcode/DerivedData/Toolbox-cpgcsujffezisobdihlvfnevadbx/Build/Intermediates.noindex/Toolbox.build/Debug/Toolbox.build/Objects-normal/arm64 -target arm64-apple-macos12.3 -Xllvm -aarch64-use-tbi -enable-objc-interop -stack-check -sdk /Applications/Xcode.app/Contents/Developer/Platforms/MacOSX.platform/Developer/SDKs/MacOSX13.1.sdk -I /Users/liu/Library/Developer/Xcode/DerivedData/Toolbox-cpgcsujffezisobdihlvfnevadbx/Build/Products/Debug -F /Users/liu/Library/Developer/Xcode/DerivedData/Toolbox-cpgcsujffezisobdihlvfnevadbx/Build/Products/Debug -no-color-diagnostics -g -module-cache-path /Users/liu/Library/Developer/Xcode/DerivedData/ModuleCache.noindex -swift-version 5 -enforce-exclusivity\=checked -O -serialize-debugging-options -enable-bare-slash-regex -empty-abi-descriptor -Xcc -working-directory -Xcc /Users/liu/Desktop/develop/Toolbox -resource-dir /Applications/Xcode.app/Contents/Developer/Toolchains/XcodeDefault.xctoolchain/usr/lib/swift -Xcc -I/Users/liu/Library/Developer/Xcode/DerivedData/Toolbox-cpgcsujffezisobdihlvfnevadbx/Build/Intermediates.noindex/Toolbox.build/Debug/Toolbox.build/swift-overrides.hmap -Xcc -iquote -Xcc /Users/liu/Library/Developer/Xcode/DerivedData/Toolbox-cpgcsujffezisobdihlvfnevadbx/Build/Intermediates.noindex/Toolbox.build/Debug/Toolbox.build/Toolbox-generated-files.hmap -Xcc -I/Users/liu/Library/Developer/Xcode/DerivedData/Toolbox-cpgcsujffezisobdihlvfnevadbx/Build/Intermediates.noindex/Toolbox.build/Debug/Toolbox.build/Toolbox-own-target-headers.hmap -Xcc -I/Users/liu/Library/Developer/Xcode/DerivedData/Toolbox-cpgcsujffezisobdihlvfnevadbx/Build/Intermediates.noindex/Toolbox.build/Debug/Toolbox.build/Toolbox-all-target-headers.hmap -Xcc -iquote -Xcc /Users/liu/Library/Developer/Xcode/DerivedData/Toolbox-cpgcsujffezisobdihlvfnevadbx/Build/Intermediates.noindex/Toolbox.build/Debug/Toolbox.build/Toolbox-project-headers.hmap -Xcc -I/Users/liu/Library/Developer/Xcode/DerivedData/Toolbox-cpgcsujffezisobdihlvfnevadbx/Build/Products/Debug/include -Xcc -I/Users/liu/Library/Developer/Xcode/DerivedData/Toolbox-cpgcsujffezisobdihlvfnevadbx/Build/Intermediates.noindex/Toolbox.build/Debug/Toolbox.build/DerivedSources-normal/arm64 -Xcc -I/Users/liu/Library/Developer/Xcode/DerivedData/Toolbox-cpgcsujffezisobdihlvfnevadbx/Build/Intermediates.noindex/Toolbox.build/Debug/Toolbox.build/DerivedSources/arm64 -Xcc -I/Users/liu/Library/Developer/Xcode/DerivedData/Toolbox-cpgcsujffezisobdihlvfnevadbx/Build/Intermediates.noindex/Toolbox.build/Debug/Toolbox.build/DerivedSources -module-name Toolbox -frontend-parseable-output -disable-clang-spi -target-sdk-version 13.1 -o /Users/liu/Library/Developer/Xcode/DerivedData/Toolbox-cpgcsujffezisobdihlvfnevadbx/Build/Intermediates.noindex/Toolbox.build/Debug/Toolbox.build/Objects-normal/arm64/ToolFileStore.o -index-unit-output-path /Toolbox.build/Debug/Toolbox.build/Objects-normal/arm64/ToolFileStore.o

CompileSwift normal arm64 /Users/liu/Desktop/develop/Toolbox/Toolbox/Services/ToolFileStore.swift (in target 'Toolbox' from project 'Toolbox')
    cd /Users/liu/Desktop/develop/Toolbox
    /Applications/Xcode.app/Contents/Developer/Toolchains/XcodeDefault.xctoolchain/usr/bin/swift-frontend -c /Users/liu/Desktop/develop/Toolbox/Toolbox/ToolboxApp.swift /Users/liu/Desktop/develop/Toolbox/Toolbox/Views/ContentView.swift /Users/liu/Desktop/develop/Toolbox/Toolbox/Models/ScriptTool.swift /Users/liu/Desktop/develop/Toolbox/Toolbox/ViewModels/RootViewModel.swift /Users/liu/Desktop/develop/Toolbox/Toolbox/Views/AppKitTextViews.swift /Users/liu/Desktop/develop/Toolbox/Toolbox/Views/SidebarView.swift /Users/liu/Desktop/develop/Toolbox/Toolbox/Views/TextInputPane.swift /Users/liu/Desktop/develop/Toolbox/Toolbox/Views/TerminalPaneView.swift /Users/liu/Desktop/develop/Toolbox/Toolbox/Services/PTYTerminalService.swift -primary-file /Users/liu/Desktop/develop/Toolbox/Toolbox/Services/ToolFileStore.swift /Users/liu/Desktop/develop/Toolbox/Toolbox/Services/PTYProcess.swift /Users/liu/Desktop/develop/Toolbox/Toolbox/Views/FileRenamerPane.swift /Users/liu/Desktop/develop/Toolbox/Toolbox/Views/WeeklyCheckPane.swift -emit-dependencies-path /Users/liu/Library/Developer/Xcode/DerivedData/Toolbox-cpgcsujffezisobdihlvfnevadbx/Build/Intermediates.noindex/Toolbox.build/Debug/Toolbox.build/Objects-normal/arm64/ToolFileStore.d -emit-reference-dependencies-path /Users/liu/Library/Developer/Xcode/DerivedData/Toolbox-cpgcsujffezisobdihlvfnevadbx/Build/Intermediates.noindex/Toolbox.build/Debug/Toolbox.build/Objects-normal/arm64/ToolFileStore.swiftdeps -serialize-diagnostics-path /Users/liu/Library/Developer/Xcode/DerivedData/Toolbox-cpgcsujffezisobdihlvfnevadbx/Build/Intermediates.noindex/Toolbox.build/Debug/Toolbox.build/Objects-normal/arm64/ToolFileStore.dia -emit-localized-strings -emit-localized-strings-path /Users/liu/Library/Developer/Xcode/DerivedData/Toolbox-cpgcsujffezisobdihlvfnevadbx/Build/Intermediates.noindex/Toolbox.build/Debug/Toolbox.build/Objects-normal/arm64 -target arm64-apple-macos12.3 -Xllvm -aarch64-use-tbi -enable-objc-interop -stack-check -sdk /Applications/Xcode.app/Contents/Developer/Platforms/MacOSX.platform/Developer/SDKs/MacOSX13.1.sdk -I /Users/liu/Library/Developer/Xcode/DerivedData/Toolbox-cpgcsujffezisobdihlvfnevadbx/Build/Products/Debug -F /Users/liu/Library/Developer/Xcode/DerivedData/Toolbox-cpgcsujffezisobdihlvfnevadbx/Build/Products/Debug -no-color-diagnostics -g -module-cache-path /Users/liu/Library/Developer/Xcode/DerivedData/ModuleCache.noindex -swift-version 5 -enforce-exclusivity\=checked -O -serialize-debugging-options -enable-bare-slash-regex -empty-abi-descriptor -Xcc -working-directory -Xcc /Users/liu/Desktop/develop/Toolbox -resource-dir /Applications/Xcode.app/Contents/Developer/Toolchains/XcodeDefault.xctoolchain/usr/lib/swift -Xcc -I/Users/liu/Library/Developer/Xcode/DerivedData/Toolbox-cpgcsujffezisobdihlvfnevadbx/Build/Intermediates.noindex/Toolbox.build/Debug/Toolbox.build/swift-overrides.hmap -Xcc -iquote -Xcc /Users/liu/Library/Developer/Xcode/DerivedData/Toolbox-cpgcsujffezisobdihlvfnevadbx/Build/Intermediates.noindex/Toolbox.build/Debug/Toolbox.build/Toolbox-generated-files.hmap -Xcc -I/Users/liu/Library/Developer/Xcode/DerivedData/Toolbox-cpgcsujffezisobdihlvfnevadbx/Build/Intermediates.noindex/Toolbox.build/Debug/Toolbox.build/Toolbox-own-target-headers.hmap -Xcc -I/Users/liu/Library/Developer/Xcode/DerivedData/Toolbox-cpgcsujffezisobdihlvfnevadbx/Build/Intermediates.noindex/Toolbox.build/Debug/Toolbox.build/Toolbox-all-target-headers.hmap -Xcc -iquote -Xcc /Users/liu/Library/Developer/Xcode/DerivedData/Toolbox-cpgcsujffezisobdihlvfnevadbx/Build/Intermediates.noindex/Toolbox.build/Debug/Toolbox.build/Toolbox-project-headers.hmap -Xcc -I/Users/liu/Library/Developer/Xcode/DerivedData/Toolbox-cpgcsujffezisobdihlvfnevadbx/Build/Products/Debug/include -Xcc -I/Users/liu/Library/Developer/Xcode/DerivedData/Toolbox-cpgcsujffezisobdihlvfnevadbx/Build/Intermediates.noindex/Toolbox.build/Debug/Toolbox.build/DerivedSources-normal/arm64 -Xcc -I/Users/liu/Library/Developer/Xcode/DerivedData/Toolbox-cpgcsujffezisobdihlvfnevadbx/Build/Intermediates.noindex/Toolbox.build/Debug/Toolbox.build/DerivedSources/arm64 -Xcc -I/Users/liu/Library/Developer/Xcode/DerivedData/Toolbox-cpgcsujffezisobdihlvfnevadbx/Build/Intermediates.noindex/Toolbox.build/Debug/Toolbox.build/DerivedSources -module-name Toolbox -frontend-parseable-output -disable-clang-spi -target-sdk-version 13.1 -o /Users/liu/Library/Developer/Xcode/DerivedData/Toolbox-cpgcsujffezisobdihlvfnevadbx/Build/Intermediates.noindex/Toolbox.build/Debug/Toolbox.build/Objects-normal/arm64/ToolFileStore.o -index-unit-output-path /Toolbox.build/Debug/Toolbox.build/Objects-normal/arm64/ToolFileStore.o

SwiftCompile normal arm64 Compiling\ WeeklyCheckPane.swift /Users/liu/Desktop/develop/Toolbox/Toolbox/Views/WeeklyCheckPane.swift (in target 'Toolbox' from project 'Toolbox')
    cd /Users/liu/Desktop/develop/Toolbox
    builtin-swiftTaskExecution -- /Applications/Xcode.app/Contents/Developer/Toolchains/XcodeDefault.xctoolchain/usr/bin/swift-frontend -frontend -c /Users/liu/Desktop/develop/Toolbox/Toolbox/ToolboxApp.swift /Users/liu/Desktop/develop/Toolbox/Toolbox/Views/ContentView.swift /Users/liu/Desktop/develop/Toolbox/Toolbox/Models/ScriptTool.swift /Users/liu/Desktop/develop/Toolbox/Toolbox/ViewModels/RootViewModel.swift /Users/liu/Desktop/develop/Toolbox/Toolbox/Views/AppKitTextViews.swift /Users/liu/Desktop/develop/Toolbox/Toolbox/Views/SidebarView.swift /Users/liu/Desktop/develop/Toolbox/Toolbox/Views/TextInputPane.swift /Users/liu/Desktop/develop/Toolbox/Toolbox/Views/TerminalPaneView.swift /Users/liu/Desktop/develop/Toolbox/Toolbox/Services/PTYTerminalService.swift /Users/liu/Desktop/develop/Toolbox/Toolbox/Services/ToolFileStore.swift /Users/liu/Desktop/develop/Toolbox/Toolbox/Services/PTYProcess.swift /Users/liu/Desktop/develop/Toolbox/Toolbox/Views/FileRenamerPane.swift -primary-file /Users/liu/Desktop/develop/Toolbox/Toolbox/Views/WeeklyCheckPane.swift -emit-dependencies-path /Users/liu/Library/Developer/Xcode/DerivedData/Toolbox-cpgcsujffezisobdihlvfnevadbx/Build/Intermediates.noindex/Toolbox.build/Debug/Toolbox.build/Objects-normal/arm64/WeeklyCheckPane.d -emit-reference-dependencies-path /Users/liu/Library/Developer/Xcode/DerivedData/Toolbox-cpgcsujffezisobdihlvfnevadbx/Build/Intermediates.noindex/Toolbox.build/Debug/Toolbox.build/Objects-normal/arm64/WeeklyCheckPane.swiftdeps -serialize-diagnostics-path /Users/liu/Library/Developer/Xcode/DerivedData/Toolbox-cpgcsujffezisobdihlvfnevadbx/Build/Intermediates.noindex/Toolbox.build/Debug/Toolbox.build/Objects-normal/arm64/WeeklyCheckPane.dia -emit-localized-strings -emit-localized-strings-path /Users/liu/Library/Developer/Xcode/DerivedData/Toolbox-cpgcsujffezisobdihlvfnevadbx/Build/Intermediates.noindex/Toolbox.build/Debug/Toolbox.build/Objects-normal/arm64 -target arm64-apple-macos12.3 -Xllvm -aarch64-use-tbi -enable-objc-interop -stack-check -sdk /Applications/Xcode.app/Contents/Developer/Platforms/MacOSX.platform/Developer/SDKs/MacOSX13.1.sdk -I /Users/liu/Library/Developer/Xcode/DerivedData/Toolbox-cpgcsujffezisobdihlvfnevadbx/Build/Products/Debug -F /Users/liu/Library/Developer/Xcode/DerivedData/Toolbox-cpgcsujffezisobdihlvfnevadbx/Build/Products/Debug -no-color-diagnostics -g -module-cache-path /Users/liu/Library/Developer/Xcode/DerivedData/ModuleCache.noindex -swift-version 5 -enforce-exclusivity\=checked -O -serialize-debugging-options -enable-bare-slash-regex -empty-abi-descriptor -Xcc -working-directory -Xcc /Users/liu/Desktop/develop/Toolbox -resource-dir /Applications/Xcode.app/Contents/Developer/Toolchains/XcodeDefault.xctoolchain/usr/lib/swift -Xcc -I/Users/liu/Library/Developer/Xcode/DerivedData/Toolbox-cpgcsujffezisobdihlvfnevadbx/Build/Intermediates.noindex/Toolbox.build/Debug/Toolbox.build/swift-overrides.hmap -Xcc -iquote -Xcc /Users/liu/Library/Developer/Xcode/DerivedData/Toolbox-cpgcsujffezisobdihlvfnevadbx/Build/Intermediates.noindex/Toolbox.build/Debug/Toolbox.build/Toolbox-generated-files.hmap -Xcc -I/Users/liu/Library/Developer/Xcode/DerivedData/Toolbox-cpgcsujffezisobdihlvfnevadbx/Build/Intermediates.noindex/Toolbox.build/Debug/Toolbox.build/Toolbox-own-target-headers.hmap -Xcc -I/Users/liu/Library/Developer/Xcode/DerivedData/Toolbox-cpgcsujffezisobdihlvfnevadbx/Build/Intermediates.noindex/Toolbox.build/Debug/Toolbox.build/Toolbox-all-target-headers.hmap -Xcc -iquote -Xcc /Users/liu/Library/Developer/Xcode/DerivedData/Toolbox-cpgcsujffezisobdihlvfnevadbx/Build/Intermediates.noindex/Toolbox.build/Debug/Toolbox.build/Toolbox-project-headers.hmap -Xcc -I/Users/liu/Library/Developer/Xcode/DerivedData/Toolbox-cpgcsujffezisobdihlvfnevadbx/Build/Products/Debug/include -Xcc -I/Users/liu/Library/Developer/Xcode/DerivedData/Toolbox-cpgcsujffezisobdihlvfnevadbx/Build/Intermediates.noindex/Toolbox.build/Debug/Toolbox.build/DerivedSources-normal/arm64 -Xcc -I/Users/liu/Library/Developer/Xcode/DerivedData/Toolbox-cpgcsujffezisobdihlvfnevadbx/Build/Intermediates.noindex/Toolbox.build/Debug/Toolbox.build/DerivedSources/arm64 -Xcc -I/Users/liu/Library/Developer/Xcode/DerivedData/Toolbox-cpgcsujffezisobdihlvfnevadbx/Build/Intermediates.noindex/Toolbox.build/Debug/Toolbox.build/DerivedSources -module-name Toolbox -frontend-parseable-output -disable-clang-spi -target-sdk-version 13.1 -o /Users/liu/Library/Developer/Xcode/DerivedData/Toolbox-cpgcsujffezisobdihlvfnevadbx/Build/Intermediates.noindex/Toolbox.build/Debug/Toolbox.build/Objects-normal/arm64/WeeklyCheckPane.o -index-unit-output-path /Toolbox.build/Debug/Toolbox.build/Objects-normal/arm64/WeeklyCheckPane.o

CompileSwift normal arm64 /Users/liu/Desktop/develop/Toolbox/Toolbox/Views/WeeklyCheckPane.swift (in target 'Toolbox' from project 'Toolbox')
    cd /Users/liu/Desktop/develop/Toolbox
    /Applications/Xcode.app/Contents/Developer/Toolchains/XcodeDefault.xctoolchain/usr/bin/swift-frontend -c /Users/liu/Desktop/develop/Toolbox/Toolbox/ToolboxApp.swift /Users/liu/Desktop/develop/Toolbox/Toolbox/Views/ContentView.swift /Users/liu/Desktop/develop/Toolbox/Toolbox/Models/ScriptTool.swift /Users/liu/Desktop/develop/Toolbox/Toolbox/ViewModels/RootViewModel.swift /Users/liu/Desktop/develop/Toolbox/Toolbox/Views/AppKitTextViews.swift /Users/liu/Desktop/develop/Toolbox/Toolbox/Views/SidebarView.swift /Users/liu/Desktop/develop/Toolbox/Toolbox/Views/TextInputPane.swift /Users/liu/Desktop/develop/Toolbox/Toolbox/Views/TerminalPaneView.swift /Users/liu/Desktop/develop/Toolbox/Toolbox/Services/PTYTerminalService.swift /Users/liu/Desktop/develop/Toolbox/Toolbox/Services/ToolFileStore.swift /Users/liu/Desktop/develop/Toolbox/Toolbox/Services/PTYProcess.swift /Users/liu/Desktop/develop/Toolbox/Toolbox/Views/FileRenamerPane.swift -primary-file /Users/liu/Desktop/develop/Toolbox/Toolbox/Views/WeeklyCheckPane.swift -emit-dependencies-path /Users/liu/Library/Developer/Xcode/DerivedData/Toolbox-cpgcsujffezisobdihlvfnevadbx/Build/Intermediates.noindex/Toolbox.build/Debug/Toolbox.build/Objects-normal/arm64/WeeklyCheckPane.d -emit-reference-dependencies-path /Users/liu/Library/Developer/Xcode/DerivedData/Toolbox-cpgcsujffezisobdihlvfnevadbx/Build/Intermediates.noindex/Toolbox.build/Debug/Toolbox.build/Objects-normal/arm64/WeeklyCheckPane.swiftdeps -serialize-diagnostics-path /Users/liu/Library/Developer/Xcode/DerivedData/Toolbox-cpgcsujffezisobdihlvfnevadbx/Build/Intermediates.noindex/Toolbox.build/Debug/Toolbox.build/Objects-normal/arm64/WeeklyCheckPane.dia -emit-localized-strings -emit-localized-strings-path /Users/liu/Library/Developer/Xcode/DerivedData/Toolbox-cpgcsujffezisobdihlvfnevadbx/Build/Intermediates.noindex/Toolbox.build/Debug/Toolbox.build/Objects-normal/arm64 -target arm64-apple-macos12.3 -Xllvm -aarch64-use-tbi -enable-objc-interop -stack-check -sdk /Applications/Xcode.app/Contents/Developer/Platforms/MacOSX.platform/Developer/SDKs/MacOSX13.1.sdk -I /Users/liu/Library/Developer/Xcode/DerivedData/Toolbox-cpgcsujffezisobdihlvfnevadbx/Build/Products/Debug -F /Users/liu/Library/Developer/Xcode/DerivedData/Toolbox-cpgcsujffezisobdihlvfnevadbx/Build/Products/Debug -no-color-diagnostics -g -module-cache-path /Users/liu/Library/Developer/Xcode/DerivedData/ModuleCache.noindex -swift-version 5 -enforce-exclusivity\=checked -O -serialize-debugging-options -enable-bare-slash-regex -empty-abi-descriptor -Xcc -working-directory -Xcc /Users/liu/Desktop/develop/Toolbox -resource-dir /Applications/Xcode.app/Contents/Developer/Toolchains/XcodeDefault.xctoolchain/usr/lib/swift -Xcc -I/Users/liu/Library/Developer/Xcode/DerivedData/Toolbox-cpgcsujffezisobdihlvfnevadbx/Build/Intermediates.noindex/Toolbox.build/Debug/Toolbox.build/swift-overrides.hmap -Xcc -iquote -Xcc /Users/liu/Library/Developer/Xcode/DerivedData/Toolbox-cpgcsujffezisobdihlvfnevadbx/Build/Intermediates.noindex/Toolbox.build/Debug/Toolbox.build/Toolbox-generated-files.hmap -Xcc -I/Users/liu/Library/Developer/Xcode/DerivedData/Toolbox-cpgcsujffezisobdihlvfnevadbx/Build/Intermediates.noindex/Toolbox.build/Debug/Toolbox.build/Toolbox-own-target-headers.hmap -Xcc -I/Users/liu/Library/Developer/Xcode/DerivedData/Toolbox-cpgcsujffezisobdihlvfnevadbx/Build/Intermediates.noindex/Toolbox.build/Debug/Toolbox.build/Toolbox-all-target-headers.hmap -Xcc -iquote -Xcc /Users/liu/Library/Developer/Xcode/DerivedData/Toolbox-cpgcsujffezisobdihlvfnevadbx/Build/Intermediates.noindex/Toolbox.build/Debug/Toolbox.build/Toolbox-project-headers.hmap -Xcc -I/Users/liu/Library/Developer/Xcode/DerivedData/Toolbox-cpgcsujffezisobdihlvfnevadbx/Build/Products/Debug/include -Xcc -I/Users/liu/Library/Developer/Xcode/DerivedData/Toolbox-cpgcsujffezisobdihlvfnevadbx/Build/Intermediates.noindex/Toolbox.build/Debug/Toolbox.build/DerivedSources-normal/arm64 -Xcc -I/Users/liu/Library/Developer/Xcode/DerivedData/Toolbox-cpgcsujffezisobdihlvfnevadbx/Build/Intermediates.noindex/Toolbox.build/Debug/Toolbox.build/DerivedSources/arm64 -Xcc -I/Users/liu/Library/Developer/Xcode/DerivedData/Toolbox-cpgcsujffezisobdihlvfnevadbx/Build/Intermediates.noindex/Toolbox.build/Debug/Toolbox.build/DerivedSources -module-name Toolbox -frontend-parseable-output -disable-clang-spi -target-sdk-version 13.1 -o /Users/liu/Library/Developer/Xcode/DerivedData/Toolbox-cpgcsujffezisobdihlvfnevadbx/Build/Intermediates.noindex/Toolbox.build/Debug/Toolbox.build/Objects-normal/arm64/WeeklyCheckPane.o -index-unit-output-path /Toolbox.build/Debug/Toolbox.build/Objects-normal/arm64/WeeklyCheckPane.o
/Users/liu/Desktop/develop/Toolbox/Toolbox/Views/WeeklyCheckPane.swift:69:26: warning: result of call to 'loadObject(ofClass:completionHandler:)' is unused
                provider.loadObject(ofClass: URL.self) { url, _ in
                         ^         ~~~~~~~~~~~~~~~~~~~~~~~~~~~~~~~

SwiftCompile normal arm64 Compiling\ AppKitTextViews.swift /Users/liu/Desktop/develop/Toolbox/Toolbox/Views/AppKitTextViews.swift (in target 'Toolbox' from project 'Toolbox')
    cd /Users/liu/Desktop/develop/Toolbox
    builtin-swiftTaskExecution -- /Applications/Xcode.app/Contents/Developer/Toolchains/XcodeDefault.xctoolchain/usr/bin/swift-frontend -frontend -c /Users/liu/Desktop/develop/Toolbox/Toolbox/ToolboxApp.swift /Users/liu/Desktop/develop/Toolbox/Toolbox/Views/ContentView.swift /Users/liu/Desktop/develop/Toolbox/Toolbox/Models/ScriptTool.swift /Users/liu/Desktop/develop/Toolbox/Toolbox/ViewModels/RootViewModel.swift -primary-file /Users/liu/Desktop/develop/Toolbox/Toolbox/Views/AppKitTextViews.swift /Users/liu/Desktop/develop/Toolbox/Toolbox/Views/SidebarView.swift /Users/liu/Desktop/develop/Toolbox/Toolbox/Views/TextInputPane.swift /Users/liu/Desktop/develop/Toolbox/Toolbox/Views/TerminalPaneView.swift /Users/liu/Desktop/develop/Toolbox/Toolbox/Services/PTYTerminalService.swift /Users/liu/Desktop/develop/Toolbox/Toolbox/Services/ToolFileStore.swift /Users/liu/Desktop/develop/Toolbox/Toolbox/Services/PTYProcess.swift /Users/liu/Desktop/develop/Toolbox/Toolbox/Views/FileRenamerPane.swift /Users/liu/Desktop/develop/Toolbox/Toolbox/Views/WeeklyCheckPane.swift -emit-dependencies-path /Users/liu/Library/Developer/Xcode/DerivedData/Toolbox-cpgcsujffezisobdihlvfnevadbx/Build/Intermediates.noindex/Toolbox.build/Debug/Toolbox.build/Objects-normal/arm64/AppKitTextViews.d -emit-reference-dependencies-path /Users/liu/Library/Developer/Xcode/DerivedData/Toolbox-cpgcsujffezisobdihlvfnevadbx/Build/Intermediates.noindex/Toolbox.build/Debug/Toolbox.build/Objects-normal/arm64/AppKitTextViews.swiftdeps -serialize-diagnostics-path /Users/liu/Library/Developer/Xcode/DerivedData/Toolbox-cpgcsujffezisobdihlvfnevadbx/Build/Intermediates.noindex/Toolbox.build/Debug/Toolbox.build/Objects-normal/arm64/AppKitTextViews.dia -emit-localized-strings -emit-localized-strings-path /Users/liu/Library/Developer/Xcode/DerivedData/Toolbox-cpgcsujffezisobdihlvfnevadbx/Build/Intermediates.noindex/Toolbox.build/Debug/Toolbox.build/Objects-normal/arm64 -target arm64-apple-macos12.3 -Xllvm -aarch64-use-tbi -enable-objc-interop -stack-check -sdk /Applications/Xcode.app/Contents/Developer/Platforms/MacOSX.platform/Developer/SDKs/MacOSX13.1.sdk -I /Users/liu/Library/Developer/Xcode/DerivedData/Toolbox-cpgcsujffezisobdihlvfnevadbx/Build/Products/Debug -F /Users/liu/Library/Developer/Xcode/DerivedData/Toolbox-cpgcsujffezisobdihlvfnevadbx/Build/Products/Debug -no-color-diagnostics -g -module-cache-path /Users/liu/Library/Developer/Xcode/DerivedData/ModuleCache.noindex -swift-version 5 -enforce-exclusivity\=checked -O -serialize-debugging-options -enable-bare-slash-regex -empty-abi-descriptor -Xcc -working-directory -Xcc /Users/liu/Desktop/develop/Toolbox -resource-dir /Applications/Xcode.app/Contents/Developer/Toolchains/XcodeDefault.xctoolchain/usr/lib/swift -Xcc -I/Users/liu/Library/Developer/Xcode/DerivedData/Toolbox-cpgcsujffezisobdihlvfnevadbx/Build/Intermediates.noindex/Toolbox.build/Debug/Toolbox.build/swift-overrides.hmap -Xcc -iquote -Xcc /Users/liu/Library/Developer/Xcode/DerivedData/Toolbox-cpgcsujffezisobdihlvfnevadbx/Build/Intermediates.noindex/Toolbox.build/Debug/Toolbox.build/Toolbox-generated-files.hmap -Xcc -I/Users/liu/Library/Developer/Xcode/DerivedData/Toolbox-cpgcsujffezisobdihlvfnevadbx/Build/Intermediates.noindex/Toolbox.build/Debug/Toolbox.build/Toolbox-own-target-headers.hmap -Xcc -I/Users/liu/Library/Developer/Xcode/DerivedData/Toolbox-cpgcsujffezisobdihlvfnevadbx/Build/Intermediates.noindex/Toolbox.build/Debug/Toolbox.build/Toolbox-all-target-headers.hmap -Xcc -iquote -Xcc /Users/liu/Library/Developer/Xcode/DerivedData/Toolbox-cpgcsujffezisobdihlvfnevadbx/Build/Intermediates.noindex/Toolbox.build/Debug/Toolbox.build/Toolbox-project-headers.hmap -Xcc -I/Users/liu/Library/Developer/Xcode/DerivedData/Toolbox-cpgcsujffezisobdihlvfnevadbx/Build/Products/Debug/include -Xcc -I/Users/liu/Library/Developer/Xcode/DerivedData/Toolbox-cpgcsujffezisobdihlvfnevadbx/Build/Intermediates.noindex/Toolbox.build/Debug/Toolbox.build/DerivedSources-normal/arm64 -Xcc -I/Users/liu/Library/Developer/Xcode/DerivedData/Toolbox-cpgcsujffezisobdihlvfnevadbx/Build/Intermediates.noindex/Toolbox.build/Debug/Toolbox.build/DerivedSources/arm64 -Xcc -I/Users/liu/Library/Developer/Xcode/DerivedData/Toolbox-cpgcsujffezisobdihlvfnevadbx/Build/Intermediates.noindex/Toolbox.build/Debug/Toolbox.build/DerivedSources -module-name Toolbox -frontend-parseable-output -disable-clang-spi -target-sdk-version 13.1 -o /Users/liu/Library/Developer/Xcode/DerivedData/Toolbox-cpgcsujffezisobdihlvfnevadbx/Build/Intermediates.noindex/Toolbox.build/Debug/Toolbox.build/Objects-normal/arm64/AppKitTextViews.o -index-unit-output-path /Toolbox.build/Debug/Toolbox.build/Objects-normal/arm64/AppKitTextViews.o

CompileSwift normal arm64 /Users/liu/Desktop/develop/Toolbox/Toolbox/Views/AppKitTextViews.swift (in target 'Toolbox' from project 'Toolbox')
    cd /Users/liu/Desktop/develop/Toolbox
    /Applications/Xcode.app/Contents/Developer/Toolchains/XcodeDefault.xctoolchain/usr/bin/swift-frontend -c /Users/liu/Desktop/develop/Toolbox/Toolbox/ToolboxApp.swift /Users/liu/Desktop/develop/Toolbox/Toolbox/Views/ContentView.swift /Users/liu/Desktop/develop/Toolbox/Toolbox/Models/ScriptTool.swift /Users/liu/Desktop/develop/Toolbox/Toolbox/ViewModels/RootViewModel.swift -primary-file /Users/liu/Desktop/develop/Toolbox/Toolbox/Views/AppKitTextViews.swift /Users/liu/Desktop/develop/Toolbox/Toolbox/Views/SidebarView.swift /Users/liu/Desktop/develop/Toolbox/Toolbox/Views/TextInputPane.swift /Users/liu/Desktop/develop/Toolbox/Toolbox/Views/TerminalPaneView.swift /Users/liu/Desktop/develop/Toolbox/Toolbox/Services/PTYTerminalService.swift /Users/liu/Desktop/develop/Toolbox/Toolbox/Services/ToolFileStore.swift /Users/liu/Desktop/develop/Toolbox/Toolbox/Services/PTYProcess.swift /Users/liu/Desktop/develop/Toolbox/Toolbox/Views/FileRenamerPane.swift /Users/liu/Desktop/develop/Toolbox/Toolbox/Views/WeeklyCheckPane.swift -emit-dependencies-path /Users/liu/Library/Developer/Xcode/DerivedData/Toolbox-cpgcsujffezisobdihlvfnevadbx/Build/Intermediates.noindex/Toolbox.build/Debug/Toolbox.build/Objects-normal/arm64/AppKitTextViews.d -emit-reference-dependencies-path /Users/liu/Library/Developer/Xcode/DerivedData/Toolbox-cpgcsujffezisobdihlvfnevadbx/Build/Intermediates.noindex/Toolbox.build/Debug/Toolbox.build/Objects-normal/arm64/AppKitTextViews.swiftdeps -serialize-diagnostics-path /Users/liu/Library/Developer/Xcode/DerivedData/Toolbox-cpgcsujffezisobdihlvfnevadbx/Build/Intermediates.noindex/Toolbox.build/Debug/Toolbox.build/Objects-normal/arm64/AppKitTextViews.dia -emit-localized-strings -emit-localized-strings-path /Users/liu/Library/Developer/Xcode/DerivedData/Toolbox-cpgcsujffezisobdihlvfnevadbx/Build/Intermediates.noindex/Toolbox.build/Debug/Toolbox.build/Objects-normal/arm64 -target arm64-apple-macos12.3 -Xllvm -aarch64-use-tbi -enable-objc-interop -stack-check -sdk /Applications/Xcode.app/Contents/Developer/Platforms/MacOSX.platform/Developer/SDKs/MacOSX13.1.sdk -I /Users/liu/Library/Developer/Xcode/DerivedData/Toolbox-cpgcsujffezisobdihlvfnevadbx/Build/Products/Debug -F /Users/liu/Library/Developer/Xcode/DerivedData/Toolbox-cpgcsujffezisobdihlvfnevadbx/Build/Products/Debug -no-color-diagnostics -g -module-cache-path /Users/liu/Library/Developer/Xcode/DerivedData/ModuleCache.noindex -swift-version 5 -enforce-exclusivity\=checked -O -serialize-debugging-options -enable-bare-slash-regex -empty-abi-descriptor -Xcc -working-directory -Xcc /Users/liu/Desktop/develop/Toolbox -resource-dir /Applications/Xcode.app/Contents/Developer/Toolchains/XcodeDefault.xctoolchain/usr/lib/swift -Xcc -I/Users/liu/Library/Developer/Xcode/DerivedData/Toolbox-cpgcsujffezisobdihlvfnevadbx/Build/Intermediates.noindex/Toolbox.build/Debug/Toolbox.build/swift-overrides.hmap -Xcc -iquote -Xcc /Users/liu/Library/Developer/Xcode/DerivedData/Toolbox-cpgcsujffezisobdihlvfnevadbx/Build/Intermediates.noindex/Toolbox.build/Debug/Toolbox.build/Toolbox-generated-files.hmap -Xcc -I/Users/liu/Library/Developer/Xcode/DerivedData/Toolbox-cpgcsujffezisobdihlvfnevadbx/Build/Intermediates.noindex/Toolbox.build/Debug/Toolbox.build/Toolbox-own-target-headers.hmap -Xcc -I/Users/liu/Library/Developer/Xcode/DerivedData/Toolbox-cpgcsujffezisobdihlvfnevadbx/Build/Intermediates.noindex/Toolbox.build/Debug/Toolbox.build/Toolbox-all-target-headers.hmap -Xcc -iquote -Xcc /Users/liu/Library/Developer/Xcode/DerivedData/Toolbox-cpgcsujffezisobdihlvfnevadbx/Build/Intermediates.noindex/Toolbox.build/Debug/Toolbox.build/Toolbox-project-headers.hmap -Xcc -I/Users/liu/Library/Developer/Xcode/DerivedData/Toolbox-cpgcsujffezisobdihlvfnevadbx/Build/Products/Debug/include -Xcc -I/Users/liu/Library/Developer/Xcode/DerivedData/Toolbox-cpgcsujffezisobdihlvfnevadbx/Build/Intermediates.noindex/Toolbox.build/Debug/Toolbox.build/DerivedSources-normal/arm64 -Xcc -I/Users/liu/Library/Developer/Xcode/DerivedData/Toolbox-cpgcsujffezisobdihlvfnevadbx/Build/Intermediates.noindex/Toolbox.build/Debug/Toolbox.build/DerivedSources/arm64 -Xcc -I/Users/liu/Library/Developer/Xcode/DerivedData/Toolbox-cpgcsujffezisobdihlvfnevadbx/Build/Intermediates.noindex/Toolbox.build/Debug/Toolbox.build/DerivedSources -module-name Toolbox -frontend-parseable-output -disable-clang-spi -target-sdk-version 13.1 -o /Users/liu/Library/Developer/Xcode/DerivedData/Toolbox-cpgcsujffezisobdihlvfnevadbx/Build/Intermediates.noindex/Toolbox.build/Debug/Toolbox.build/Objects-normal/arm64/AppKitTextViews.o -index-unit-output-path /Toolbox.build/Debug/Toolbox.build/Objects-normal/arm64/AppKitTextViews.o

SwiftCompile normal arm64 Compiling\ PTYTerminalService.swift /Users/liu/Desktop/develop/Toolbox/Toolbox/Services/PTYTerminalService.swift (in target 'Toolbox' from project 'Toolbox')
    cd /Users/liu/Desktop/develop/Toolbox
    builtin-swiftTaskExecution -- /Applications/Xcode.app/Contents/Developer/Toolchains/XcodeDefault.xctoolchain/usr/bin/swift-frontend -frontend -c /Users/liu/Desktop/develop/Toolbox/Toolbox/ToolboxApp.swift /Users/liu/Desktop/develop/Toolbox/Toolbox/Views/ContentView.swift /Users/liu/Desktop/develop/Toolbox/Toolbox/Models/ScriptTool.swift /Users/liu/Desktop/develop/Toolbox/Toolbox/ViewModels/RootViewModel.swift /Users/liu/Desktop/develop/Toolbox/Toolbox/Views/AppKitTextViews.swift /Users/liu/Desktop/develop/Toolbox/Toolbox/Views/SidebarView.swift /Users/liu/Desktop/develop/Toolbox/Toolbox/Views/TextInputPane.swift /Users/liu/Desktop/develop/Toolbox/Toolbox/Views/TerminalPaneView.swift -primary-file /Users/liu/Desktop/develop/Toolbox/Toolbox/Services/PTYTerminalService.swift /Users/liu/Desktop/develop/Toolbox/Toolbox/Services/ToolFileStore.swift /Users/liu/Desktop/develop/Toolbox/Toolbox/Services/PTYProcess.swift /Users/liu/Desktop/develop/Toolbox/Toolbox/Views/FileRenamerPane.swift /Users/liu/Desktop/develop/Toolbox/Toolbox/Views/WeeklyCheckPane.swift -emit-dependencies-path /Users/liu/Library/Developer/Xcode/DerivedData/Toolbox-cpgcsujffezisobdihlvfnevadbx/Build/Intermediates.noindex/Toolbox.build/Debug/Toolbox.build/Objects-normal/arm64/PTYTerminalService.d -emit-reference-dependencies-path /Users/liu/Library/Developer/Xcode/DerivedData/Toolbox-cpgcsujffezisobdihlvfnevadbx/Build/Intermediates.noindex/Toolbox.build/Debug/Toolbox.build/Objects-normal/arm64/PTYTerminalService.swiftdeps -serialize-diagnostics-path /Users/liu/Library/Developer/Xcode/DerivedData/Toolbox-cpgcsujffezisobdihlvfnevadbx/Build/Intermediates.noindex/Toolbox.build/Debug/Toolbox.build/Objects-normal/arm64/PTYTerminalService.dia -emit-localized-strings -emit-localized-strings-path /Users/liu/Library/Developer/Xcode/DerivedData/Toolbox-cpgcsujffezisobdihlvfnevadbx/Build/Intermediates.noindex/Toolbox.build/Debug/Toolbox.build/Objects-normal/arm64 -target arm64-apple-macos12.3 -Xllvm -aarch64-use-tbi -enable-objc-interop -stack-check -sdk /Applications/Xcode.app/Contents/Developer/Platforms/MacOSX.platform/Developer/SDKs/MacOSX13.1.sdk -I /Users/liu/Library/Developer/Xcode/DerivedData/Toolbox-cpgcsujffezisobdihlvfnevadbx/Build/Products/Debug -F /Users/liu/Library/Developer/Xcode/DerivedData/Toolbox-cpgcsujffezisobdihlvfnevadbx/Build/Products/Debug -no-color-diagnostics -g -module-cache-path /Users/liu/Library/Developer/Xcode/DerivedData/ModuleCache.noindex -swift-version 5 -enforce-exclusivity\=checked -O -serialize-debugging-options -enable-bare-slash-regex -empty-abi-descriptor -Xcc -working-directory -Xcc /Users/liu/Desktop/develop/Toolbox -resource-dir /Applications/Xcode.app/Contents/Developer/Toolchains/XcodeDefault.xctoolchain/usr/lib/swift -Xcc -I/Users/liu/Library/Developer/Xcode/DerivedData/Toolbox-cpgcsujffezisobdihlvfnevadbx/Build/Intermediates.noindex/Toolbox.build/Debug/Toolbox.build/swift-overrides.hmap -Xcc -iquote -Xcc /Users/liu/Library/Developer/Xcode/DerivedData/Toolbox-cpgcsujffezisobdihlvfnevadbx/Build/Intermediates.noindex/Toolbox.build/Debug/Toolbox.build/Toolbox-generated-files.hmap -Xcc -I/Users/liu/Library/Developer/Xcode/DerivedData/Toolbox-cpgcsujffezisobdihlvfnevadbx/Build/Intermediates.noindex/Toolbox.build/Debug/Toolbox.build/Toolbox-own-target-headers.hmap -Xcc -I/Users/liu/Library/Developer/Xcode/DerivedData/Toolbox-cpgcsujffezisobdihlvfnevadbx/Build/Intermediates.noindex/Toolbox.build/Debug/Toolbox.build/Toolbox-all-target-headers.hmap -Xcc -iquote -Xcc /Users/liu/Library/Developer/Xcode/DerivedData/Toolbox-cpgcsujffezisobdihlvfnevadbx/Build/Intermediates.noindex/Toolbox.build/Debug/Toolbox.build/Toolbox-project-headers.hmap -Xcc -I/Users/liu/Library/Developer/Xcode/DerivedData/Toolbox-cpgcsujffezisobdihlvfnevadbx/Build/Products/Debug/include -Xcc -I/Users/liu/Library/Developer/Xcode/DerivedData/Toolbox-cpgcsujffezisobdihlvfnevadbx/Build/Intermediates.noindex/Toolbox.build/Debug/Toolbox.build/DerivedSources-normal/arm64 -Xcc -I/Users/liu/Library/Developer/Xcode/DerivedData/Toolbox-cpgcsujffezisobdihlvfnevadbx/Build/Intermediates.noindex/Toolbox.build/Debug/Toolbox.build/DerivedSources/arm64 -Xcc -I/Users/liu/Library/Developer/Xcode/DerivedData/Toolbox-cpgcsujffezisobdihlvfnevadbx/Build/Intermediates.noindex/Toolbox.build/Debug/Toolbox.build/DerivedSources -module-name Toolbox -frontend-parseable-output -disable-clang-spi -target-sdk-version 13.1 -o /Users/liu/Library/Developer/Xcode/DerivedData/Toolbox-cpgcsujffezisobdihlvfnevadbx/Build/Intermediates.noindex/Toolbox.build/Debug/Toolbox.build/Objects-normal/arm64/PTYTerminalService.o -index-unit-output-path /Toolbox.build/Debug/Toolbox.build/Objects-normal/arm64/PTYTerminalService.o

CompileSwift normal arm64 /Users/liu/Desktop/develop/Toolbox/Toolbox/Services/PTYTerminalService.swift (in target 'Toolbox' from project 'Toolbox')
    cd /Users/liu/Desktop/develop/Toolbox
    /Applications/Xcode.app/Contents/Developer/Toolchains/XcodeDefault.xctoolchain/usr/bin/swift-frontend -c /Users/liu/Desktop/develop/Toolbox/Toolbox/ToolboxApp.swift /Users/liu/Desktop/develop/Toolbox/Toolbox/Views/ContentView.swift /Users/liu/Desktop/develop/Toolbox/Toolbox/Models/ScriptTool.swift /Users/liu/Desktop/develop/Toolbox/Toolbox/ViewModels/RootViewModel.swift /Users/liu/Desktop/develop/Toolbox/Toolbox/Views/AppKitTextViews.swift /Users/liu/Desktop/develop/Toolbox/Toolbox/Views/SidebarView.swift /Users/liu/Desktop/develop/Toolbox/Toolbox/Views/TextInputPane.swift /Users/liu/Desktop/develop/Toolbox/Toolbox/Views/TerminalPaneView.swift -primary-file /Users/liu/Desktop/develop/Toolbox/Toolbox/Services/PTYTerminalService.swift /Users/liu/Desktop/develop/Toolbox/Toolbox/Services/ToolFileStore.swift /Users/liu/Desktop/develop/Toolbox/Toolbox/Services/PTYProcess.swift /Users/liu/Desktop/develop/Toolbox/Toolbox/Views/FileRenamerPane.swift /Users/liu/Desktop/develop/Toolbox/Toolbox/Views/WeeklyCheckPane.swift -emit-dependencies-path /Users/liu/Library/Developer/Xcode/DerivedData/Toolbox-cpgcsujffezisobdihlvfnevadbx/Build/Intermediates.noindex/Toolbox.build/Debug/Toolbox.build/Objects-normal/arm64/PTYTerminalService.d -emit-reference-dependencies-path /Users/liu/Library/Developer/Xcode/DerivedData/Toolbox-cpgcsujffezisobdihlvfnevadbx/Build/Intermediates.noindex/Toolbox.build/Debug/Toolbox.build/Objects-normal/arm64/PTYTerminalService.swiftdeps -serialize-diagnostics-path /Users/liu/Library/Developer/Xcode/DerivedData/Toolbox-cpgcsujffezisobdihlvfnevadbx/Build/Intermediates.noindex/Toolbox.build/Debug/Toolbox.build/Objects-normal/arm64/PTYTerminalService.dia -emit-localized-strings -emit-localized-strings-path /Users/liu/Library/Developer/Xcode/DerivedData/Toolbox-cpgcsujffezisobdihlvfnevadbx/Build/Intermediates.noindex/Toolbox.build/Debug/Toolbox.build/Objects-normal/arm64 -target arm64-apple-macos12.3 -Xllvm -aarch64-use-tbi -enable-objc-interop -stack-check -sdk /Applications/Xcode.app/Contents/Developer/Platforms/MacOSX.platform/Developer/SDKs/MacOSX13.1.sdk -I /Users/liu/Library/Developer/Xcode/DerivedData/Toolbox-cpgcsujffezisobdihlvfnevadbx/Build/Products/Debug -F /Users/liu/Library/Developer/Xcode/DerivedData/Toolbox-cpgcsujffezisobdihlvfnevadbx/Build/Products/Debug -no-color-diagnostics -g -module-cache-path /Users/liu/Library/Developer/Xcode/DerivedData/ModuleCache.noindex -swift-version 5 -enforce-exclusivity\=checked -O -serialize-debugging-options -enable-bare-slash-regex -empty-abi-descriptor -Xcc -working-directory -Xcc /Users/liu/Desktop/develop/Toolbox -resource-dir /Applications/Xcode.app/Contents/Developer/Toolchains/XcodeDefault.xctoolchain/usr/lib/swift -Xcc -I/Users/liu/Library/Developer/Xcode/DerivedData/Toolbox-cpgcsujffezisobdihlvfnevadbx/Build/Intermediates.noindex/Toolbox.build/Debug/Toolbox.build/swift-overrides.hmap -Xcc -iquote -Xcc /Users/liu/Library/Developer/Xcode/DerivedData/Toolbox-cpgcsujffezisobdihlvfnevadbx/Build/Intermediates.noindex/Toolbox.build/Debug/Toolbox.build/Toolbox-generated-files.hmap -Xcc -I/Users/liu/Library/Developer/Xcode/DerivedData/Toolbox-cpgcsujffezisobdihlvfnevadbx/Build/Intermediates.noindex/Toolbox.build/Debug/Toolbox.build/Toolbox-own-target-headers.hmap -Xcc -I/Users/liu/Library/Developer/Xcode/DerivedData/Toolbox-cpgcsujffezisobdihlvfnevadbx/Build/Intermediates.noindex/Toolbox.build/Debug/Toolbox.build/Toolbox-all-target-headers.hmap -Xcc -iquote -Xcc /Users/liu/Library/Developer/Xcode/DerivedData/Toolbox-cpgcsujffezisobdihlvfnevadbx/Build/Intermediates.noindex/Toolbox.build/Debug/Toolbox.build/Toolbox-project-headers.hmap -Xcc -I/Users/liu/Library/Developer/Xcode/DerivedData/Toolbox-cpgcsujffezisobdihlvfnevadbx/Build/Products/Debug/include -Xcc -I/Users/liu/Library/Developer/Xcode/DerivedData/Toolbox-cpgcsujffezisobdihlvfnevadbx/Build/Intermediates.noindex/Toolbox.build/Debug/Toolbox.build/DerivedSources-normal/arm64 -Xcc -I/Users/liu/Library/Developer/Xcode/DerivedData/Toolbox-cpgcsujffezisobdihlvfnevadbx/Build/Intermediates.noindex/Toolbox.build/Debug/Toolbox.build/DerivedSources/arm64 -Xcc -I/Users/liu/Library/Developer/Xcode/DerivedData/Toolbox-cpgcsujffezisobdihlvfnevadbx/Build/Intermediates.noindex/Toolbox.build/Debug/Toolbox.build/DerivedSources -module-name Toolbox -frontend-parseable-output -disable-clang-spi -target-sdk-version 13.1 -o /Users/liu/Library/Developer/Xcode/DerivedData/Toolbox-cpgcsujffezisobdihlvfnevadbx/Build/Intermediates.noindex/Toolbox.build/Debug/Toolbox.build/Objects-normal/arm64/PTYTerminalService.o -index-unit-output-path /Toolbox.build/Debug/Toolbox.build/Objects-normal/arm64/PTYTerminalService.o

SwiftCompile normal arm64 Compiling\ PTYProcess.swift /Users/liu/Desktop/develop/Toolbox/Toolbox/Services/PTYProcess.swift (in target 'Toolbox' from project 'Toolbox')
    cd /Users/liu/Desktop/develop/Toolbox
    builtin-swiftTaskExecution -- /Applications/Xcode.app/Contents/Developer/Toolchains/XcodeDefault.xctoolchain/usr/bin/swift-frontend -frontend -c /Users/liu/Desktop/develop/Toolbox/Toolbox/ToolboxApp.swift /Users/liu/Desktop/develop/Toolbox/Toolbox/Views/ContentView.swift /Users/liu/Desktop/develop/Toolbox/Toolbox/Models/ScriptTool.swift /Users/liu/Desktop/develop/Toolbox/Toolbox/ViewModels/RootViewModel.swift /Users/liu/Desktop/develop/Toolbox/Toolbox/Views/AppKitTextViews.swift /Users/liu/Desktop/develop/Toolbox/Toolbox/Views/SidebarView.swift /Users/liu/Desktop/develop/Toolbox/Toolbox/Views/TextInputPane.swift /Users/liu/Desktop/develop/Toolbox/Toolbox/Views/TerminalPaneView.swift /Users/liu/Desktop/develop/Toolbox/Toolbox/Services/PTYTerminalService.swift /Users/liu/Desktop/develop/Toolbox/Toolbox/Services/ToolFileStore.swift -primary-file /Users/liu/Desktop/develop/Toolbox/Toolbox/Services/PTYProcess.swift /Users/liu/Desktop/develop/Toolbox/Toolbox/Views/FileRenamerPane.swift /Users/liu/Desktop/develop/Toolbox/Toolbox/Views/WeeklyCheckPane.swift -emit-dependencies-path /Users/liu/Library/Developer/Xcode/DerivedData/Toolbox-cpgcsujffezisobdihlvfnevadbx/Build/Intermediates.noindex/Toolbox.build/Debug/Toolbox.build/Objects-normal/arm64/PTYProcess.d -emit-reference-dependencies-path /Users/liu/Library/Developer/Xcode/DerivedData/Toolbox-cpgcsujffezisobdihlvfnevadbx/Build/Intermediates.noindex/Toolbox.build/Debug/Toolbox.build/Objects-normal/arm64/PTYProcess.swiftdeps -serialize-diagnostics-path /Users/liu/Library/Developer/Xcode/DerivedData/Toolbox-cpgcsujffezisobdihlvfnevadbx/Build/Intermediates.noindex/Toolbox.build/Debug/Toolbox.build/Objects-normal/arm64/PTYProcess.dia -emit-localized-strings -emit-localized-strings-path /Users/liu/Library/Developer/Xcode/DerivedData/Toolbox-cpgcsujffezisobdihlvfnevadbx/Build/Intermediates.noindex/Toolbox.build/Debug/Toolbox.build/Objects-normal/arm64 -target arm64-apple-macos12.3 -Xllvm -aarch64-use-tbi -enable-objc-interop -stack-check -sdk /Applications/Xcode.app/Contents/Developer/Platforms/MacOSX.platform/Developer/SDKs/MacOSX13.1.sdk -I /Users/liu/Library/Developer/Xcode/DerivedData/Toolbox-cpgcsujffezisobdihlvfnevadbx/Build/Products/Debug -F /Users/liu/Library/Developer/Xcode/DerivedData/Toolbox-cpgcsujffezisobdihlvfnevadbx/Build/Products/Debug -no-color-diagnostics -g -module-cache-path /Users/liu/Library/Developer/Xcode/DerivedData/ModuleCache.noindex -swift-version 5 -enforce-exclusivity\=checked -O -serialize-debugging-options -enable-bare-slash-regex -empty-abi-descriptor -Xcc -working-directory -Xcc /Users/liu/Desktop/develop/Toolbox -resource-dir /Applications/Xcode.app/Contents/Developer/Toolchains/XcodeDefault.xctoolchain/usr/lib/swift -Xcc -I/Users/liu/Library/Developer/Xcode/DerivedData/Toolbox-cpgcsujffezisobdihlvfnevadbx/Build/Intermediates.noindex/Toolbox.build/Debug/Toolbox.build/swift-overrides.hmap -Xcc -iquote -Xcc /Users/liu/Library/Developer/Xcode/DerivedData/Toolbox-cpgcsujffezisobdihlvfnevadbx/Build/Intermediates.noindex/Toolbox.build/Debug/Toolbox.build/Toolbox-generated-files.hmap -Xcc -I/Users/liu/Library/Developer/Xcode/DerivedData/Toolbox-cpgcsujffezisobdihlvfnevadbx/Build/Intermediates.noindex/Toolbox.build/Debug/Toolbox.build/Toolbox-own-target-headers.hmap -Xcc -I/Users/liu/Library/Developer/Xcode/DerivedData/Toolbox-cpgcsujffezisobdihlvfnevadbx/Build/Intermediates.noindex/Toolbox.build/Debug/Toolbox.build/Toolbox-all-target-headers.hmap -Xcc -iquote -Xcc /Users/liu/Library/Developer/Xcode/DerivedData/Toolbox-cpgcsujffezisobdihlvfnevadbx/Build/Intermediates.noindex/Toolbox.build/Debug/Toolbox.build/Toolbox-project-headers.hmap -Xcc -I/Users/liu/Library/Developer/Xcode/DerivedData/Toolbox-cpgcsujffezisobdihlvfnevadbx/Build/Products/Debug/include -Xcc -I/Users/liu/Library/Developer/Xcode/DerivedData/Toolbox-cpgcsujffezisobdihlvfnevadbx/Build/Intermediates.noindex/Toolbox.build/Debug/Toolbox.build/DerivedSources-normal/arm64 -Xcc -I/Users/liu/Library/Developer/Xcode/DerivedData/Toolbox-cpgcsujffezisobdihlvfnevadbx/Build/Intermediates.noindex/Toolbox.build/Debug/Toolbox.build/DerivedSources/arm64 -Xcc -I/Users/liu/Library/Developer/Xcode/DerivedData/Toolbox-cpgcsujffezisobdihlvfnevadbx/Build/Intermediates.noindex/Toolbox.build/Debug/Toolbox.build/DerivedSources -module-name Toolbox -frontend-parseable-output -disable-clang-spi -target-sdk-version 13.1 -o /Users/liu/Library/Developer/Xcode/DerivedData/Toolbox-cpgcsujffezisobdihlvfnevadbx/Build/Intermediates.noindex/Toolbox.build/Debug/Toolbox.build/Objects-normal/arm64/PTYProcess.o -index-unit-output-path /Toolbox.build/Debug/Toolbox.build/Objects-normal/arm64/PTYProcess.o

CompileSwift normal arm64 /Users/liu/Desktop/develop/Toolbox/Toolbox/Services/PTYProcess.swift (in target 'Toolbox' from project 'Toolbox')
    cd /Users/liu/Desktop/develop/Toolbox
    /Applications/Xcode.app/Contents/Developer/Toolchains/XcodeDefault.xctoolchain/usr/bin/swift-frontend -c /Users/liu/Desktop/develop/Toolbox/Toolbox/ToolboxApp.swift /Users/liu/Desktop/develop/Toolbox/Toolbox/Views/ContentView.swift /Users/liu/Desktop/develop/Toolbox/Toolbox/Models/ScriptTool.swift /Users/liu/Desktop/develop/Toolbox/Toolbox/ViewModels/RootViewModel.swift /Users/liu/Desktop/develop/Toolbox/Toolbox/Views/AppKitTextViews.swift /Users/liu/Desktop/develop/Toolbox/Toolbox/Views/SidebarView.swift /Users/liu/Desktop/develop/Toolbox/Toolbox/Views/TextInputPane.swift /Users/liu/Desktop/develop/Toolbox/Toolbox/Views/TerminalPaneView.swift /Users/liu/Desktop/develop/Toolbox/Toolbox/Services/PTYTerminalService.swift /Users/liu/Desktop/develop/Toolbox/Toolbox/Services/ToolFileStore.swift -primary-file /Users/liu/Desktop/develop/Toolbox/Toolbox/Services/PTYProcess.swift /Users/liu/Desktop/develop/Toolbox/Toolbox/Views/FileRenamerPane.swift /Users/liu/Desktop/develop/Toolbox/Toolbox/Views/WeeklyCheckPane.swift -emit-dependencies-path /Users/liu/Library/Developer/Xcode/DerivedData/Toolbox-cpgcsujffezisobdihlvfnevadbx/Build/Intermediates.noindex/Toolbox.build/Debug/Toolbox.build/Objects-normal/arm64/PTYProcess.d -emit-reference-dependencies-path /Users/liu/Library/Developer/Xcode/DerivedData/Toolbox-cpgcsujffezisobdihlvfnevadbx/Build/Intermediates.noindex/Toolbox.build/Debug/Toolbox.build/Objects-normal/arm64/PTYProcess.swiftdeps -serialize-diagnostics-path /Users/liu/Library/Developer/Xcode/DerivedData/Toolbox-cpgcsujffezisobdihlvfnevadbx/Build/Intermediates.noindex/Toolbox.build/Debug/Toolbox.build/Objects-normal/arm64/PTYProcess.dia -emit-localized-strings -emit-localized-strings-path /Users/liu/Library/Developer/Xcode/DerivedData/Toolbox-cpgcsujffezisobdihlvfnevadbx/Build/Intermediates.noindex/Toolbox.build/Debug/Toolbox.build/Objects-normal/arm64 -target arm64-apple-macos12.3 -Xllvm -aarch64-use-tbi -enable-objc-interop -stack-check -sdk /Applications/Xcode.app/Contents/Developer/Platforms/MacOSX.platform/Developer/SDKs/MacOSX13.1.sdk -I /Users/liu/Library/Developer/Xcode/DerivedData/Toolbox-cpgcsujffezisobdihlvfnevadbx/Build/Products/Debug -F /Users/liu/Library/Developer/Xcode/DerivedData/Toolbox-cpgcsujffezisobdihlvfnevadbx/Build/Products/Debug -no-color-diagnostics -g -module-cache-path /Users/liu/Library/Developer/Xcode/DerivedData/ModuleCache.noindex -swift-version 5 -enforce-exclusivity\=checked -O -serialize-debugging-options -enable-bare-slash-regex -empty-abi-descriptor -Xcc -working-directory -Xcc /Users/liu/Desktop/develop/Toolbox -resource-dir /Applications/Xcode.app/Contents/Developer/Toolchains/XcodeDefault.xctoolchain/usr/lib/swift -Xcc -I/Users/liu/Library/Developer/Xcode/DerivedData/Toolbox-cpgcsujffezisobdihlvfnevadbx/Build/Intermediates.noindex/Toolbox.build/Debug/Toolbox.build/swift-overrides.hmap -Xcc -iquote -Xcc /Users/liu/Library/Developer/Xcode/DerivedData/Toolbox-cpgcsujffezisobdihlvfnevadbx/Build/Intermediates.noindex/Toolbox.build/Debug/Toolbox.build/Toolbox-generated-files.hmap -Xcc -I/Users/liu/Library/Developer/Xcode/DerivedData/Toolbox-cpgcsujffezisobdihlvfnevadbx/Build/Intermediates.noindex/Toolbox.build/Debug/Toolbox.build/Toolbox-own-target-headers.hmap -Xcc -I/Users/liu/Library/Developer/Xcode/DerivedData/Toolbox-cpgcsujffezisobdihlvfnevadbx/Build/Intermediates.noindex/Toolbox.build/Debug/Toolbox.build/Toolbox-all-target-headers.hmap -Xcc -iquote -Xcc /Users/liu/Library/Developer/Xcode/DerivedData/Toolbox-cpgcsujffezisobdihlvfnevadbx/Build/Intermediates.noindex/Toolbox.build/Debug/Toolbox.build/Toolbox-project-headers.hmap -Xcc -I/Users/liu/Library/Developer/Xcode/DerivedData/Toolbox-cpgcsujffezisobdihlvfnevadbx/Build/Products/Debug/include -Xcc -I/Users/liu/Library/Developer/Xcode/DerivedData/Toolbox-cpgcsujffezisobdihlvfnevadbx/Build/Intermediates.noindex/Toolbox.build/Debug/Toolbox.build/DerivedSources-normal/arm64 -Xcc -I/Users/liu/Library/Developer/Xcode/DerivedData/Toolbox-cpgcsujffezisobdihlvfnevadbx/Build/Intermediates.noindex/Toolbox.build/Debug/Toolbox.build/DerivedSources/arm64 -Xcc -I/Users/liu/Library/Developer/Xcode/DerivedData/Toolbox-cpgcsujffezisobdihlvfnevadbx/Build/Intermediates.noindex/Toolbox.build/Debug/Toolbox.build/DerivedSources -module-name Toolbox -frontend-parseable-output -disable-clang-spi -target-sdk-version 13.1 -o /Users/liu/Library/Developer/Xcode/DerivedData/Toolbox-cpgcsujffezisobdihlvfnevadbx/Build/Intermediates.noindex/Toolbox.build/Debug/Toolbox.build/Objects-normal/arm64/PTYProcess.o -index-unit-output-path /Toolbox.build/Debug/Toolbox.build/Objects-normal/arm64/PTYProcess.o

SwiftCompile normal arm64 Compiling\ FileRenamerPane.swift /Users/liu/Desktop/develop/Toolbox/Toolbox/Views/FileRenamerPane.swift (in target 'Toolbox' from project 'Toolbox')
    cd /Users/liu/Desktop/develop/Toolbox
    builtin-swiftTaskExecution -- /Applications/Xcode.app/Contents/Developer/Toolchains/XcodeDefault.xctoolchain/usr/bin/swift-frontend -frontend -c /Users/liu/Desktop/develop/Toolbox/Toolbox/ToolboxApp.swift /Users/liu/Desktop/develop/Toolbox/Toolbox/Views/ContentView.swift /Users/liu/Desktop/develop/Toolbox/Toolbox/Models/ScriptTool.swift /Users/liu/Desktop/develop/Toolbox/Toolbox/ViewModels/RootViewModel.swift /Users/liu/Desktop/develop/Toolbox/Toolbox/Views/AppKitTextViews.swift /Users/liu/Desktop/develop/Toolbox/Toolbox/Views/SidebarView.swift /Users/liu/Desktop/develop/Toolbox/Toolbox/Views/TextInputPane.swift /Users/liu/Desktop/develop/Toolbox/Toolbox/Views/TerminalPaneView.swift /Users/liu/Desktop/develop/Toolbox/Toolbox/Services/PTYTerminalService.swift /Users/liu/Desktop/develop/Toolbox/Toolbox/Services/ToolFileStore.swift /Users/liu/Desktop/develop/Toolbox/Toolbox/Services/PTYProcess.swift -primary-file /Users/liu/Desktop/develop/Toolbox/Toolbox/Views/FileRenamerPane.swift /Users/liu/Desktop/develop/Toolbox/Toolbox/Views/WeeklyCheckPane.swift -emit-dependencies-path /Users/liu/Library/Developer/Xcode/DerivedData/Toolbox-cpgcsujffezisobdihlvfnevadbx/Build/Intermediates.noindex/Toolbox.build/Debug/Toolbox.build/Objects-normal/arm64/FileRenamerPane.d -emit-reference-dependencies-path /Users/liu/Library/Developer/Xcode/DerivedData/Toolbox-cpgcsujffezisobdihlvfnevadbx/Build/Intermediates.noindex/Toolbox.build/Debug/Toolbox.build/Objects-normal/arm64/FileRenamerPane.swiftdeps -serialize-diagnostics-path /Users/liu/Library/Developer/Xcode/DerivedData/Toolbox-cpgcsujffezisobdihlvfnevadbx/Build/Intermediates.noindex/Toolbox.build/Debug/Toolbox.build/Objects-normal/arm64/FileRenamerPane.dia -emit-localized-strings -emit-localized-strings-path /Users/liu/Library/Developer/Xcode/DerivedData/Toolbox-cpgcsujffezisobdihlvfnevadbx/Build/Intermediates.noindex/Toolbox.build/Debug/Toolbox.build/Objects-normal/arm64 -target arm64-apple-macos12.3 -Xllvm -aarch64-use-tbi -enable-objc-interop -stack-check -sdk /Applications/Xcode.app/Contents/Developer/Platforms/MacOSX.platform/Developer/SDKs/MacOSX13.1.sdk -I /Users/liu/Library/Developer/Xcode/DerivedData/Toolbox-cpgcsujffezisobdihlvfnevadbx/Build/Products/Debug -F /Users/liu/Library/Developer/Xcode/DerivedData/Toolbox-cpgcsujffezisobdihlvfnevadbx/Build/Products/Debug -no-color-diagnostics -g -module-cache-path /Users/liu/Library/Developer/Xcode/DerivedData/ModuleCache.noindex -swift-version 5 -enforce-exclusivity\=checked -O -serialize-debugging-options -enable-bare-slash-regex -empty-abi-descriptor -Xcc -working-directory -Xcc /Users/liu/Desktop/develop/Toolbox -resource-dir /Applications/Xcode.app/Contents/Developer/Toolchains/XcodeDefault.xctoolchain/usr/lib/swift -Xcc -I/Users/liu/Library/Developer/Xcode/DerivedData/Toolbox-cpgcsujffezisobdihlvfnevadbx/Build/Intermediates.noindex/Toolbox.build/Debug/Toolbox.build/swift-overrides.hmap -Xcc -iquote -Xcc /Users/liu/Library/Developer/Xcode/DerivedData/Toolbox-cpgcsujffezisobdihlvfnevadbx/Build/Intermediates.noindex/Toolbox.build/Debug/Toolbox.build/Toolbox-generated-files.hmap -Xcc -I/Users/liu/Library/Developer/Xcode/DerivedData/Toolbox-cpgcsujffezisobdihlvfnevadbx/Build/Intermediates.noindex/Toolbox.build/Debug/Toolbox.build/Toolbox-own-target-headers.hmap -Xcc -I/Users/liu/Library/Developer/Xcode/DerivedData/Toolbox-cpgcsujffezisobdihlvfnevadbx/Build/Intermediates.noindex/Toolbox.build/Debug/Toolbox.build/Toolbox-all-target-headers.hmap -Xcc -iquote -Xcc /Users/liu/Library/Developer/Xcode/DerivedData/Toolbox-cpgcsujffezisobdihlvfnevadbx/Build/Intermediates.noindex/Toolbox.build/Debug/Toolbox.build/Toolbox-project-headers.hmap -Xcc -I/Users/liu/Library/Developer/Xcode/DerivedData/Toolbox-cpgcsujffezisobdihlvfnevadbx/Build/Products/Debug/include -Xcc -I/Users/liu/Library/Developer/Xcode/DerivedData/Toolbox-cpgcsujffezisobdihlvfnevadbx/Build/Intermediates.noindex/Toolbox.build/Debug/Toolbox.build/DerivedSources-normal/arm64 -Xcc -I/Users/liu/Library/Developer/Xcode/DerivedData/Toolbox-cpgcsujffezisobdihlvfnevadbx/Build/Intermediates.noindex/Toolbox.build/Debug/Toolbox.build/DerivedSources/arm64 -Xcc -I/Users/liu/Library/Developer/Xcode/DerivedData/Toolbox-cpgcsujffezisobdihlvfnevadbx/Build/Intermediates.noindex/Toolbox.build/Debug/Toolbox.build/DerivedSources -module-name Toolbox -frontend-parseable-output -disable-clang-spi -target-sdk-version 13.1 -o /Users/liu/Library/Developer/Xcode/DerivedData/Toolbox-cpgcsujffezisobdihlvfnevadbx/Build/Intermediates.noindex/Toolbox.build/Debug/Toolbox.build/Objects-normal/arm64/FileRenamerPane.o -index-unit-output-path /Toolbox.build/Debug/Toolbox.build/Objects-normal/arm64/FileRenamerPane.o

CompileSwift normal arm64 /Users/liu/Desktop/develop/Toolbox/Toolbox/Views/FileRenamerPane.swift (in target 'Toolbox' from project 'Toolbox')
    cd /Users/liu/Desktop/develop/Toolbox
    /Applications/Xcode.app/Contents/Developer/Toolchains/XcodeDefault.xctoolchain/usr/bin/swift-frontend -c /Users/liu/Desktop/develop/Toolbox/Toolbox/ToolboxApp.swift /Users/liu/Desktop/develop/Toolbox/Toolbox/Views/ContentView.swift /Users/liu/Desktop/develop/Toolbox/Toolbox/Models/ScriptTool.swift /Users/liu/Desktop/develop/Toolbox/Toolbox/ViewModels/RootViewModel.swift /Users/liu/Desktop/develop/Toolbox/Toolbox/Views/AppKitTextViews.swift /Users/liu/Desktop/develop/Toolbox/Toolbox/Views/SidebarView.swift /Users/liu/Desktop/develop/Toolbox/Toolbox/Views/TextInputPane.swift /Users/liu/Desktop/develop/Toolbox/Toolbox/Views/TerminalPaneView.swift /Users/liu/Desktop/develop/Toolbox/Toolbox/Services/PTYTerminalService.swift /Users/liu/Desktop/develop/Toolbox/Toolbox/Services/ToolFileStore.swift /Users/liu/Desktop/develop/Toolbox/Toolbox/Services/PTYProcess.swift -primary-file /Users/liu/Desktop/develop/Toolbox/Toolbox/Views/FileRenamerPane.swift /Users/liu/Desktop/develop/Toolbox/Toolbox/Views/WeeklyCheckPane.swift -emit-dependencies-path /Users/liu/Library/Developer/Xcode/DerivedData/Toolbox-cpgcsujffezisobdihlvfnevadbx/Build/Intermediates.noindex/Toolbox.build/Debug/Toolbox.build/Objects-normal/arm64/FileRenamerPane.d -emit-reference-dependencies-path /Users/liu/Library/Developer/Xcode/DerivedData/Toolbox-cpgcsujffezisobdihlvfnevadbx/Build/Intermediates.noindex/Toolbox.build/Debug/Toolbox.build/Objects-normal/arm64/FileRenamerPane.swiftdeps -serialize-diagnostics-path /Users/liu/Library/Developer/Xcode/DerivedData/Toolbox-cpgcsujffezisobdihlvfnevadbx/Build/Intermediates.noindex/Toolbox.build/Debug/Toolbox.build/Objects-normal/arm64/FileRenamerPane.dia -emit-localized-strings -emit-localized-strings-path /Users/liu/Library/Developer/Xcode/DerivedData/Toolbox-cpgcsujffezisobdihlvfnevadbx/Build/Intermediates.noindex/Toolbox.build/Debug/Toolbox.build/Objects-normal/arm64 -target arm64-apple-macos12.3 -Xllvm -aarch64-use-tbi -enable-objc-interop -stack-check -sdk /Applications/Xcode.app/Contents/Developer/Platforms/MacOSX.platform/Developer/SDKs/MacOSX13.1.sdk -I /Users/liu/Library/Developer/Xcode/DerivedData/Toolbox-cpgcsujffezisobdihlvfnevadbx/Build/Products/Debug -F /Users/liu/Library/Developer/Xcode/DerivedData/Toolbox-cpgcsujffezisobdihlvfnevadbx/Build/Products/Debug -no-color-diagnostics -g -module-cache-path /Users/liu/Library/Developer/Xcode/DerivedData/ModuleCache.noindex -swift-version 5 -enforce-exclusivity\=checked -O -serialize-debugging-options -enable-bare-slash-regex -empty-abi-descriptor -Xcc -working-directory -Xcc /Users/liu/Desktop/develop/Toolbox -resource-dir /Applications/Xcode.app/Contents/Developer/Toolchains/XcodeDefault.xctoolchain/usr/lib/swift -Xcc -I/Users/liu/Library/Developer/Xcode/DerivedData/Toolbox-cpgcsujffezisobdihlvfnevadbx/Build/Intermediates.noindex/Toolbox.build/Debug/Toolbox.build/swift-overrides.hmap -Xcc -iquote -Xcc /Users/liu/Library/Developer/Xcode/DerivedData/Toolbox-cpgcsujffezisobdihlvfnevadbx/Build/Intermediates.noindex/Toolbox.build/Debug/Toolbox.build/Toolbox-generated-files.hmap -Xcc -I/Users/liu/Library/Developer/Xcode/DerivedData/Toolbox-cpgcsujffezisobdihlvfnevadbx/Build/Intermediates.noindex/Toolbox.build/Debug/Toolbox.build/Toolbox-own-target-headers.hmap -Xcc -I/Users/liu/Library/Developer/Xcode/DerivedData/Toolbox-cpgcsujffezisobdihlvfnevadbx/Build/Intermediates.noindex/Toolbox.build/Debug/Toolbox.build/Toolbox-all-target-headers.hmap -Xcc -iquote -Xcc /Users/liu/Library/Developer/Xcode/DerivedData/Toolbox-cpgcsujffezisobdihlvfnevadbx/Build/Intermediates.noindex/Toolbox.build/Debug/Toolbox.build/Toolbox-project-headers.hmap -Xcc -I/Users/liu/Library/Developer/Xcode/DerivedData/Toolbox-cpgcsujffezisobdihlvfnevadbx/Build/Products/Debug/include -Xcc -I/Users/liu/Library/Developer/Xcode/DerivedData/Toolbox-cpgcsujffezisobdihlvfnevadbx/Build/Intermediates.noindex/Toolbox.build/Debug/Toolbox.build/DerivedSources-normal/arm64 -Xcc -I/Users/liu/Library/Developer/Xcode/DerivedData/Toolbox-cpgcsujffezisobdihlvfnevadbx/Build/Intermediates.noindex/Toolbox.build/Debug/Toolbox.build/DerivedSources/arm64 -Xcc -I/Users/liu/Library/Developer/Xcode/DerivedData/Toolbox-cpgcsujffezisobdihlvfnevadbx/Build/Intermediates.noindex/Toolbox.build/Debug/Toolbox.build/DerivedSources -module-name Toolbox -frontend-parseable-output -disable-clang-spi -target-sdk-version 13.1 -o /Users/liu/Library/Developer/Xcode/DerivedData/Toolbox-cpgcsujffezisobdihlvfnevadbx/Build/Intermediates.noindex/Toolbox.build/Debug/Toolbox.build/Objects-normal/arm64/FileRenamerPane.o -index-unit-output-path /Toolbox.build/Debug/Toolbox.build/Objects-normal/arm64/FileRenamerPane.o
/Users/liu/Desktop/develop/Toolbox/Toolbox/Views/FileRenamerPane.swift:157:30: warning: result of call to 'loadObject(ofClass:completionHandler:)' is unused
            providers.first?.loadObject(ofClass: URL.self) { url, _ in
                             ^         ~~~~~~~~~~~~~~~~~~~~~~~~~~~~~~~

SwiftCompile normal arm64 Compiling\ SidebarView.swift /Users/liu/Desktop/develop/Toolbox/Toolbox/Views/SidebarView.swift (in target 'Toolbox' from project 'Toolbox')
    cd /Users/liu/Desktop/develop/Toolbox
    builtin-swiftTaskExecution -- /Applications/Xcode.app/Contents/Developer/Toolchains/XcodeDefault.xctoolchain/usr/bin/swift-frontend -frontend -c /Users/liu/Desktop/develop/Toolbox/Toolbox/ToolboxApp.swift /Users/liu/Desktop/develop/Toolbox/Toolbox/Views/ContentView.swift /Users/liu/Desktop/develop/Toolbox/Toolbox/Models/ScriptTool.swift /Users/liu/Desktop/develop/Toolbox/Toolbox/ViewModels/RootViewModel.swift /Users/liu/Desktop/develop/Toolbox/Toolbox/Views/AppKitTextViews.swift -primary-file /Users/liu/Desktop/develop/Toolbox/Toolbox/Views/SidebarView.swift /Users/liu/Desktop/develop/Toolbox/Toolbox/Views/TextInputPane.swift /Users/liu/Desktop/develop/Toolbox/Toolbox/Views/TerminalPaneView.swift /Users/liu/Desktop/develop/Toolbox/Toolbox/Services/PTYTerminalService.swift /Users/liu/Desktop/develop/Toolbox/Toolbox/Services/ToolFileStore.swift /Users/liu/Desktop/develop/Toolbox/Toolbox/Services/PTYProcess.swift /Users/liu/Desktop/develop/Toolbox/Toolbox/Views/FileRenamerPane.swift /Users/liu/Desktop/develop/Toolbox/Toolbox/Views/WeeklyCheckPane.swift -emit-dependencies-path /Users/liu/Library/Developer/Xcode/DerivedData/Toolbox-cpgcsujffezisobdihlvfnevadbx/Build/Intermediates.noindex/Toolbox.build/Debug/Toolbox.build/Objects-normal/arm64/SidebarView.d -emit-reference-dependencies-path /Users/liu/Library/Developer/Xcode/DerivedData/Toolbox-cpgcsujffezisobdihlvfnevadbx/Build/Intermediates.noindex/Toolbox.build/Debug/Toolbox.build/Objects-normal/arm64/SidebarView.swiftdeps -serialize-diagnostics-path /Users/liu/Library/Developer/Xcode/DerivedData/Toolbox-cpgcsujffezisobdihlvfnevadbx/Build/Intermediates.noindex/Toolbox.build/Debug/Toolbox.build/Objects-normal/arm64/SidebarView.dia -emit-localized-strings -emit-localized-strings-path /Users/liu/Library/Developer/Xcode/DerivedData/Toolbox-cpgcsujffezisobdihlvfnevadbx/Build/Intermediates.noindex/Toolbox.build/Debug/Toolbox.build/Objects-normal/arm64 -target arm64-apple-macos12.3 -Xllvm -aarch64-use-tbi -enable-objc-interop -stack-check -sdk /Applications/Xcode.app/Contents/Developer/Platforms/MacOSX.platform/Developer/SDKs/MacOSX13.1.sdk -I /Users/liu/Library/Developer/Xcode/DerivedData/Toolbox-cpgcsujffezisobdihlvfnevadbx/Build/Products/Debug -F /Users/liu/Library/Developer/Xcode/DerivedData/Toolbox-cpgcsujffezisobdihlvfnevadbx/Build/Products/Debug -no-color-diagnostics -g -module-cache-path /Users/liu/Library/Developer/Xcode/DerivedData/ModuleCache.noindex -swift-version 5 -enforce-exclusivity\=checked -O -serialize-debugging-options -enable-bare-slash-regex -empty-abi-descriptor -Xcc -working-directory -Xcc /Users/liu/Desktop/develop/Toolbox -resource-dir /Applications/Xcode.app/Contents/Developer/Toolchains/XcodeDefault.xctoolchain/usr/lib/swift -Xcc -I/Users/liu/Library/Developer/Xcode/DerivedData/Toolbox-cpgcsujffezisobdihlvfnevadbx/Build/Intermediates.noindex/Toolbox.build/Debug/Toolbox.build/swift-overrides.hmap -Xcc -iquote -Xcc /Users/liu/Library/Developer/Xcode/DerivedData/Toolbox-cpgcsujffezisobdihlvfnevadbx/Build/Intermediates.noindex/Toolbox.build/Debug/Toolbox.build/Toolbox-generated-files.hmap -Xcc -I/Users/liu/Library/Developer/Xcode/DerivedData/Toolbox-cpgcsujffezisobdihlvfnevadbx/Build/Intermediates.noindex/Toolbox.build/Debug/Toolbox.build/Toolbox-own-target-headers.hmap -Xcc -I/Users/liu/Library/Developer/Xcode/DerivedData/Toolbox-cpgcsujffezisobdihlvfnevadbx/Build/Intermediates.noindex/Toolbox.build/Debug/Toolbox.build/Toolbox-all-target-headers.hmap -Xcc -iquote -Xcc /Users/liu/Library/Developer/Xcode/DerivedData/Toolbox-cpgcsujffezisobdihlvfnevadbx/Build/Intermediates.noindex/Toolbox.build/Debug/Toolbox.build/Toolbox-project-headers.hmap -Xcc -I/Users/liu/Library/Developer/Xcode/DerivedData/Toolbox-cpgcsujffezisobdihlvfnevadbx/Build/Products/Debug/include -Xcc -I/Users/liu/Library/Developer/Xcode/DerivedData/Toolbox-cpgcsujffezisobdihlvfnevadbx/Build/Intermediates.noindex/Toolbox.build/Debug/Toolbox.build/DerivedSources-normal/arm64 -Xcc -I/Users/liu/Library/Developer/Xcode/DerivedData/Toolbox-cpgcsujffezisobdihlvfnevadbx/Build/Intermediates.noindex/Toolbox.build/Debug/Toolbox.build/DerivedSources/arm64 -Xcc -I/Users/liu/Library/Developer/Xcode/DerivedData/Toolbox-cpgcsujffezisobdihlvfnevadbx/Build/Intermediates.noindex/Toolbox.build/Debug/Toolbox.build/DerivedSources -module-name Toolbox -frontend-parseable-output -disable-clang-spi -target-sdk-version 13.1 -o /Users/liu/Library/Developer/Xcode/DerivedData/Toolbox-cpgcsujffezisobdihlvfnevadbx/Build/Intermediates.noindex/Toolbox.build/Debug/Toolbox.build/Objects-normal/arm64/SidebarView.o -index-unit-output-path /Toolbox.build/Debug/Toolbox.build/Objects-normal/arm64/SidebarView.o

CompileSwift normal arm64 /Users/liu/Desktop/develop/Toolbox/Toolbox/Views/SidebarView.swift (in target 'Toolbox' from project 'Toolbox')
    cd /Users/liu/Desktop/develop/Toolbox
    /Applications/Xcode.app/Contents/Developer/Toolchains/XcodeDefault.xctoolchain/usr/bin/swift-frontend -c /Users/liu/Desktop/develop/Toolbox/Toolbox/ToolboxApp.swift /Users/liu/Desktop/develop/Toolbox/Toolbox/Views/ContentView.swift /Users/liu/Desktop/develop/Toolbox/Toolbox/Models/ScriptTool.swift /Users/liu/Desktop/develop/Toolbox/Toolbox/ViewModels/RootViewModel.swift /Users/liu/Desktop/develop/Toolbox/Toolbox/Views/AppKitTextViews.swift -primary-file /Users/liu/Desktop/develop/Toolbox/Toolbox/Views/SidebarView.swift /Users/liu/Desktop/develop/Toolbox/Toolbox/Views/TextInputPane.swift /Users/liu/Desktop/develop/Toolbox/Toolbox/Views/TerminalPaneView.swift /Users/liu/Desktop/develop/Toolbox/Toolbox/Services/PTYTerminalService.swift /Users/liu/Desktop/develop/Toolbox/Toolbox/Services/ToolFileStore.swift /Users/liu/Desktop/develop/Toolbox/Toolbox/Services/PTYProcess.swift /Users/liu/Desktop/develop/Toolbox/Toolbox/Views/FileRenamerPane.swift /Users/liu/Desktop/develop/Toolbox/Toolbox/Views/WeeklyCheckPane.swift -emit-dependencies-path /Users/liu/Library/Developer/Xcode/DerivedData/Toolbox-cpgcsujffezisobdihlvfnevadbx/Build/Intermediates.noindex/Toolbox.build/Debug/Toolbox.build/Objects-normal/arm64/SidebarView.d -emit-reference-dependencies-path /Users/liu/Library/Developer/Xcode/DerivedData/Toolbox-cpgcsujffezisobdihlvfnevadbx/Build/Intermediates.noindex/Toolbox.build/Debug/Toolbox.build/Objects-normal/arm64/SidebarView.swiftdeps -serialize-diagnostics-path /Users/liu/Library/Developer/Xcode/DerivedData/Toolbox-cpgcsujffezisobdihlvfnevadbx/Build/Intermediates.noindex/Toolbox.build/Debug/Toolbox.build/Objects-normal/arm64/SidebarView.dia -emit-localized-strings -emit-localized-strings-path /Users/liu/Library/Developer/Xcode/DerivedData/Toolbox-cpgcsujffezisobdihlvfnevadbx/Build/Intermediates.noindex/Toolbox.build/Debug/Toolbox.build/Objects-normal/arm64 -target arm64-apple-macos12.3 -Xllvm -aarch64-use-tbi -enable-objc-interop -stack-check -sdk /Applications/Xcode.app/Contents/Developer/Platforms/MacOSX.platform/Developer/SDKs/MacOSX13.1.sdk -I /Users/liu/Library/Developer/Xcode/DerivedData/Toolbox-cpgcsujffezisobdihlvfnevadbx/Build/Products/Debug -F /Users/liu/Library/Developer/Xcode/DerivedData/Toolbox-cpgcsujffezisobdihlvfnevadbx/Build/Products/Debug -no-color-diagnostics -g -module-cache-path /Users/liu/Library/Developer/Xcode/DerivedData/ModuleCache.noindex -swift-version 5 -enforce-exclusivity\=checked -O -serialize-debugging-options -enable-bare-slash-regex -empty-abi-descriptor -Xcc -working-directory -Xcc /Users/liu/Desktop/develop/Toolbox -resource-dir /Applications/Xcode.app/Contents/Developer/Toolchains/XcodeDefault.xctoolchain/usr/lib/swift -Xcc -I/Users/liu/Library/Developer/Xcode/DerivedData/Toolbox-cpgcsujffezisobdihlvfnevadbx/Build/Intermediates.noindex/Toolbox.build/Debug/Toolbox.build/swift-overrides.hmap -Xcc -iquote -Xcc /Users/liu/Library/Developer/Xcode/DerivedData/Toolbox-cpgcsujffezisobdihlvfnevadbx/Build/Intermediates.noindex/Toolbox.build/Debug/Toolbox.build/Toolbox-generated-files.hmap -Xcc -I/Users/liu/Library/Developer/Xcode/DerivedData/Toolbox-cpgcsujffezisobdihlvfnevadbx/Build/Intermediates.noindex/Toolbox.build/Debug/Toolbox.build/Toolbox-own-target-headers.hmap -Xcc -I/Users/liu/Library/Developer/Xcode/DerivedData/Toolbox-cpgcsujffezisobdihlvfnevadbx/Build/Intermediates.noindex/Toolbox.build/Debug/Toolbox.build/Toolbox-all-target-headers.hmap -Xcc -iquote -Xcc /Users/liu/Library/Developer/Xcode/DerivedData/Toolbox-cpgcsujffezisobdihlvfnevadbx/Build/Intermediates.noindex/Toolbox.build/Debug/Toolbox.build/Toolbox-project-headers.hmap -Xcc -I/Users/liu/Library/Developer/Xcode/DerivedData/Toolbox-cpgcsujffezisobdihlvfnevadbx/Build/Products/Debug/include -Xcc -I/Users/liu/Library/Developer/Xcode/DerivedData/Toolbox-cpgcsujffezisobdihlvfnevadbx/Build/Intermediates.noindex/Toolbox.build/Debug/Toolbox.build/DerivedSources-normal/arm64 -Xcc -I/Users/liu/Library/Developer/Xcode/DerivedData/Toolbox-cpgcsujffezisobdihlvfnevadbx/Build/Intermediates.noindex/Toolbox.build/Debug/Toolbox.build/DerivedSources/arm64 -Xcc -I/Users/liu/Library/Developer/Xcode/DerivedData/Toolbox-cpgcsujffezisobdihlvfnevadbx/Build/Intermediates.noindex/Toolbox.build/Debug/Toolbox.build/DerivedSources -module-name Toolbox -frontend-parseable-output -disable-clang-spi -target-sdk-version 13.1 -o /Users/liu/Library/Developer/Xcode/DerivedData/Toolbox-cpgcsujffezisobdihlvfnevadbx/Build/Intermediates.noindex/Toolbox.build/Debug/Toolbox.build/Objects-normal/arm64/SidebarView.o -index-unit-output-path /Toolbox.build/Debug/Toolbox.build/Objects-normal/arm64/SidebarView.o

SwiftCompile normal arm64 Compiling\ ScriptTool.swift /Users/liu/Desktop/develop/Toolbox/Toolbox/Models/ScriptTool.swift (in target 'Toolbox' from project 'Toolbox')
    cd /Users/liu/Desktop/develop/Toolbox
    builtin-swiftTaskExecution -- /Applications/Xcode.app/Contents/Developer/Toolchains/XcodeDefault.xctoolchain/usr/bin/swift-frontend -frontend -c /Users/liu/Desktop/develop/Toolbox/Toolbox/ToolboxApp.swift /Users/liu/Desktop/develop/Toolbox/Toolbox/Views/ContentView.swift -primary-file /Users/liu/Desktop/develop/Toolbox/Toolbox/Models/ScriptTool.swift /Users/liu/Desktop/develop/Toolbox/Toolbox/ViewModels/RootViewModel.swift /Users/liu/Desktop/develop/Toolbox/Toolbox/Views/AppKitTextViews.swift /Users/liu/Desktop/develop/Toolbox/Toolbox/Views/SidebarView.swift /Users/liu/Desktop/develop/Toolbox/Toolbox/Views/TextInputPane.swift /Users/liu/Desktop/develop/Toolbox/Toolbox/Views/TerminalPaneView.swift /Users/liu/Desktop/develop/Toolbox/Toolbox/Services/PTYTerminalService.swift /Users/liu/Desktop/develop/Toolbox/Toolbox/Services/ToolFileStore.swift /Users/liu/Desktop/develop/Toolbox/Toolbox/Services/PTYProcess.swift /Users/liu/Desktop/develop/Toolbox/Toolbox/Views/FileRenamerPane.swift /Users/liu/Desktop/develop/Toolbox/Toolbox/Views/WeeklyCheckPane.swift -emit-dependencies-path /Users/liu/Library/Developer/Xcode/DerivedData/Toolbox-cpgcsujffezisobdihlvfnevadbx/Build/Intermediates.noindex/Toolbox.build/Debug/Toolbox.build/Objects-normal/arm64/ScriptTool.d -emit-reference-dependencies-path /Users/liu/Library/Developer/Xcode/DerivedData/Toolbox-cpgcsujffezisobdihlvfnevadbx/Build/Intermediates.noindex/Toolbox.build/Debug/Toolbox.build/Objects-normal/arm64/ScriptTool.swiftdeps -serialize-diagnostics-path /Users/liu/Library/Developer/Xcode/DerivedData/Toolbox-cpgcsujffezisobdihlvfnevadbx/Build/Intermediates.noindex/Toolbox.build/Debug/Toolbox.build/Objects-normal/arm64/ScriptTool.dia -emit-localized-strings -emit-localized-strings-path /Users/liu/Library/Developer/Xcode/DerivedData/Toolbox-cpgcsujffezisobdihlvfnevadbx/Build/Intermediates.noindex/Toolbox.build/Debug/Toolbox.build/Objects-normal/arm64 -target arm64-apple-macos12.3 -Xllvm -aarch64-use-tbi -enable-objc-interop -stack-check -sdk /Applications/Xcode.app/Contents/Developer/Platforms/MacOSX.platform/Developer/SDKs/MacOSX13.1.sdk -I /Users/liu/Library/Developer/Xcode/DerivedData/Toolbox-cpgcsujffezisobdihlvfnevadbx/Build/Products/Debug -F /Users/liu/Library/Developer/Xcode/DerivedData/Toolbox-cpgcsujffezisobdihlvfnevadbx/Build/Products/Debug -no-color-diagnostics -g -module-cache-path /Users/liu/Library/Developer/Xcode/DerivedData/ModuleCache.noindex -swift-version 5 -enforce-exclusivity\=checked -O -serialize-debugging-options -enable-bare-slash-regex -empty-abi-descriptor -Xcc -working-directory -Xcc /Users/liu/Desktop/develop/Toolbox -resource-dir /Applications/Xcode.app/Contents/Developer/Toolchains/XcodeDefault.xctoolchain/usr/lib/swift -Xcc -I/Users/liu/Library/Developer/Xcode/DerivedData/Toolbox-cpgcsujffezisobdihlvfnevadbx/Build/Intermediates.noindex/Toolbox.build/Debug/Toolbox.build/swift-overrides.hmap -Xcc -iquote -Xcc /Users/liu/Library/Developer/Xcode/DerivedData/Toolbox-cpgcsujffezisobdihlvfnevadbx/Build/Intermediates.noindex/Toolbox.build/Debug/Toolbox.build/Toolbox-generated-files.hmap -Xcc -I/Users/liu/Library/Developer/Xcode/DerivedData/Toolbox-cpgcsujffezisobdihlvfnevadbx/Build/Intermediates.noindex/Toolbox.build/Debug/Toolbox.build/Toolbox-own-target-headers.hmap -Xcc -I/Users/liu/Library/Developer/Xcode/DerivedData/Toolbox-cpgcsujffezisobdihlvfnevadbx/Build/Intermediates.noindex/Toolbox.build/Debug/Toolbox.build/Toolbox-all-target-headers.hmap -Xcc -iquote -Xcc /Users/liu/Library/Developer/Xcode/DerivedData/Toolbox-cpgcsujffezisobdihlvfnevadbx/Build/Intermediates.noindex/Toolbox.build/Debug/Toolbox.build/Toolbox-project-headers.hmap -Xcc -I/Users/liu/Library/Developer/Xcode/DerivedData/Toolbox-cpgcsujffezisobdihlvfnevadbx/Build/Products/Debug/include -Xcc -I/Users/liu/Library/Developer/Xcode/DerivedData/Toolbox-cpgcsujffezisobdihlvfnevadbx/Build/Intermediates.noindex/Toolbox.build/Debug/Toolbox.build/DerivedSources-normal/arm64 -Xcc -I/Users/liu/Library/Developer/Xcode/DerivedData/Toolbox-cpgcsujffezisobdihlvfnevadbx/Build/Intermediates.noindex/Toolbox.build/Debug/Toolbox.build/DerivedSources/arm64 -Xcc -I/Users/liu/Library/Developer/Xcode/DerivedData/Toolbox-cpgcsujffezisobdihlvfnevadbx/Build/Intermediates.noindex/Toolbox.build/Debug/Toolbox.build/DerivedSources -module-name Toolbox -frontend-parseable-output -disable-clang-spi -target-sdk-version 13.1 -o /Users/liu/Library/Developer/Xcode/DerivedData/Toolbox-cpgcsujffezisobdihlvfnevadbx/Build/Intermediates.noindex/Toolbox.build/Debug/Toolbox.build/Objects-normal/arm64/ScriptTool.o -index-unit-output-path /Toolbox.build/Debug/Toolbox.build/Objects-normal/arm64/ScriptTool.o

CompileSwift normal arm64 /Users/liu/Desktop/develop/Toolbox/Toolbox/Models/ScriptTool.swift (in target 'Toolbox' from project 'Toolbox')
    cd /Users/liu/Desktop/develop/Toolbox
    /Applications/Xcode.app/Contents/Developer/Toolchains/XcodeDefault.xctoolchain/usr/bin/swift-frontend -c /Users/liu/Desktop/develop/Toolbox/Toolbox/ToolboxApp.swift /Users/liu/Desktop/develop/Toolbox/Toolbox/Views/ContentView.swift -primary-file /Users/liu/Desktop/develop/Toolbox/Toolbox/Models/ScriptTool.swift /Users/liu/Desktop/develop/Toolbox/Toolbox/ViewModels/RootViewModel.swift /Users/liu/Desktop/develop/Toolbox/Toolbox/Views/AppKitTextViews.swift /Users/liu/Desktop/develop/Toolbox/Toolbox/Views/SidebarView.swift /Users/liu/Desktop/develop/Toolbox/Toolbox/Views/TextInputPane.swift /Users/liu/Desktop/develop/Toolbox/Toolbox/Views/TerminalPaneView.swift /Users/liu/Desktop/develop/Toolbox/Toolbox/Services/PTYTerminalService.swift /Users/liu/Desktop/develop/Toolbox/Toolbox/Services/ToolFileStore.swift /Users/liu/Desktop/develop/Toolbox/Toolbox/Services/PTYProcess.swift /Users/liu/Desktop/develop/Toolbox/Toolbox/Views/FileRenamerPane.swift /Users/liu/Desktop/develop/Toolbox/Toolbox/Views/WeeklyCheckPane.swift -emit-dependencies-path /Users/liu/Library/Developer/Xcode/DerivedData/Toolbox-cpgcsujffezisobdihlvfnevadbx/Build/Intermediates.noindex/Toolbox.build/Debug/Toolbox.build/Objects-normal/arm64/ScriptTool.d -emit-reference-dependencies-path /Users/liu/Library/Developer/Xcode/DerivedData/Toolbox-cpgcsujffezisobdihlvfnevadbx/Build/Intermediates.noindex/Toolbox.build/Debug/Toolbox.build/Objects-normal/arm64/ScriptTool.swiftdeps -serialize-diagnostics-path /Users/liu/Library/Developer/Xcode/DerivedData/Toolbox-cpgcsujffezisobdihlvfnevadbx/Build/Intermediates.noindex/Toolbox.build/Debug/Toolbox.build/Objects-normal/arm64/ScriptTool.dia -emit-localized-strings -emit-localized-strings-path /Users/liu/Library/Developer/Xcode/DerivedData/Toolbox-cpgcsujffezisobdihlvfnevadbx/Build/Intermediates.noindex/Toolbox.build/Debug/Toolbox.build/Objects-normal/arm64 -target arm64-apple-macos12.3 -Xllvm -aarch64-use-tbi -enable-objc-interop -stack-check -sdk /Applications/Xcode.app/Contents/Developer/Platforms/MacOSX.platform/Developer/SDKs/MacOSX13.1.sdk -I /Users/liu/Library/Developer/Xcode/DerivedData/Toolbox-cpgcsujffezisobdihlvfnevadbx/Build/Products/Debug -F /Users/liu/Library/Developer/Xcode/DerivedData/Toolbox-cpgcsujffezisobdihlvfnevadbx/Build/Products/Debug -no-color-diagnostics -g -module-cache-path /Users/liu/Library/Developer/Xcode/DerivedData/ModuleCache.noindex -swift-version 5 -enforce-exclusivity\=checked -O -serialize-debugging-options -enable-bare-slash-regex -empty-abi-descriptor -Xcc -working-directory -Xcc /Users/liu/Desktop/develop/Toolbox -resource-dir /Applications/Xcode.app/Contents/Developer/Toolchains/XcodeDefault.xctoolchain/usr/lib/swift -Xcc -I/Users/liu/Library/Developer/Xcode/DerivedData/Toolbox-cpgcsujffezisobdihlvfnevadbx/Build/Intermediates.noindex/Toolbox.build/Debug/Toolbox.build/swift-overrides.hmap -Xcc -iquote -Xcc /Users/liu/Library/Developer/Xcode/DerivedData/Toolbox-cpgcsujffezisobdihlvfnevadbx/Build/Intermediates.noindex/Toolbox.build/Debug/Toolbox.build/Toolbox-generated-files.hmap -Xcc -I/Users/liu/Library/Developer/Xcode/DerivedData/Toolbox-cpgcsujffezisobdihlvfnevadbx/Build/Intermediates.noindex/Toolbox.build/Debug/Toolbox.build/Toolbox-own-target-headers.hmap -Xcc -I/Users/liu/Library/Developer/Xcode/DerivedData/Toolbox-cpgcsujffezisobdihlvfnevadbx/Build/Intermediates.noindex/Toolbox.build/Debug/Toolbox.build/Toolbox-all-target-headers.hmap -Xcc -iquote -Xcc /Users/liu/Library/Developer/Xcode/DerivedData/Toolbox-cpgcsujffezisobdihlvfnevadbx/Build/Intermediates.noindex/Toolbox.build/Debug/Toolbox.build/Toolbox-project-headers.hmap -Xcc -I/Users/liu/Library/Developer/Xcode/DerivedData/Toolbox-cpgcsujffezisobdihlvfnevadbx/Build/Products/Debug/include -Xcc -I/Users/liu/Library/Developer/Xcode/DerivedData/Toolbox-cpgcsujffezisobdihlvfnevadbx/Build/Intermediates.noindex/Toolbox.build/Debug/Toolbox.build/DerivedSources-normal/arm64 -Xcc -I/Users/liu/Library/Developer/Xcode/DerivedData/Toolbox-cpgcsujffezisobdihlvfnevadbx/Build/Intermediates.noindex/Toolbox.build/Debug/Toolbox.build/DerivedSources/arm64 -Xcc -I/Users/liu/Library/Developer/Xcode/DerivedData/Toolbox-cpgcsujffezisobdihlvfnevadbx/Build/Intermediates.noindex/Toolbox.build/Debug/Toolbox.build/DerivedSources -module-name Toolbox -frontend-parseable-output -disable-clang-spi -target-sdk-version 13.1 -o /Users/liu/Library/Developer/Xcode/DerivedData/Toolbox-cpgcsujffezisobdihlvfnevadbx/Build/Intermediates.noindex/Toolbox.build/Debug/Toolbox.build/Objects-normal/arm64/ScriptTool.o -index-unit-output-path /Toolbox.build/Debug/Toolbox.build/Objects-normal/arm64/ScriptTool.o

SwiftEmitModule normal x86_64 Emitting\ module\ for\ Toolbox (in target 'Toolbox' from project 'Toolbox')
    cd /Users/liu/Desktop/develop/Toolbox
    builtin-swiftTaskExecution -- /Applications/Xcode.app/Contents/Developer/Toolchains/XcodeDefault.xctoolchain/usr/bin/swift-frontend -frontend -emit-module -experimental-skip-non-inlinable-function-bodies-without-types /Users/liu/Desktop/develop/Toolbox/Toolbox/ToolboxApp.swift /Users/liu/Desktop/develop/Toolbox/Toolbox/Views/ContentView.swift /Users/liu/Desktop/develop/Toolbox/Toolbox/Models/ScriptTool.swift /Users/liu/Desktop/develop/Toolbox/Toolbox/ViewModels/RootViewModel.swift /Users/liu/Desktop/develop/Toolbox/Toolbox/Views/AppKitTextViews.swift /Users/liu/Desktop/develop/Toolbox/Toolbox/Views/SidebarView.swift /Users/liu/Desktop/develop/Toolbox/Toolbox/Views/TextInputPane.swift /Users/liu/Desktop/develop/Toolbox/Toolbox/Views/TerminalPaneView.swift /Users/liu/Desktop/develop/Toolbox/Toolbox/Services/PTYTerminalService.swift /Users/liu/Desktop/develop/Toolbox/Toolbox/Services/ToolFileStore.swift /Users/liu/Desktop/develop/Toolbox/Toolbox/Services/PTYProcess.swift /Users/liu/Desktop/develop/Toolbox/Toolbox/Views/FileRenamerPane.swift /Users/liu/Desktop/develop/Toolbox/Toolbox/Views/WeeklyCheckPane.swift -target x86_64-apple-macos12.3 -enable-objc-interop -stack-check -sdk /Applications/Xcode.app/Contents/Developer/Platforms/MacOSX.platform/Developer/SDKs/MacOSX13.1.sdk -I /Users/liu/Library/Developer/Xcode/DerivedData/Toolbox-cpgcsujffezisobdihlvfnevadbx/Build/Products/Debug -F /Users/liu/Library/Developer/Xcode/DerivedData/Toolbox-cpgcsujffezisobdihlvfnevadbx/Build/Products/Debug -no-color-diagnostics -g -module-cache-path /Users/liu/Library/Developer/Xcode/DerivedData/ModuleCache.noindex -swift-version 5 -enforce-exclusivity\=checked -O -serialize-debugging-options -enable-bare-slash-regex -empty-abi-descriptor -Xcc -working-directory -Xcc /Users/liu/Desktop/develop/Toolbox -resource-dir /Applications/Xcode.app/Contents/Developer/Toolchains/XcodeDefault.xctoolchain/usr/lib/swift -Xcc -I/Users/liu/Library/Developer/Xcode/DerivedData/Toolbox-cpgcsujffezisobdihlvfnevadbx/Build/Intermediates.noindex/Toolbox.build/Debug/Toolbox.build/swift-overrides.hmap -Xcc -iquote -Xcc /Users/liu/Library/Developer/Xcode/DerivedData/Toolbox-cpgcsujffezisobdihlvfnevadbx/Build/Intermediates.noindex/Toolbox.build/Debug/Toolbox.build/Toolbox-generated-files.hmap -Xcc -I/Users/liu/Library/Developer/Xcode/DerivedData/Toolbox-cpgcsujffezisobdihlvfnevadbx/Build/Intermediates.noindex/Toolbox.build/Debug/Toolbox.build/Toolbox-own-target-headers.hmap -Xcc -I/Users/liu/Library/Developer/Xcode/DerivedData/Toolbox-cpgcsujffezisobdihlvfnevadbx/Build/Intermediates.noindex/Toolbox.build/Debug/Toolbox.build/Toolbox-all-target-headers.hmap -Xcc -iquote -Xcc /Users/liu/Library/Developer/Xcode/DerivedData/Toolbox-cpgcsujffezisobdihlvfnevadbx/Build/Intermediates.noindex/Toolbox.build/Debug/Toolbox.build/Toolbox-project-headers.hmap -Xcc -I/Users/liu/Library/Developer/Xcode/DerivedData/Toolbox-cpgcsujffezisobdihlvfnevadbx/Build/Products/Debug/include -Xcc -I/Users/liu/Library/Developer/Xcode/DerivedData/Toolbox-cpgcsujffezisobdihlvfnevadbx/Build/Intermediates.noindex/Toolbox.build/Debug/Toolbox.build/DerivedSources-normal/x86_64 -Xcc -I/Users/liu/Library/Developer/Xcode/DerivedData/Toolbox-cpgcsujffezisobdihlvfnevadbx/Build/Intermediates.noindex/Toolbox.build/Debug/Toolbox.build/DerivedSources/x86_64 -Xcc -I/Users/liu/Library/Developer/Xcode/DerivedData/Toolbox-cpgcsujffezisobdihlvfnevadbx/Build/Intermediates.noindex/Toolbox.build/Debug/Toolbox.build/DerivedSources -module-name Toolbox -disable-clang-spi -target-sdk-version 13.1 -emit-module-doc-path /Users/liu/Library/Developer/Xcode/DerivedData/Toolbox-cpgcsujffezisobdihlvfnevadbx/Build/Intermediates.noindex/Toolbox.build/Debug/Toolbox.build/Objects-normal/x86_64/Toolbox.swiftdoc -emit-module-source-info-path /Users/liu/Library/Developer/Xcode/DerivedData/Toolbox-cpgcsujffezisobdihlvfnevadbx/Build/Intermediates.noindex/Toolbox.build/Debug/Toolbox.build/Objects-normal/x86_64/Toolbox.swiftsourceinfo -emit-objc-header-path /Users/liu/Library/Developer/Xcode/DerivedData/Toolbox-cpgcsujffezisobdihlvfnevadbx/Build/Intermediates.noindex/Toolbox.build/Debug/Toolbox.build/Objects-normal/x86_64/Toolbox-Swift.h -serialize-diagnostics-path /Users/liu/Library/Developer/Xcode/DerivedData/Toolbox-cpgcsujffezisobdihlvfnevadbx/Build/Intermediates.noindex/Toolbox.build/Debug/Toolbox.build/Objects-normal/x86_64/Toolbox-master-emit-module.dia -emit-dependencies-path /Users/liu/Library/Developer/Xcode/DerivedData/Toolbox-cpgcsujffezisobdihlvfnevadbx/Build/Intermediates.noindex/Toolbox.build/Debug/Toolbox.build/Objects-normal/x86_64/Toolbox-master-emit-module.d -o /Users/liu/Library/Developer/Xcode/DerivedData/Toolbox-cpgcsujffezisobdihlvfnevadbx/Build/Intermediates.noindex/Toolbox.build/Debug/Toolbox.build/Objects-normal/x86_64/Toolbox.swiftmodule -emit-abi-descriptor-path /Users/liu/Library/Developer/Xcode/DerivedData/Toolbox-cpgcsujffezisobdihlvfnevadbx/Build/Intermediates.noindex/Toolbox.build/Debug/Toolbox.build/Objects-normal/x86_64/Toolbox.abi.json

SwiftCompile normal arm64 Compiling\ RootViewModel.swift /Users/liu/Desktop/develop/Toolbox/Toolbox/ViewModels/RootViewModel.swift (in target 'Toolbox' from project 'Toolbox')
    cd /Users/liu/Desktop/develop/Toolbox
    builtin-swiftTaskExecution -- /Applications/Xcode.app/Contents/Developer/Toolchains/XcodeDefault.xctoolchain/usr/bin/swift-frontend -frontend -c /Users/liu/Desktop/develop/Toolbox/Toolbox/ToolboxApp.swift /Users/liu/Desktop/develop/Toolbox/Toolbox/Views/ContentView.swift /Users/liu/Desktop/develop/Toolbox/Toolbox/Models/ScriptTool.swift -primary-file /Users/liu/Desktop/develop/Toolbox/Toolbox/ViewModels/RootViewModel.swift /Users/liu/Desktop/develop/Toolbox/Toolbox/Views/AppKitTextViews.swift /Users/liu/Desktop/develop/Toolbox/Toolbox/Views/SidebarView.swift /Users/liu/Desktop/develop/Toolbox/Toolbox/Views/TextInputPane.swift /Users/liu/Desktop/develop/Toolbox/Toolbox/Views/TerminalPaneView.swift /Users/liu/Desktop/develop/Toolbox/Toolbox/Services/PTYTerminalService.swift /Users/liu/Desktop/develop/Toolbox/Toolbox/Services/ToolFileStore.swift /Users/liu/Desktop/develop/Toolbox/Toolbox/Services/PTYProcess.swift /Users/liu/Desktop/develop/Toolbox/Toolbox/Views/FileRenamerPane.swift /Users/liu/Desktop/develop/Toolbox/Toolbox/Views/WeeklyCheckPane.swift -emit-dependencies-path /Users/liu/Library/Developer/Xcode/DerivedData/Toolbox-cpgcsujffezisobdihlvfnevadbx/Build/Intermediates.noindex/Toolbox.build/Debug/Toolbox.build/Objects-normal/arm64/RootViewModel.d -emit-reference-dependencies-path /Users/liu/Library/Developer/Xcode/DerivedData/Toolbox-cpgcsujffezisobdihlvfnevadbx/Build/Intermediates.noindex/Toolbox.build/Debug/Toolbox.build/Objects-normal/arm64/RootViewModel.swiftdeps -serialize-diagnostics-path /Users/liu/Library/Developer/Xcode/DerivedData/Toolbox-cpgcsujffezisobdihlvfnevadbx/Build/Intermediates.noindex/Toolbox.build/Debug/Toolbox.build/Objects-normal/arm64/RootViewModel.dia -emit-localized-strings -emit-localized-strings-path /Users/liu/Library/Developer/Xcode/DerivedData/Toolbox-cpgcsujffezisobdihlvfnevadbx/Build/Intermediates.noindex/Toolbox.build/Debug/Toolbox.build/Objects-normal/arm64 -target arm64-apple-macos12.3 -Xllvm -aarch64-use-tbi -enable-objc-interop -stack-check -sdk /Applications/Xcode.app/Contents/Developer/Platforms/MacOSX.platform/Developer/SDKs/MacOSX13.1.sdk -I /Users/liu/Library/Developer/Xcode/DerivedData/Toolbox-cpgcsujffezisobdihlvfnevadbx/Build/Products/Debug -F /Users/liu/Library/Developer/Xcode/DerivedData/Toolbox-cpgcsujffezisobdihlvfnevadbx/Build/Products/Debug -no-color-diagnostics -g -module-cache-path /Users/liu/Library/Developer/Xcode/DerivedData/ModuleCache.noindex -swift-version 5 -enforce-exclusivity\=checked -O -serialize-debugging-options -enable-bare-slash-regex -empty-abi-descriptor -Xcc -working-directory -Xcc /Users/liu/Desktop/develop/Toolbox -resource-dir /Applications/Xcode.app/Contents/Developer/Toolchains/XcodeDefault.xctoolchain/usr/lib/swift -Xcc -I/Users/liu/Library/Developer/Xcode/DerivedData/Toolbox-cpgcsujffezisobdihlvfnevadbx/Build/Intermediates.noindex/Toolbox.build/Debug/Toolbox.build/swift-overrides.hmap -Xcc -iquote -Xcc /Users/liu/Library/Developer/Xcode/DerivedData/Toolbox-cpgcsujffezisobdihlvfnevadbx/Build/Intermediates.noindex/Toolbox.build/Debug/Toolbox.build/Toolbox-generated-files.hmap -Xcc -I/Users/liu/Library/Developer/Xcode/DerivedData/Toolbox-cpgcsujffezisobdihlvfnevadbx/Build/Intermediates.noindex/Toolbox.build/Debug/Toolbox.build/Toolbox-own-target-headers.hmap -Xcc -I/Users/liu/Library/Developer/Xcode/DerivedData/Toolbox-cpgcsujffezisobdihlvfnevadbx/Build/Intermediates.noindex/Toolbox.build/Debug/Toolbox.build/Toolbox-all-target-headers.hmap -Xcc -iquote -Xcc /Users/liu/Library/Developer/Xcode/DerivedData/Toolbox-cpgcsujffezisobdihlvfnevadbx/Build/Intermediates.noindex/Toolbox.build/Debug/Toolbox.build/Toolbox-project-headers.hmap -Xcc -I/Users/liu/Library/Developer/Xcode/DerivedData/Toolbox-cpgcsujffezisobdihlvfnevadbx/Build/Products/Debug/include -Xcc -I/Users/liu/Library/Developer/Xcode/DerivedData/Toolbox-cpgcsujffezisobdihlvfnevadbx/Build/Intermediates.noindex/Toolbox.build/Debug/Toolbox.build/DerivedSources-normal/arm64 -Xcc -I/Users/liu/Library/Developer/Xcode/DerivedData/Toolbox-cpgcsujffezisobdihlvfnevadbx/Build/Intermediates.noindex/Toolbox.build/Debug/Toolbox.build/DerivedSources/arm64 -Xcc -I/Users/liu/Library/Developer/Xcode/DerivedData/Toolbox-cpgcsujffezisobdihlvfnevadbx/Build/Intermediates.noindex/Toolbox.build/Debug/Toolbox.build/DerivedSources -module-name Toolbox -frontend-parseable-output -disable-clang-spi -target-sdk-version 13.1 -o /Users/liu/Library/Developer/Xcode/DerivedData/Toolbox-cpgcsujffezisobdihlvfnevadbx/Build/Intermediates.noindex/Toolbox.build/Debug/Toolbox.build/Objects-normal/arm64/RootViewModel.o -index-unit-output-path /Toolbox.build/Debug/Toolbox.build/Objects-normal/arm64/RootViewModel.o

CompileSwift normal arm64 /Users/liu/Desktop/develop/Toolbox/Toolbox/ViewModels/RootViewModel.swift (in target 'Toolbox' from project 'Toolbox')
    cd /Users/liu/Desktop/develop/Toolbox
    /Applications/Xcode.app/Contents/Developer/Toolchains/XcodeDefault.xctoolchain/usr/bin/swift-frontend -c /Users/liu/Desktop/develop/Toolbox/Toolbox/ToolboxApp.swift /Users/liu/Desktop/develop/Toolbox/Toolbox/Views/ContentView.swift /Users/liu/Desktop/develop/Toolbox/Toolbox/Models/ScriptTool.swift -primary-file /Users/liu/Desktop/develop/Toolbox/Toolbox/ViewModels/RootViewModel.swift /Users/liu/Desktop/develop/Toolbox/Toolbox/Views/AppKitTextViews.swift /Users/liu/Desktop/develop/Toolbox/Toolbox/Views/SidebarView.swift /Users/liu/Desktop/develop/Toolbox/Toolbox/Views/TextInputPane.swift /Users/liu/Desktop/develop/Toolbox/Toolbox/Views/TerminalPaneView.swift /Users/liu/Desktop/develop/Toolbox/Toolbox/Services/PTYTerminalService.swift /Users/liu/Desktop/develop/Toolbox/Toolbox/Services/ToolFileStore.swift /Users/liu/Desktop/develop/Toolbox/Toolbox/Services/PTYProcess.swift /Users/liu/Desktop/develop/Toolbox/Toolbox/Views/FileRenamerPane.swift /Users/liu/Desktop/develop/Toolbox/Toolbox/Views/WeeklyCheckPane.swift -emit-dependencies-path /Users/liu/Library/Developer/Xcode/DerivedData/Toolbox-cpgcsujffezisobdihlvfnevadbx/Build/Intermediates.noindex/Toolbox.build/Debug/Toolbox.build/Objects-normal/arm64/RootViewModel.d -emit-reference-dependencies-path /Users/liu/Library/Developer/Xcode/DerivedData/Toolbox-cpgcsujffezisobdihlvfnevadbx/Build/Intermediates.noindex/Toolbox.build/Debug/Toolbox.build/Objects-normal/arm64/RootViewModel.swiftdeps -serialize-diagnostics-path /Users/liu/Library/Developer/Xcode/DerivedData/Toolbox-cpgcsujffezisobdihlvfnevadbx/Build/Intermediates.noindex/Toolbox.build/Debug/Toolbox.build/Objects-normal/arm64/RootViewModel.dia -emit-localized-strings -emit-localized-strings-path /Users/liu/Library/Developer/Xcode/DerivedData/Toolbox-cpgcsujffezisobdihlvfnevadbx/Build/Intermediates.noindex/Toolbox.build/Debug/Toolbox.build/Objects-normal/arm64 -target arm64-apple-macos12.3 -Xllvm -aarch64-use-tbi -enable-objc-interop -stack-check -sdk /Applications/Xcode.app/Contents/Developer/Platforms/MacOSX.platform/Developer/SDKs/MacOSX13.1.sdk -I /Users/liu/Library/Developer/Xcode/DerivedData/Toolbox-cpgcsujffezisobdihlvfnevadbx/Build/Products/Debug -F /Users/liu/Library/Developer/Xcode/DerivedData/Toolbox-cpgcsujffezisobdihlvfnevadbx/Build/Products/Debug -no-color-diagnostics -g -module-cache-path /Users/liu/Library/Developer/Xcode/DerivedData/ModuleCache.noindex -swift-version 5 -enforce-exclusivity\=checked -O -serialize-debugging-options -enable-bare-slash-regex -empty-abi-descriptor -Xcc -working-directory -Xcc /Users/liu/Desktop/develop/Toolbox -resource-dir /Applications/Xcode.app/Contents/Developer/Toolchains/XcodeDefault.xctoolchain/usr/lib/swift -Xcc -I/Users/liu/Library/Developer/Xcode/DerivedData/Toolbox-cpgcsujffezisobdihlvfnevadbx/Build/Intermediates.noindex/Toolbox.build/Debug/Toolbox.build/swift-overrides.hmap -Xcc -iquote -Xcc /Users/liu/Library/Developer/Xcode/DerivedData/Toolbox-cpgcsujffezisobdihlvfnevadbx/Build/Intermediates.noindex/Toolbox.build/Debug/Toolbox.build/Toolbox-generated-files.hmap -Xcc -I/Users/liu/Library/Developer/Xcode/DerivedData/Toolbox-cpgcsujffezisobdihlvfnevadbx/Build/Intermediates.noindex/Toolbox.build/Debug/Toolbox.build/Toolbox-own-target-headers.hmap -Xcc -I/Users/liu/Library/Developer/Xcode/DerivedData/Toolbox-cpgcsujffezisobdihlvfnevadbx/Build/Intermediates.noindex/Toolbox.build/Debug/Toolbox.build/Toolbox-all-target-headers.hmap -Xcc -iquote -Xcc /Users/liu/Library/Developer/Xcode/DerivedData/Toolbox-cpgcsujffezisobdihlvfnevadbx/Build/Intermediates.noindex/Toolbox.build/Debug/Toolbox.build/Toolbox-project-headers.hmap -Xcc -I/Users/liu/Library/Developer/Xcode/DerivedData/Toolbox-cpgcsujffezisobdihlvfnevadbx/Build/Products/Debug/include -Xcc -I/Users/liu/Library/Developer/Xcode/DerivedData/Toolbox-cpgcsujffezisobdihlvfnevadbx/Build/Intermediates.noindex/Toolbox.build/Debug/Toolbox.build/DerivedSources-normal/arm64 -Xcc -I/Users/liu/Library/Developer/Xcode/DerivedData/Toolbox-cpgcsujffezisobdihlvfnevadbx/Build/Intermediates.noindex/Toolbox.build/Debug/Toolbox.build/DerivedSources/arm64 -Xcc -I/Users/liu/Library/Developer/Xcode/DerivedData/Toolbox-cpgcsujffezisobdihlvfnevadbx/Build/Intermediates.noindex/Toolbox.build/Debug/Toolbox.build/DerivedSources -module-name Toolbox -frontend-parseable-output -disable-clang-spi -target-sdk-version 13.1 -o /Users/liu/Library/Developer/Xcode/DerivedData/Toolbox-cpgcsujffezisobdihlvfnevadbx/Build/Intermediates.noindex/Toolbox.build/Debug/Toolbox.build/Objects-normal/arm64/RootViewModel.o -index-unit-output-path /Toolbox.build/Debug/Toolbox.build/Objects-normal/arm64/RootViewModel.o
/Users/liu/Desktop/develop/Toolbox/Toolbox/ViewModels/RootViewModel.swift:300:25: warning: variable 'filteredChunk' was never mutated; consider changing to 'let' constant
                    var filteredChunk = chunk
                    ~~~ ^
                    let

SwiftCompile normal arm64 Compiling\ ToolboxApp.swift /Users/liu/Desktop/develop/Toolbox/Toolbox/ToolboxApp.swift (in target 'Toolbox' from project 'Toolbox')
    cd /Users/liu/Desktop/develop/Toolbox
    builtin-swiftTaskExecution -- /Applications/Xcode.app/Contents/Developer/Toolchains/XcodeDefault.xctoolchain/usr/bin/swift-frontend -frontend -c -primary-file /Users/liu/Desktop/develop/Toolbox/Toolbox/ToolboxApp.swift /Users/liu/Desktop/develop/Toolbox/Toolbox/Views/ContentView.swift /Users/liu/Desktop/develop/Toolbox/Toolbox/Models/ScriptTool.swift /Users/liu/Desktop/develop/Toolbox/Toolbox/ViewModels/RootViewModel.swift /Users/liu/Desktop/develop/Toolbox/Toolbox/Views/AppKitTextViews.swift /Users/liu/Desktop/develop/Toolbox/Toolbox/Views/SidebarView.swift /Users/liu/Desktop/develop/Toolbox/Toolbox/Views/TextInputPane.swift /Users/liu/Desktop/develop/Toolbox/Toolbox/Views/TerminalPaneView.swift /Users/liu/Desktop/develop/Toolbox/Toolbox/Services/PTYTerminalService.swift /Users/liu/Desktop/develop/Toolbox/Toolbox/Services/ToolFileStore.swift /Users/liu/Desktop/develop/Toolbox/Toolbox/Services/PTYProcess.swift /Users/liu/Desktop/develop/Toolbox/Toolbox/Views/FileRenamerPane.swift /Users/liu/Desktop/develop/Toolbox/Toolbox/Views/WeeklyCheckPane.swift -emit-dependencies-path /Users/liu/Library/Developer/Xcode/DerivedData/Toolbox-cpgcsujffezisobdihlvfnevadbx/Build/Intermediates.noindex/Toolbox.build/Debug/Toolbox.build/Objects-normal/arm64/ToolboxApp.d -emit-reference-dependencies-path /Users/liu/Library/Developer/Xcode/DerivedData/Toolbox-cpgcsujffezisobdihlvfnevadbx/Build/Intermediates.noindex/Toolbox.build/Debug/Toolbox.build/Objects-normal/arm64/ToolboxApp.swiftdeps -serialize-diagnostics-path /Users/liu/Library/Developer/Xcode/DerivedData/Toolbox-cpgcsujffezisobdihlvfnevadbx/Build/Intermediates.noindex/Toolbox.build/Debug/Toolbox.build/Objects-normal/arm64/ToolboxApp.dia -emit-localized-strings -emit-localized-strings-path /Users/liu/Library/Developer/Xcode/DerivedData/Toolbox-cpgcsujffezisobdihlvfnevadbx/Build/Intermediates.noindex/Toolbox.build/Debug/Toolbox.build/Objects-normal/arm64 -target arm64-apple-macos12.3 -Xllvm -aarch64-use-tbi -enable-objc-interop -stack-check -sdk /Applications/Xcode.app/Contents/Developer/Platforms/MacOSX.platform/Developer/SDKs/MacOSX13.1.sdk -I /Users/liu/Library/Developer/Xcode/DerivedData/Toolbox-cpgcsujffezisobdihlvfnevadbx/Build/Products/Debug -F /Users/liu/Library/Developer/Xcode/DerivedData/Toolbox-cpgcsujffezisobdihlvfnevadbx/Build/Products/Debug -no-color-diagnostics -g -module-cache-path /Users/liu/Library/Developer/Xcode/DerivedData/ModuleCache.noindex -swift-version 5 -enforce-exclusivity\=checked -O -serialize-debugging-options -enable-bare-slash-regex -empty-abi-descriptor -Xcc -working-directory -Xcc /Users/liu/Desktop/develop/Toolbox -resource-dir /Applications/Xcode.app/Contents/Developer/Toolchains/XcodeDefault.xctoolchain/usr/lib/swift -Xcc -I/Users/liu/Library/Developer/Xcode/DerivedData/Toolbox-cpgcsujffezisobdihlvfnevadbx/Build/Intermediates.noindex/Toolbox.build/Debug/Toolbox.build/swift-overrides.hmap -Xcc -iquote -Xcc /Users/liu/Library/Developer/Xcode/DerivedData/Toolbox-cpgcsujffezisobdihlvfnevadbx/Build/Intermediates.noindex/Toolbox.build/Debug/Toolbox.build/Toolbox-generated-files.hmap -Xcc -I/Users/liu/Library/Developer/Xcode/DerivedData/Toolbox-cpgcsujffezisobdihlvfnevadbx/Build/Intermediates.noindex/Toolbox.build/Debug/Toolbox.build/Toolbox-own-target-headers.hmap -Xcc -I/Users/liu/Library/Developer/Xcode/DerivedData/Toolbox-cpgcsujffezisobdihlvfnevadbx/Build/Intermediates.noindex/Toolbox.build/Debug/Toolbox.build/Toolbox-all-target-headers.hmap -Xcc -iquote -Xcc /Users/liu/Library/Developer/Xcode/DerivedData/Toolbox-cpgcsujffezisobdihlvfnevadbx/Build/Intermediates.noindex/Toolbox.build/Debug/Toolbox.build/Toolbox-project-headers.hmap -Xcc -I/Users/liu/Library/Developer/Xcode/DerivedData/Toolbox-cpgcsujffezisobdihlvfnevadbx/Build/Products/Debug/include -Xcc -I/Users/liu/Library/Developer/Xcode/DerivedData/Toolbox-cpgcsujffezisobdihlvfnevadbx/Build/Intermediates.noindex/Toolbox.build/Debug/Toolbox.build/DerivedSources-normal/arm64 -Xcc -I/Users/liu/Library/Developer/Xcode/DerivedData/Toolbox-cpgcsujffezisobdihlvfnevadbx/Build/Intermediates.noindex/Toolbox.build/Debug/Toolbox.build/DerivedSources/arm64 -Xcc -I/Users/liu/Library/Developer/Xcode/DerivedData/Toolbox-cpgcsujffezisobdihlvfnevadbx/Build/Intermediates.noindex/Toolbox.build/Debug/Toolbox.build/DerivedSources -module-name Toolbox -frontend-parseable-output -disable-clang-spi -target-sdk-version 13.1 -o /Users/liu/Library/Developer/Xcode/DerivedData/Toolbox-cpgcsujffezisobdihlvfnevadbx/Build/Intermediates.noindex/Toolbox.build/Debug/Toolbox.build/Objects-normal/arm64/ToolboxApp.o -index-unit-output-path /Toolbox.build/Debug/Toolbox.build/Objects-normal/arm64/ToolboxApp.o

CompileSwift normal arm64 /Users/liu/Desktop/develop/Toolbox/Toolbox/ToolboxApp.swift (in target 'Toolbox' from project 'Toolbox')
    cd /Users/liu/Desktop/develop/Toolbox
    /Applications/Xcode.app/Contents/Developer/Toolchains/XcodeDefault.xctoolchain/usr/bin/swift-frontend -c -primary-file /Users/liu/Desktop/develop/Toolbox/Toolbox/ToolboxApp.swift /Users/liu/Desktop/develop/Toolbox/Toolbox/Views/ContentView.swift /Users/liu/Desktop/develop/Toolbox/Toolbox/Models/ScriptTool.swift /Users/liu/Desktop/develop/Toolbox/Toolbox/ViewModels/RootViewModel.swift /Users/liu/Desktop/develop/Toolbox/Toolbox/Views/AppKitTextViews.swift /Users/liu/Desktop/develop/Toolbox/Toolbox/Views/SidebarView.swift /Users/liu/Desktop/develop/Toolbox/Toolbox/Views/TextInputPane.swift /Users/liu/Desktop/develop/Toolbox/Toolbox/Views/TerminalPaneView.swift /Users/liu/Desktop/develop/Toolbox/Toolbox/Services/PTYTerminalService.swift /Users/liu/Desktop/develop/Toolbox/Toolbox/Services/ToolFileStore.swift /Users/liu/Desktop/develop/Toolbox/Toolbox/Services/PTYProcess.swift /Users/liu/Desktop/develop/Toolbox/Toolbox/Views/FileRenamerPane.swift /Users/liu/Desktop/develop/Toolbox/Toolbox/Views/WeeklyCheckPane.swift -emit-dependencies-path /Users/liu/Library/Developer/Xcode/DerivedData/Toolbox-cpgcsujffezisobdihlvfnevadbx/Build/Intermediates.noindex/Toolbox.build/Debug/Toolbox.build/Objects-normal/arm64/ToolboxApp.d -emit-reference-dependencies-path /Users/liu/Library/Developer/Xcode/DerivedData/Toolbox-cpgcsujffezisobdihlvfnevadbx/Build/Intermediates.noindex/Toolbox.build/Debug/Toolbox.build/Objects-normal/arm64/ToolboxApp.swiftdeps -serialize-diagnostics-path /Users/liu/Library/Developer/Xcode/DerivedData/Toolbox-cpgcsujffezisobdihlvfnevadbx/Build/Intermediates.noindex/Toolbox.build/Debug/Toolbox.build/Objects-normal/arm64/ToolboxApp.dia -emit-localized-strings -emit-localized-strings-path /Users/liu/Library/Developer/Xcode/DerivedData/Toolbox-cpgcsujffezisobdihlvfnevadbx/Build/Intermediates.noindex/Toolbox.build/Debug/Toolbox.build/Objects-normal/arm64 -target arm64-apple-macos12.3 -Xllvm -aarch64-use-tbi -enable-objc-interop -stack-check -sdk /Applications/Xcode.app/Contents/Developer/Platforms/MacOSX.platform/Developer/SDKs/MacOSX13.1.sdk -I /Users/liu/Library/Developer/Xcode/DerivedData/Toolbox-cpgcsujffezisobdihlvfnevadbx/Build/Products/Debug -F /Users/liu/Library/Developer/Xcode/DerivedData/Toolbox-cpgcsujffezisobdihlvfnevadbx/Build/Products/Debug -no-color-diagnostics -g -module-cache-path /Users/liu/Library/Developer/Xcode/DerivedData/ModuleCache.noindex -swift-version 5 -enforce-exclusivity\=checked -O -serialize-debugging-options -enable-bare-slash-regex -empty-abi-descriptor -Xcc -working-directory -Xcc /Users/liu/Desktop/develop/Toolbox -resource-dir /Applications/Xcode.app/Contents/Developer/Toolchains/XcodeDefault.xctoolchain/usr/lib/swift -Xcc -I/Users/liu/Library/Developer/Xcode/DerivedData/Toolbox-cpgcsujffezisobdihlvfnevadbx/Build/Intermediates.noindex/Toolbox.build/Debug/Toolbox.build/swift-overrides.hmap -Xcc -iquote -Xcc /Users/liu/Library/Developer/Xcode/DerivedData/Toolbox-cpgcsujffezisobdihlvfnevadbx/Build/Intermediates.noindex/Toolbox.build/Debug/Toolbox.build/Toolbox-generated-files.hmap -Xcc -I/Users/liu/Library/Developer/Xcode/DerivedData/Toolbox-cpgcsujffezisobdihlvfnevadbx/Build/Intermediates.noindex/Toolbox.build/Debug/Toolbox.build/Toolbox-own-target-headers.hmap -Xcc -I/Users/liu/Library/Developer/Xcode/DerivedData/Toolbox-cpgcsujffezisobdihlvfnevadbx/Build/Intermediates.noindex/Toolbox.build/Debug/Toolbox.build/Toolbox-all-target-headers.hmap -Xcc -iquote -Xcc /Users/liu/Library/Developer/Xcode/DerivedData/Toolbox-cpgcsujffezisobdihlvfnevadbx/Build/Intermediates.noindex/Toolbox.build/Debug/Toolbox.build/Toolbox-project-headers.hmap -Xcc -I/Users/liu/Library/Developer/Xcode/DerivedData/Toolbox-cpgcsujffezisobdihlvfnevadbx/Build/Products/Debug/include -Xcc -I/Users/liu/Library/Developer/Xcode/DerivedData/Toolbox-cpgcsujffezisobdihlvfnevadbx/Build/Intermediates.noindex/Toolbox.build/Debug/Toolbox.build/DerivedSources-normal/arm64 -Xcc -I/Users/liu/Library/Developer/Xcode/DerivedData/Toolbox-cpgcsujffezisobdihlvfnevadbx/Build/Intermediates.noindex/Toolbox.build/Debug/Toolbox.build/DerivedSources/arm64 -Xcc -I/Users/liu/Library/Developer/Xcode/DerivedData/Toolbox-cpgcsujffezisobdihlvfnevadbx/Build/Intermediates.noindex/Toolbox.build/Debug/Toolbox.build/DerivedSources -module-name Toolbox -frontend-parseable-output -disable-clang-spi -target-sdk-version 13.1 -o /Users/liu/Library/Developer/Xcode/DerivedData/Toolbox-cpgcsujffezisobdihlvfnevadbx/Build/Intermediates.noindex/Toolbox.build/Debug/Toolbox.build/Objects-normal/arm64/ToolboxApp.o -index-unit-output-path /Toolbox.build/Debug/Toolbox.build/Objects-normal/arm64/ToolboxApp.o

SwiftCompile normal arm64 Compiling\ ContentView.swift /Users/liu/Desktop/develop/Toolbox/Toolbox/Views/ContentView.swift (in target 'Toolbox' from project 'Toolbox')
    cd /Users/liu/Desktop/develop/Toolbox
    builtin-swiftTaskExecution -- /Applications/Xcode.app/Contents/Developer/Toolchains/XcodeDefault.xctoolchain/usr/bin/swift-frontend -frontend -c /Users/liu/Desktop/develop/Toolbox/Toolbox/ToolboxApp.swift -primary-file /Users/liu/Desktop/develop/Toolbox/Toolbox/Views/ContentView.swift /Users/liu/Desktop/develop/Toolbox/Toolbox/Models/ScriptTool.swift /Users/liu/Desktop/develop/Toolbox/Toolbox/ViewModels/RootViewModel.swift /Users/liu/Desktop/develop/Toolbox/Toolbox/Views/AppKitTextViews.swift /Users/liu/Desktop/develop/Toolbox/Toolbox/Views/SidebarView.swift /Users/liu/Desktop/develop/Toolbox/Toolbox/Views/TextInputPane.swift /Users/liu/Desktop/develop/Toolbox/Toolbox/Views/TerminalPaneView.swift /Users/liu/Desktop/develop/Toolbox/Toolbox/Services/PTYTerminalService.swift /Users/liu/Desktop/develop/Toolbox/Toolbox/Services/ToolFileStore.swift /Users/liu/Desktop/develop/Toolbox/Toolbox/Services/PTYProcess.swift /Users/liu/Desktop/develop/Toolbox/Toolbox/Views/FileRenamerPane.swift /Users/liu/Desktop/develop/Toolbox/Toolbox/Views/WeeklyCheckPane.swift -emit-dependencies-path /Users/liu/Library/Developer/Xcode/DerivedData/Toolbox-cpgcsujffezisobdihlvfnevadbx/Build/Intermediates.noindex/Toolbox.build/Debug/Toolbox.build/Objects-normal/arm64/ContentView.d -emit-reference-dependencies-path /Users/liu/Library/Developer/Xcode/DerivedData/Toolbox-cpgcsujffezisobdihlvfnevadbx/Build/Intermediates.noindex/Toolbox.build/Debug/Toolbox.build/Objects-normal/arm64/ContentView.swiftdeps -serialize-diagnostics-path /Users/liu/Library/Developer/Xcode/DerivedData/Toolbox-cpgcsujffezisobdihlvfnevadbx/Build/Intermediates.noindex/Toolbox.build/Debug/Toolbox.build/Objects-normal/arm64/ContentView.dia -emit-localized-strings -emit-localized-strings-path /Users/liu/Library/Developer/Xcode/DerivedData/Toolbox-cpgcsujffezisobdihlvfnevadbx/Build/Intermediates.noindex/Toolbox.build/Debug/Toolbox.build/Objects-normal/arm64 -target arm64-apple-macos12.3 -Xllvm -aarch64-use-tbi -enable-objc-interop -stack-check -sdk /Applications/Xcode.app/Contents/Developer/Platforms/MacOSX.platform/Developer/SDKs/MacOSX13.1.sdk -I /Users/liu/Library/Developer/Xcode/DerivedData/Toolbox-cpgcsujffezisobdihlvfnevadbx/Build/Products/Debug -F /Users/liu/Library/Developer/Xcode/DerivedData/Toolbox-cpgcsujffezisobdihlvfnevadbx/Build/Products/Debug -no-color-diagnostics -g -module-cache-path /Users/liu/Library/Developer/Xcode/DerivedData/ModuleCache.noindex -swift-version 5 -enforce-exclusivity\=checked -O -serialize-debugging-options -enable-bare-slash-regex -empty-abi-descriptor -Xcc -working-directory -Xcc /Users/liu/Desktop/develop/Toolbox -resource-dir /Applications/Xcode.app/Contents/Developer/Toolchains/XcodeDefault.xctoolchain/usr/lib/swift -Xcc -I/Users/liu/Library/Developer/Xcode/DerivedData/Toolbox-cpgcsujffezisobdihlvfnevadbx/Build/Intermediates.noindex/Toolbox.build/Debug/Toolbox.build/swift-overrides.hmap -Xcc -iquote -Xcc /Users/liu/Library/Developer/Xcode/DerivedData/Toolbox-cpgcsujffezisobdihlvfnevadbx/Build/Intermediates.noindex/Toolbox.build/Debug/Toolbox.build/Toolbox-generated-files.hmap -Xcc -I/Users/liu/Library/Developer/Xcode/DerivedData/Toolbox-cpgcsujffezisobdihlvfnevadbx/Build/Intermediates.noindex/Toolbox.build/Debug/Toolbox.build/Toolbox-own-target-headers.hmap -Xcc -I/Users/liu/Library/Developer/Xcode/DerivedData/Toolbox-cpgcsujffezisobdihlvfnevadbx/Build/Intermediates.noindex/Toolbox.build/Debug/Toolbox.build/Toolbox-all-target-headers.hmap -Xcc -iquote -Xcc /Users/liu/Library/Developer/Xcode/DerivedData/Toolbox-cpgcsujffezisobdihlvfnevadbx/Build/Intermediates.noindex/Toolbox.build/Debug/Toolbox.build/Toolbox-project-headers.hmap -Xcc -I/Users/liu/Library/Developer/Xcode/DerivedData/Toolbox-cpgcsujffezisobdihlvfnevadbx/Build/Products/Debug/include -Xcc -I/Users/liu/Library/Developer/Xcode/DerivedData/Toolbox-cpgcsujffezisobdihlvfnevadbx/Build/Intermediates.noindex/Toolbox.build/Debug/Toolbox.build/DerivedSources-normal/arm64 -Xcc -I/Users/liu/Library/Developer/Xcode/DerivedData/Toolbox-cpgcsujffezisobdihlvfnevadbx/Build/Intermediates.noindex/Toolbox.build/Debug/Toolbox.build/DerivedSources/arm64 -Xcc -I/Users/liu/Library/Developer/Xcode/DerivedData/Toolbox-cpgcsujffezisobdihlvfnevadbx/Build/Intermediates.noindex/Toolbox.build/Debug/Toolbox.build/DerivedSources -module-name Toolbox -frontend-parseable-output -disable-clang-spi -target-sdk-version 13.1 -o /Users/liu/Library/Developer/Xcode/DerivedData/Toolbox-cpgcsujffezisobdihlvfnevadbx/Build/Intermediates.noindex/Toolbox.build/Debug/Toolbox.build/Objects-normal/arm64/ContentView.o -index-unit-output-path /Toolbox.build/Debug/Toolbox.build/Objects-normal/arm64/ContentView.o

CompileSwift normal arm64 /Users/liu/Desktop/develop/Toolbox/Toolbox/Views/ContentView.swift (in target 'Toolbox' from project 'Toolbox')
    cd /Users/liu/Desktop/develop/Toolbox
    /Applications/Xcode.app/Contents/Developer/Toolchains/XcodeDefault.xctoolchain/usr/bin/swift-frontend -c /Users/liu/Desktop/develop/Toolbox/Toolbox/ToolboxApp.swift -primary-file /Users/liu/Desktop/develop/Toolbox/Toolbox/Views/ContentView.swift /Users/liu/Desktop/develop/Toolbox/Toolbox/Models/ScriptTool.swift /Users/liu/Desktop/develop/Toolbox/Toolbox/ViewModels/RootViewModel.swift /Users/liu/Desktop/develop/Toolbox/Toolbox/Views/AppKitTextViews.swift /Users/liu/Desktop/develop/Toolbox/Toolbox/Views/SidebarView.swift /Users/liu/Desktop/develop/Toolbox/Toolbox/Views/TextInputPane.swift /Users/liu/Desktop/develop/Toolbox/Toolbox/Views/TerminalPaneView.swift /Users/liu/Desktop/develop/Toolbox/Toolbox/Services/PTYTerminalService.swift /Users/liu/Desktop/develop/Toolbox/Toolbox/Services/ToolFileStore.swift /Users/liu/Desktop/develop/Toolbox/Toolbox/Services/PTYProcess.swift /Users/liu/Desktop/develop/Toolbox/Toolbox/Views/FileRenamerPane.swift /Users/liu/Desktop/develop/Toolbox/Toolbox/Views/WeeklyCheckPane.swift -emit-dependencies-path /Users/liu/Library/Developer/Xcode/DerivedData/Toolbox-cpgcsujffezisobdihlvfnevadbx/Build/Intermediates.noindex/Toolbox.build/Debug/Toolbox.build/Objects-normal/arm64/ContentView.d -emit-reference-dependencies-path /Users/liu/Library/Developer/Xcode/DerivedData/Toolbox-cpgcsujffezisobdihlvfnevadbx/Build/Intermediates.noindex/Toolbox.build/Debug/Toolbox.build/Objects-normal/arm64/ContentView.swiftdeps -serialize-diagnostics-path /Users/liu/Library/Developer/Xcode/DerivedData/Toolbox-cpgcsujffezisobdihlvfnevadbx/Build/Intermediates.noindex/Toolbox.build/Debug/Toolbox.build/Objects-normal/arm64/ContentView.dia -emit-localized-strings -emit-localized-strings-path /Users/liu/Library/Developer/Xcode/DerivedData/Toolbox-cpgcsujffezisobdihlvfnevadbx/Build/Intermediates.noindex/Toolbox.build/Debug/Toolbox.build/Objects-normal/arm64 -target arm64-apple-macos12.3 -Xllvm -aarch64-use-tbi -enable-objc-interop -stack-check -sdk /Applications/Xcode.app/Contents/Developer/Platforms/MacOSX.platform/Developer/SDKs/MacOSX13.1.sdk -I /Users/liu/Library/Developer/Xcode/DerivedData/Toolbox-cpgcsujffezisobdihlvfnevadbx/Build/Products/Debug -F /Users/liu/Library/Developer/Xcode/DerivedData/Toolbox-cpgcsujffezisobdihlvfnevadbx/Build/Products/Debug -no-color-diagnostics -g -module-cache-path /Users/liu/Library/Developer/Xcode/DerivedData/ModuleCache.noindex -swift-version 5 -enforce-exclusivity\=checked -O -serialize-debugging-options -enable-bare-slash-regex -empty-abi-descriptor -Xcc -working-directory -Xcc /Users/liu/Desktop/develop/Toolbox -resource-dir /Applications/Xcode.app/Contents/Developer/Toolchains/XcodeDefault.xctoolchain/usr/lib/swift -Xcc -I/Users/liu/Library/Developer/Xcode/DerivedData/Toolbox-cpgcsujffezisobdihlvfnevadbx/Build/Intermediates.noindex/Toolbox.build/Debug/Toolbox.build/swift-overrides.hmap -Xcc -iquote -Xcc /Users/liu/Library/Developer/Xcode/DerivedData/Toolbox-cpgcsujffezisobdihlvfnevadbx/Build/Intermediates.noindex/Toolbox.build/Debug/Toolbox.build/Toolbox-generated-files.hmap -Xcc -I/Users/liu/Library/Developer/Xcode/DerivedData/Toolbox-cpgcsujffezisobdihlvfnevadbx/Build/Intermediates.noindex/Toolbox.build/Debug/Toolbox.build/Toolbox-own-target-headers.hmap -Xcc -I/Users/liu/Library/Developer/Xcode/DerivedData/Toolbox-cpgcsujffezisobdihlvfnevadbx/Build/Intermediates.noindex/Toolbox.build/Debug/Toolbox.build/Toolbox-all-target-headers.hmap -Xcc -iquote -Xcc /Users/liu/Library/Developer/Xcode/DerivedData/Toolbox-cpgcsujffezisobdihlvfnevadbx/Build/Intermediates.noindex/Toolbox.build/Debug/Toolbox.build/Toolbox-project-headers.hmap -Xcc -I/Users/liu/Library/Developer/Xcode/DerivedData/Toolbox-cpgcsujffezisobdihlvfnevadbx/Build/Products/Debug/include -Xcc -I/Users/liu/Library/Developer/Xcode/DerivedData/Toolbox-cpgcsujffezisobdihlvfnevadbx/Build/Intermediates.noindex/Toolbox.build/Debug/Toolbox.build/DerivedSources-normal/arm64 -Xcc -I/Users/liu/Library/Developer/Xcode/DerivedData/Toolbox-cpgcsujffezisobdihlvfnevadbx/Build/Intermediates.noindex/Toolbox.build/Debug/Toolbox.build/DerivedSources/arm64 -Xcc -I/Users/liu/Library/Developer/Xcode/DerivedData/Toolbox-cpgcsujffezisobdihlvfnevadbx/Build/Intermediates.noindex/Toolbox.build/Debug/Toolbox.build/DerivedSources -module-name Toolbox -frontend-parseable-output -disable-clang-spi -target-sdk-version 13.1 -o /Users/liu/Library/Developer/Xcode/DerivedData/Toolbox-cpgcsujffezisobdihlvfnevadbx/Build/Intermediates.noindex/Toolbox.build/Debug/Toolbox.build/Objects-normal/arm64/ContentView.o -index-unit-output-path /Toolbox.build/Debug/Toolbox.build/Objects-normal/arm64/ContentView.o
/Users/liu/Desktop/develop/Toolbox/Toolbox/Views/ContentView.swift:9:42: warning: converting function value of type '@MainActor () -> ()' to '() -> Void' loses global actor 'MainActor'
                Button(action: viewModel.toggleSidebarVisibility) {
                                         ^
/Users/liu/Desktop/develop/Toolbox/Toolbox/Views/ContentView.swift:24:43: warning: converting function value of type '@MainActor (Int, Int) -> ()' to '(Int, Int) -> Void' loses global actor 'MainActor'
                        onMove: viewModel.moveVisibleTools,
                                          ^
/Users/liu/Desktop/develop/Toolbox/Toolbox/Views/ContentView.swift:25:49: warning: converting function value of type '@MainActor (String) -> Bool' to '(String) -> Bool' loses global actor 'MainActor'
                        isToolHidden: viewModel.isToolHidden,
                                                ^
/Users/liu/Desktop/develop/Toolbox/Toolbox/Views/ContentView.swift:26:59: warning: converting function value of type '@MainActor (String) -> ()' to '(String) -> Void' loses global actor 'MainActor'
                        onToggleToolVisibility: viewModel.toggleToolVisibility
                                                          ^
/Users/liu/Desktop/develop/Toolbox/Toolbox/Views/ContentView.swift:79:31: warning: converting function value of type '@MainActor () -> ()' to '() -> Void' loses global actor 'MainActor'
            onHelp: viewModel.toggleHelp,
                              ^
/Users/liu/Desktop/develop/Toolbox/Toolbox/Views/ContentView.swift:80:33: warning: converting function value of type '@MainActor () -> ()' to '() -> Void' loses global actor 'MainActor'
            onConfig: viewModel.handleConfigButton,
                                ^
/Users/liu/Desktop/develop/Toolbox/Toolbox/Views/ContentView.swift:94:40: warning: converting function value of type '@MainActor (String) -> ()' to '(String) -> Void' loses global actor 'MainActor'
            onTerminalInput: viewModel.sendTerminalInput,
                                       ^
/Users/liu/Desktop/develop/Toolbox/Toolbox/Views/ContentView.swift:95:31: warning: converting function value of type '@MainActor () -> ()' to '() -> Void' loses global actor 'MainActor'
            onHelp: viewModel.toggleHelp,
                              ^
/Users/liu/Desktop/develop/Toolbox/Toolbox/Views/ContentView.swift:96:33: warning: converting function value of type '@MainActor () -> ()' to '() -> Void' loses global actor 'MainActor'
            onConfig: viewModel.handleConfigButton,
                                ^
/Users/liu/Desktop/develop/Toolbox/Toolbox/Views/ContentView.swift:98:32: warning: converting function value of type '@MainActor () -> ()' to '() -> Void' loses global actor 'MainActor'
            onStart: viewModel.startSelectedTool,
                               ^
/Users/liu/Desktop/develop/Toolbox/Toolbox/Views/ContentView.swift:99:31: warning: converting function value of type '@MainActor () -> ()' to '() -> Void' loses global actor 'MainActor'
            onStop: viewModel.stopSelectedTool
                              ^

SwiftCompile normal x86_64 Compiling\ PTYProcess.swift /Users/liu/Desktop/develop/Toolbox/Toolbox/Services/PTYProcess.swift (in target 'Toolbox' from project 'Toolbox')
    cd /Users/liu/Desktop/develop/Toolbox
    builtin-swiftTaskExecution -- /Applications/Xcode.app/Contents/Developer/Toolchains/XcodeDefault.xctoolchain/usr/bin/swift-frontend -frontend -c /Users/liu/Desktop/develop/Toolbox/Toolbox/ToolboxApp.swift /Users/liu/Desktop/develop/Toolbox/Toolbox/Views/ContentView.swift /Users/liu/Desktop/develop/Toolbox/Toolbox/Models/ScriptTool.swift /Users/liu/Desktop/develop/Toolbox/Toolbox/ViewModels/RootViewModel.swift /Users/liu/Desktop/develop/Toolbox/Toolbox/Views/AppKitTextViews.swift /Users/liu/Desktop/develop/Toolbox/Toolbox/Views/SidebarView.swift /Users/liu/Desktop/develop/Toolbox/Toolbox/Views/TextInputPane.swift /Users/liu/Desktop/develop/Toolbox/Toolbox/Views/TerminalPaneView.swift /Users/liu/Desktop/develop/Toolbox/Toolbox/Services/PTYTerminalService.swift /Users/liu/Desktop/develop/Toolbox/Toolbox/Services/ToolFileStore.swift -primary-file /Users/liu/Desktop/develop/Toolbox/Toolbox/Services/PTYProcess.swift /Users/liu/Desktop/develop/Toolbox/Toolbox/Views/FileRenamerPane.swift /Users/liu/Desktop/develop/Toolbox/Toolbox/Views/WeeklyCheckPane.swift -emit-dependencies-path /Users/liu/Library/Developer/Xcode/DerivedData/Toolbox-cpgcsujffezisobdihlvfnevadbx/Build/Intermediates.noindex/Toolbox.build/Debug/Toolbox.build/Objects-normal/x86_64/PTYProcess.d -emit-reference-dependencies-path /Users/liu/Library/Developer/Xcode/DerivedData/Toolbox-cpgcsujffezisobdihlvfnevadbx/Build/Intermediates.noindex/Toolbox.build/Debug/Toolbox.build/Objects-normal/x86_64/PTYProcess.swiftdeps -serialize-diagnostics-path /Users/liu/Library/Developer/Xcode/DerivedData/Toolbox-cpgcsujffezisobdihlvfnevadbx/Build/Intermediates.noindex/Toolbox.build/Debug/Toolbox.build/Objects-normal/x86_64/PTYProcess.dia -emit-localized-strings -emit-localized-strings-path /Users/liu/Library/Developer/Xcode/DerivedData/Toolbox-cpgcsujffezisobdihlvfnevadbx/Build/Intermediates.noindex/Toolbox.build/Debug/Toolbox.build/Objects-normal/x86_64 -target x86_64-apple-macos12.3 -enable-objc-interop -stack-check -sdk /Applications/Xcode.app/Contents/Developer/Platforms/MacOSX.platform/Developer/SDKs/MacOSX13.1.sdk -I /Users/liu/Library/Developer/Xcode/DerivedData/Toolbox-cpgcsujffezisobdihlvfnevadbx/Build/Products/Debug -F /Users/liu/Library/Developer/Xcode/DerivedData/Toolbox-cpgcsujffezisobdihlvfnevadbx/Build/Products/Debug -no-color-diagnostics -g -module-cache-path /Users/liu/Library/Developer/Xcode/DerivedData/ModuleCache.noindex -swift-version 5 -enforce-exclusivity\=checked -O -serialize-debugging-options -enable-bare-slash-regex -empty-abi-descriptor -Xcc -working-directory -Xcc /Users/liu/Desktop/develop/Toolbox -resource-dir /Applications/Xcode.app/Contents/Developer/Toolchains/XcodeDefault.xctoolchain/usr/lib/swift -Xcc -I/Users/liu/Library/Developer/Xcode/DerivedData/Toolbox-cpgcsujffezisobdihlvfnevadbx/Build/Intermediates.noindex/Toolbox.build/Debug/Toolbox.build/swift-overrides.hmap -Xcc -iquote -Xcc /Users/liu/Library/Developer/Xcode/DerivedData/Toolbox-cpgcsujffezisobdihlvfnevadbx/Build/Intermediates.noindex/Toolbox.build/Debug/Toolbox.build/Toolbox-generated-files.hmap -Xcc -I/Users/liu/Library/Developer/Xcode/DerivedData/Toolbox-cpgcsujffezisobdihlvfnevadbx/Build/Intermediates.noindex/Toolbox.build/Debug/Toolbox.build/Toolbox-own-target-headers.hmap -Xcc -I/Users/liu/Library/Developer/Xcode/DerivedData/Toolbox-cpgcsujffezisobdihlvfnevadbx/Build/Intermediates.noindex/Toolbox.build/Debug/Toolbox.build/Toolbox-all-target-headers.hmap -Xcc -iquote -Xcc /Users/liu/Library/Developer/Xcode/DerivedData/Toolbox-cpgcsujffezisobdihlvfnevadbx/Build/Intermediates.noindex/Toolbox.build/Debug/Toolbox.build/Toolbox-project-headers.hmap -Xcc -I/Users/liu/Library/Developer/Xcode/DerivedData/Toolbox-cpgcsujffezisobdihlvfnevadbx/Build/Products/Debug/include -Xcc -I/Users/liu/Library/Developer/Xcode/DerivedData/Toolbox-cpgcsujffezisobdihlvfnevadbx/Build/Intermediates.noindex/Toolbox.build/Debug/Toolbox.build/DerivedSources-normal/x86_64 -Xcc -I/Users/liu/Library/Developer/Xcode/DerivedData/Toolbox-cpgcsujffezisobdihlvfnevadbx/Build/Intermediates.noindex/Toolbox.build/Debug/Toolbox.build/DerivedSources/x86_64 -Xcc -I/Users/liu/Library/Developer/Xcode/DerivedData/Toolbox-cpgcsujffezisobdihlvfnevadbx/Build/Intermediates.noindex/Toolbox.build/Debug/Toolbox.build/DerivedSources -module-name Toolbox -frontend-parseable-output -disable-clang-spi -target-sdk-version 13.1 -o /Users/liu/Library/Developer/Xcode/DerivedData/Toolbox-cpgcsujffezisobdihlvfnevadbx/Build/Intermediates.noindex/Toolbox.build/Debug/Toolbox.build/Objects-normal/x86_64/PTYProcess.o -index-unit-output-path /Toolbox.build/Debug/Toolbox.build/Objects-normal/x86_64/PTYProcess.o

CompileSwift normal x86_64 /Users/liu/Desktop/develop/Toolbox/Toolbox/Services/PTYProcess.swift (in target 'Toolbox' from project 'Toolbox')
    cd /Users/liu/Desktop/develop/Toolbox
    /Applications/Xcode.app/Contents/Developer/Toolchains/XcodeDefault.xctoolchain/usr/bin/swift-frontend -c /Users/liu/Desktop/develop/Toolbox/Toolbox/ToolboxApp.swift /Users/liu/Desktop/develop/Toolbox/Toolbox/Views/ContentView.swift /Users/liu/Desktop/develop/Toolbox/Toolbox/Models/ScriptTool.swift /Users/liu/Desktop/develop/Toolbox/Toolbox/ViewModels/RootViewModel.swift /Users/liu/Desktop/develop/Toolbox/Toolbox/Views/AppKitTextViews.swift /Users/liu/Desktop/develop/Toolbox/Toolbox/Views/SidebarView.swift /Users/liu/Desktop/develop/Toolbox/Toolbox/Views/TextInputPane.swift /Users/liu/Desktop/develop/Toolbox/Toolbox/Views/TerminalPaneView.swift /Users/liu/Desktop/develop/Toolbox/Toolbox/Services/PTYTerminalService.swift /Users/liu/Desktop/develop/Toolbox/Toolbox/Services/ToolFileStore.swift -primary-file /Users/liu/Desktop/develop/Toolbox/Toolbox/Services/PTYProcess.swift /Users/liu/Desktop/develop/Toolbox/Toolbox/Views/FileRenamerPane.swift /Users/liu/Desktop/develop/Toolbox/Toolbox/Views/WeeklyCheckPane.swift -emit-dependencies-path /Users/liu/Library/Developer/Xcode/DerivedData/Toolbox-cpgcsujffezisobdihlvfnevadbx/Build/Intermediates.noindex/Toolbox.build/Debug/Toolbox.build/Objects-normal/x86_64/PTYProcess.d -emit-reference-dependencies-path /Users/liu/Library/Developer/Xcode/DerivedData/Toolbox-cpgcsujffezisobdihlvfnevadbx/Build/Intermediates.noindex/Toolbox.build/Debug/Toolbox.build/Objects-normal/x86_64/PTYProcess.swiftdeps -serialize-diagnostics-path /Users/liu/Library/Developer/Xcode/DerivedData/Toolbox-cpgcsujffezisobdihlvfnevadbx/Build/Intermediates.noindex/Toolbox.build/Debug/Toolbox.build/Objects-normal/x86_64/PTYProcess.dia -emit-localized-strings -emit-localized-strings-path /Users/liu/Library/Developer/Xcode/DerivedData/Toolbox-cpgcsujffezisobdihlvfnevadbx/Build/Intermediates.noindex/Toolbox.build/Debug/Toolbox.build/Objects-normal/x86_64 -target x86_64-apple-macos12.3 -enable-objc-interop -stack-check -sdk /Applications/Xcode.app/Contents/Developer/Platforms/MacOSX.platform/Developer/SDKs/MacOSX13.1.sdk -I /Users/liu/Library/Developer/Xcode/DerivedData/Toolbox-cpgcsujffezisobdihlvfnevadbx/Build/Products/Debug -F /Users/liu/Library/Developer/Xcode/DerivedData/Toolbox-cpgcsujffezisobdihlvfnevadbx/Build/Products/Debug -no-color-diagnostics -g -module-cache-path /Users/liu/Library/Developer/Xcode/DerivedData/ModuleCache.noindex -swift-version 5 -enforce-exclusivity\=checked -O -serialize-debugging-options -enable-bare-slash-regex -empty-abi-descriptor -Xcc -working-directory -Xcc /Users/liu/Desktop/develop/Toolbox -resource-dir /Applications/Xcode.app/Contents/Developer/Toolchains/XcodeDefault.xctoolchain/usr/lib/swift -Xcc -I/Users/liu/Library/Developer/Xcode/DerivedData/Toolbox-cpgcsujffezisobdihlvfnevadbx/Build/Intermediates.noindex/Toolbox.build/Debug/Toolbox.build/swift-overrides.hmap -Xcc -iquote -Xcc /Users/liu/Library/Developer/Xcode/DerivedData/Toolbox-cpgcsujffezisobdihlvfnevadbx/Build/Intermediates.noindex/Toolbox.build/Debug/Toolbox.build/Toolbox-generated-files.hmap -Xcc -I/Users/liu/Library/Developer/Xcode/DerivedData/Toolbox-cpgcsujffezisobdihlvfnevadbx/Build/Intermediates.noindex/Toolbox.build/Debug/Toolbox.build/Toolbox-own-target-headers.hmap -Xcc -I/Users/liu/Library/Developer/Xcode/DerivedData/Toolbox-cpgcsujffezisobdihlvfnevadbx/Build/Intermediates.noindex/Toolbox.build/Debug/Toolbox.build/Toolbox-all-target-headers.hmap -Xcc -iquote -Xcc /Users/liu/Library/Developer/Xcode/DerivedData/Toolbox-cpgcsujffezisobdihlvfnevadbx/Build/Intermediates.noindex/Toolbox.build/Debug/Toolbox.build/Toolbox-project-headers.hmap -Xcc -I/Users/liu/Library/Developer/Xcode/DerivedData/Toolbox-cpgcsujffezisobdihlvfnevadbx/Build/Products/Debug/include -Xcc -I/Users/liu/Library/Developer/Xcode/DerivedData/Toolbox-cpgcsujffezisobdihlvfnevadbx/Build/Intermediates.noindex/Toolbox.build/Debug/Toolbox.build/DerivedSources-normal/x86_64 -Xcc -I/Users/liu/Library/Developer/Xcode/DerivedData/Toolbox-cpgcsujffezisobdihlvfnevadbx/Build/Intermediates.noindex/Toolbox.build/Debug/Toolbox.build/DerivedSources/x86_64 -Xcc -I/Users/liu/Library/Developer/Xcode/DerivedData/Toolbox-cpgcsujffezisobdihlvfnevadbx/Build/Intermediates.noindex/Toolbox.build/Debug/Toolbox.build/DerivedSources -module-name Toolbox -frontend-parseable-output -disable-clang-spi -target-sdk-version 13.1 -o /Users/liu/Library/Developer/Xcode/DerivedData/Toolbox-cpgcsujffezisobdihlvfnevadbx/Build/Intermediates.noindex/Toolbox.build/Debug/Toolbox.build/Objects-normal/x86_64/PTYProcess.o -index-unit-output-path /Toolbox.build/Debug/Toolbox.build/Objects-normal/x86_64/PTYProcess.o

SwiftCompile normal x86_64 Compiling\ PTYTerminalService.swift /Users/liu/Desktop/develop/Toolbox/Toolbox/Services/PTYTerminalService.swift (in target 'Toolbox' from project 'Toolbox')
    cd /Users/liu/Desktop/develop/Toolbox
    builtin-swiftTaskExecution -- /Applications/Xcode.app/Contents/Developer/Toolchains/XcodeDefault.xctoolchain/usr/bin/swift-frontend -frontend -c /Users/liu/Desktop/develop/Toolbox/Toolbox/ToolboxApp.swift /Users/liu/Desktop/develop/Toolbox/Toolbox/Views/ContentView.swift /Users/liu/Desktop/develop/Toolbox/Toolbox/Models/ScriptTool.swift /Users/liu/Desktop/develop/Toolbox/Toolbox/ViewModels/RootViewModel.swift /Users/liu/Desktop/develop/Toolbox/Toolbox/Views/AppKitTextViews.swift /Users/liu/Desktop/develop/Toolbox/Toolbox/Views/SidebarView.swift /Users/liu/Desktop/develop/Toolbox/Toolbox/Views/TextInputPane.swift /Users/liu/Desktop/develop/Toolbox/Toolbox/Views/TerminalPaneView.swift -primary-file /Users/liu/Desktop/develop/Toolbox/Toolbox/Services/PTYTerminalService.swift /Users/liu/Desktop/develop/Toolbox/Toolbox/Services/ToolFileStore.swift /Users/liu/Desktop/develop/Toolbox/Toolbox/Services/PTYProcess.swift /Users/liu/Desktop/develop/Toolbox/Toolbox/Views/FileRenamerPane.swift /Users/liu/Desktop/develop/Toolbox/Toolbox/Views/WeeklyCheckPane.swift -emit-dependencies-path /Users/liu/Library/Developer/Xcode/DerivedData/Toolbox-cpgcsujffezisobdihlvfnevadbx/Build/Intermediates.noindex/Toolbox.build/Debug/Toolbox.build/Objects-normal/x86_64/PTYTerminalService.d -emit-reference-dependencies-path /Users/liu/Library/Developer/Xcode/DerivedData/Toolbox-cpgcsujffezisobdihlvfnevadbx/Build/Intermediates.noindex/Toolbox.build/Debug/Toolbox.build/Objects-normal/x86_64/PTYTerminalService.swiftdeps -serialize-diagnostics-path /Users/liu/Library/Developer/Xcode/DerivedData/Toolbox-cpgcsujffezisobdihlvfnevadbx/Build/Intermediates.noindex/Toolbox.build/Debug/Toolbox.build/Objects-normal/x86_64/PTYTerminalService.dia -emit-localized-strings -emit-localized-strings-path /Users/liu/Library/Developer/Xcode/DerivedData/Toolbox-cpgcsujffezisobdihlvfnevadbx/Build/Intermediates.noindex/Toolbox.build/Debug/Toolbox.build/Objects-normal/x86_64 -target x86_64-apple-macos12.3 -enable-objc-interop -stack-check -sdk /Applications/Xcode.app/Contents/Developer/Platforms/MacOSX.platform/Developer/SDKs/MacOSX13.1.sdk -I /Users/liu/Library/Developer/Xcode/DerivedData/Toolbox-cpgcsujffezisobdihlvfnevadbx/Build/Products/Debug -F /Users/liu/Library/Developer/Xcode/DerivedData/Toolbox-cpgcsujffezisobdihlvfnevadbx/Build/Products/Debug -no-color-diagnostics -g -module-cache-path /Users/liu/Library/Developer/Xcode/DerivedData/ModuleCache.noindex -swift-version 5 -enforce-exclusivity\=checked -O -serialize-debugging-options -enable-bare-slash-regex -empty-abi-descriptor -Xcc -working-directory -Xcc /Users/liu/Desktop/develop/Toolbox -resource-dir /Applications/Xcode.app/Contents/Developer/Toolchains/XcodeDefault.xctoolchain/usr/lib/swift -Xcc -I/Users/liu/Library/Developer/Xcode/DerivedData/Toolbox-cpgcsujffezisobdihlvfnevadbx/Build/Intermediates.noindex/Toolbox.build/Debug/Toolbox.build/swift-overrides.hmap -Xcc -iquote -Xcc /Users/liu/Library/Developer/Xcode/DerivedData/Toolbox-cpgcsujffezisobdihlvfnevadbx/Build/Intermediates.noindex/Toolbox.build/Debug/Toolbox.build/Toolbox-generated-files.hmap -Xcc -I/Users/liu/Library/Developer/Xcode/DerivedData/Toolbox-cpgcsujffezisobdihlvfnevadbx/Build/Intermediates.noindex/Toolbox.build/Debug/Toolbox.build/Toolbox-own-target-headers.hmap -Xcc -I/Users/liu/Library/Developer/Xcode/DerivedData/Toolbox-cpgcsujffezisobdihlvfnevadbx/Build/Intermediates.noindex/Toolbox.build/Debug/Toolbox.build/Toolbox-all-target-headers.hmap -Xcc -iquote -Xcc /Users/liu/Library/Developer/Xcode/DerivedData/Toolbox-cpgcsujffezisobdihlvfnevadbx/Build/Intermediates.noindex/Toolbox.build/Debug/Toolbox.build/Toolbox-project-headers.hmap -Xcc -I/Users/liu/Library/Developer/Xcode/DerivedData/Toolbox-cpgcsujffezisobdihlvfnevadbx/Build/Products/Debug/include -Xcc -I/Users/liu/Library/Developer/Xcode/DerivedData/Toolbox-cpgcsujffezisobdihlvfnevadbx/Build/Intermediates.noindex/Toolbox.build/Debug/Toolbox.build/DerivedSources-normal/x86_64 -Xcc -I/Users/liu/Library/Developer/Xcode/DerivedData/Toolbox-cpgcsujffezisobdihlvfnevadbx/Build/Intermediates.noindex/Toolbox.build/Debug/Toolbox.build/DerivedSources/x86_64 -Xcc -I/Users/liu/Library/Developer/Xcode/DerivedData/Toolbox-cpgcsujffezisobdihlvfnevadbx/Build/Intermediates.noindex/Toolbox.build/Debug/Toolbox.build/DerivedSources -module-name Toolbox -frontend-parseable-output -disable-clang-spi -target-sdk-version 13.1 -o /Users/liu/Library/Developer/Xcode/DerivedData/Toolbox-cpgcsujffezisobdihlvfnevadbx/Build/Intermediates.noindex/Toolbox.build/Debug/Toolbox.build/Objects-normal/x86_64/PTYTerminalService.o -index-unit-output-path /Toolbox.build/Debug/Toolbox.build/Objects-normal/x86_64/PTYTerminalService.o

CompileSwift normal x86_64 /Users/liu/Desktop/develop/Toolbox/Toolbox/Services/PTYTerminalService.swift (in target 'Toolbox' from project 'Toolbox')
    cd /Users/liu/Desktop/develop/Toolbox
    /Applications/Xcode.app/Contents/Developer/Toolchains/XcodeDefault.xctoolchain/usr/bin/swift-frontend -c /Users/liu/Desktop/develop/Toolbox/Toolbox/ToolboxApp.swift /Users/liu/Desktop/develop/Toolbox/Toolbox/Views/ContentView.swift /Users/liu/Desktop/develop/Toolbox/Toolbox/Models/ScriptTool.swift /Users/liu/Desktop/develop/Toolbox/Toolbox/ViewModels/RootViewModel.swift /Users/liu/Desktop/develop/Toolbox/Toolbox/Views/AppKitTextViews.swift /Users/liu/Desktop/develop/Toolbox/Toolbox/Views/SidebarView.swift /Users/liu/Desktop/develop/Toolbox/Toolbox/Views/TextInputPane.swift /Users/liu/Desktop/develop/Toolbox/Toolbox/Views/TerminalPaneView.swift -primary-file /Users/liu/Desktop/develop/Toolbox/Toolbox/Services/PTYTerminalService.swift /Users/liu/Desktop/develop/Toolbox/Toolbox/Services/ToolFileStore.swift /Users/liu/Desktop/develop/Toolbox/Toolbox/Services/PTYProcess.swift /Users/liu/Desktop/develop/Toolbox/Toolbox/Views/FileRenamerPane.swift /Users/liu/Desktop/develop/Toolbox/Toolbox/Views/WeeklyCheckPane.swift -emit-dependencies-path /Users/liu/Library/Developer/Xcode/DerivedData/Toolbox-cpgcsujffezisobdihlvfnevadbx/Build/Intermediates.noindex/Toolbox.build/Debug/Toolbox.build/Objects-normal/x86_64/PTYTerminalService.d -emit-reference-dependencies-path /Users/liu/Library/Developer/Xcode/DerivedData/Toolbox-cpgcsujffezisobdihlvfnevadbx/Build/Intermediates.noindex/Toolbox.build/Debug/Toolbox.build/Objects-normal/x86_64/PTYTerminalService.swiftdeps -serialize-diagnostics-path /Users/liu/Library/Developer/Xcode/DerivedData/Toolbox-cpgcsujffezisobdihlvfnevadbx/Build/Intermediates.noindex/Toolbox.build/Debug/Toolbox.build/Objects-normal/x86_64/PTYTerminalService.dia -emit-localized-strings -emit-localized-strings-path /Users/liu/Library/Developer/Xcode/DerivedData/Toolbox-cpgcsujffezisobdihlvfnevadbx/Build/Intermediates.noindex/Toolbox.build/Debug/Toolbox.build/Objects-normal/x86_64 -target x86_64-apple-macos12.3 -enable-objc-interop -stack-check -sdk /Applications/Xcode.app/Contents/Developer/Platforms/MacOSX.platform/Developer/SDKs/MacOSX13.1.sdk -I /Users/liu/Library/Developer/Xcode/DerivedData/Toolbox-cpgcsujffezisobdihlvfnevadbx/Build/Products/Debug -F /Users/liu/Library/Developer/Xcode/DerivedData/Toolbox-cpgcsujffezisobdihlvfnevadbx/Build/Products/Debug -no-color-diagnostics -g -module-cache-path /Users/liu/Library/Developer/Xcode/DerivedData/ModuleCache.noindex -swift-version 5 -enforce-exclusivity\=checked -O -serialize-debugging-options -enable-bare-slash-regex -empty-abi-descriptor -Xcc -working-directory -Xcc /Users/liu/Desktop/develop/Toolbox -resource-dir /Applications/Xcode.app/Contents/Developer/Toolchains/XcodeDefault.xctoolchain/usr/lib/swift -Xcc -I/Users/liu/Library/Developer/Xcode/DerivedData/Toolbox-cpgcsujffezisobdihlvfnevadbx/Build/Intermediates.noindex/Toolbox.build/Debug/Toolbox.build/swift-overrides.hmap -Xcc -iquote -Xcc /Users/liu/Library/Developer/Xcode/DerivedData/Toolbox-cpgcsujffezisobdihlvfnevadbx/Build/Intermediates.noindex/Toolbox.build/Debug/Toolbox.build/Toolbox-generated-files.hmap -Xcc -I/Users/liu/Library/Developer/Xcode/DerivedData/Toolbox-cpgcsujffezisobdihlvfnevadbx/Build/Intermediates.noindex/Toolbox.build/Debug/Toolbox.build/Toolbox-own-target-headers.hmap -Xcc -I/Users/liu/Library/Developer/Xcode/DerivedData/Toolbox-cpgcsujffezisobdihlvfnevadbx/Build/Intermediates.noindex/Toolbox.build/Debug/Toolbox.build/Toolbox-all-target-headers.hmap -Xcc -iquote -Xcc /Users/liu/Library/Developer/Xcode/DerivedData/Toolbox-cpgcsujffezisobdihlvfnevadbx/Build/Intermediates.noindex/Toolbox.build/Debug/Toolbox.build/Toolbox-project-headers.hmap -Xcc -I/Users/liu/Library/Developer/Xcode/DerivedData/Toolbox-cpgcsujffezisobdihlvfnevadbx/Build/Products/Debug/include -Xcc -I/Users/liu/Library/Developer/Xcode/DerivedData/Toolbox-cpgcsujffezisobdihlvfnevadbx/Build/Intermediates.noindex/Toolbox.build/Debug/Toolbox.build/DerivedSources-normal/x86_64 -Xcc -I/Users/liu/Library/Developer/Xcode/DerivedData/Toolbox-cpgcsujffezisobdihlvfnevadbx/Build/Intermediates.noindex/Toolbox.build/Debug/Toolbox.build/DerivedSources/x86_64 -Xcc -I/Users/liu/Library/Developer/Xcode/DerivedData/Toolbox-cpgcsujffezisobdihlvfnevadbx/Build/Intermediates.noindex/Toolbox.build/Debug/Toolbox.build/DerivedSources -module-name Toolbox -frontend-parseable-output -disable-clang-spi -target-sdk-version 13.1 -o /Users/liu/Library/Developer/Xcode/DerivedData/Toolbox-cpgcsujffezisobdihlvfnevadbx/Build/Intermediates.noindex/Toolbox.build/Debug/Toolbox.build/Objects-normal/x86_64/PTYTerminalService.o -index-unit-output-path /Toolbox.build/Debug/Toolbox.build/Objects-normal/x86_64/PTYTerminalService.o

SwiftCompile normal x86_64 Compiling\ ToolFileStore.swift /Users/liu/Desktop/develop/Toolbox/Toolbox/Services/ToolFileStore.swift (in target 'Toolbox' from project 'Toolbox')
    cd /Users/liu/Desktop/develop/Toolbox
    builtin-swiftTaskExecution -- /Applications/Xcode.app/Contents/Developer/Toolchains/XcodeDefault.xctoolchain/usr/bin/swift-frontend -frontend -c /Users/liu/Desktop/develop/Toolbox/Toolbox/ToolboxApp.swift /Users/liu/Desktop/develop/Toolbox/Toolbox/Views/ContentView.swift /Users/liu/Desktop/develop/Toolbox/Toolbox/Models/ScriptTool.swift /Users/liu/Desktop/develop/Toolbox/Toolbox/ViewModels/RootViewModel.swift /Users/liu/Desktop/develop/Toolbox/Toolbox/Views/AppKitTextViews.swift /Users/liu/Desktop/develop/Toolbox/Toolbox/Views/SidebarView.swift /Users/liu/Desktop/develop/Toolbox/Toolbox/Views/TextInputPane.swift /Users/liu/Desktop/develop/Toolbox/Toolbox/Views/TerminalPaneView.swift /Users/liu/Desktop/develop/Toolbox/Toolbox/Services/PTYTerminalService.swift -primary-file /Users/liu/Desktop/develop/Toolbox/Toolbox/Services/ToolFileStore.swift /Users/liu/Desktop/develop/Toolbox/Toolbox/Services/PTYProcess.swift /Users/liu/Desktop/develop/Toolbox/Toolbox/Views/FileRenamerPane.swift /Users/liu/Desktop/develop/Toolbox/Toolbox/Views/WeeklyCheckPane.swift -emit-dependencies-path /Users/liu/Library/Developer/Xcode/DerivedData/Toolbox-cpgcsujffezisobdihlvfnevadbx/Build/Intermediates.noindex/Toolbox.build/Debug/Toolbox.build/Objects-normal/x86_64/ToolFileStore.d -emit-reference-dependencies-path /Users/liu/Library/Developer/Xcode/DerivedData/Toolbox-cpgcsujffezisobdihlvfnevadbx/Build/Intermediates.noindex/Toolbox.build/Debug/Toolbox.build/Objects-normal/x86_64/ToolFileStore.swiftdeps -serialize-diagnostics-path /Users/liu/Library/Developer/Xcode/DerivedData/Toolbox-cpgcsujffezisobdihlvfnevadbx/Build/Intermediates.noindex/Toolbox.build/Debug/Toolbox.build/Objects-normal/x86_64/ToolFileStore.dia -emit-localized-strings -emit-localized-strings-path /Users/liu/Library/Developer/Xcode/DerivedData/Toolbox-cpgcsujffezisobdihlvfnevadbx/Build/Intermediates.noindex/Toolbox.build/Debug/Toolbox.build/Objects-normal/x86_64 -target x86_64-apple-macos12.3 -enable-objc-interop -stack-check -sdk /Applications/Xcode.app/Contents/Developer/Platforms/MacOSX.platform/Developer/SDKs/MacOSX13.1.sdk -I /Users/liu/Library/Developer/Xcode/DerivedData/Toolbox-cpgcsujffezisobdihlvfnevadbx/Build/Products/Debug -F /Users/liu/Library/Developer/Xcode/DerivedData/Toolbox-cpgcsujffezisobdihlvfnevadbx/Build/Products/Debug -no-color-diagnostics -g -module-cache-path /Users/liu/Library/Developer/Xcode/DerivedData/ModuleCache.noindex -swift-version 5 -enforce-exclusivity\=checked -O -serialize-debugging-options -enable-bare-slash-regex -empty-abi-descriptor -Xcc -working-directory -Xcc /Users/liu/Desktop/develop/Toolbox -resource-dir /Applications/Xcode.app/Contents/Developer/Toolchains/XcodeDefault.xctoolchain/usr/lib/swift -Xcc -I/Users/liu/Library/Developer/Xcode/DerivedData/Toolbox-cpgcsujffezisobdihlvfnevadbx/Build/Intermediates.noindex/Toolbox.build/Debug/Toolbox.build/swift-overrides.hmap -Xcc -iquote -Xcc /Users/liu/Library/Developer/Xcode/DerivedData/Toolbox-cpgcsujffezisobdihlvfnevadbx/Build/Intermediates.noindex/Toolbox.build/Debug/Toolbox.build/Toolbox-generated-files.hmap -Xcc -I/Users/liu/Library/Developer/Xcode/DerivedData/Toolbox-cpgcsujffezisobdihlvfnevadbx/Build/Intermediates.noindex/Toolbox.build/Debug/Toolbox.build/Toolbox-own-target-headers.hmap -Xcc -I/Users/liu/Library/Developer/Xcode/DerivedData/Toolbox-cpgcsujffezisobdihlvfnevadbx/Build/Intermediates.noindex/Toolbox.build/Debug/Toolbox.build/Toolbox-all-target-headers.hmap -Xcc -iquote -Xcc /Users/liu/Library/Developer/Xcode/DerivedData/Toolbox-cpgcsujffezisobdihlvfnevadbx/Build/Intermediates.noindex/Toolbox.build/Debug/Toolbox.build/Toolbox-project-headers.hmap -Xcc -I/Users/liu/Library/Developer/Xcode/DerivedData/Toolbox-cpgcsujffezisobdihlvfnevadbx/Build/Products/Debug/include -Xcc -I/Users/liu/Library/Developer/Xcode/DerivedData/Toolbox-cpgcsujffezisobdihlvfnevadbx/Build/Intermediates.noindex/Toolbox.build/Debug/Toolbox.build/DerivedSources-normal/x86_64 -Xcc -I/Users/liu/Library/Developer/Xcode/DerivedData/Toolbox-cpgcsujffezisobdihlvfnevadbx/Build/Intermediates.noindex/Toolbox.build/Debug/Toolbox.build/DerivedSources/x86_64 -Xcc -I/Users/liu/Library/Developer/Xcode/DerivedData/Toolbox-cpgcsujffezisobdihlvfnevadbx/Build/Intermediates.noindex/Toolbox.build/Debug/Toolbox.build/DerivedSources -module-name Toolbox -frontend-parseable-output -disable-clang-spi -target-sdk-version 13.1 -o /Users/liu/Library/Developer/Xcode/DerivedData/Toolbox-cpgcsujffezisobdihlvfnevadbx/Build/Intermediates.noindex/Toolbox.build/Debug/Toolbox.build/Objects-normal/x86_64/ToolFileStore.o -index-unit-output-path /Toolbox.build/Debug/Toolbox.build/Objects-normal/x86_64/ToolFileStore.o

CompileSwift normal x86_64 /Users/liu/Desktop/develop/Toolbox/Toolbox/Services/ToolFileStore.swift (in target 'Toolbox' from project 'Toolbox')
    cd /Users/liu/Desktop/develop/Toolbox
    /Applications/Xcode.app/Contents/Developer/Toolchains/XcodeDefault.xctoolchain/usr/bin/swift-frontend -c /Users/liu/Desktop/develop/Toolbox/Toolbox/ToolboxApp.swift /Users/liu/Desktop/develop/Toolbox/Toolbox/Views/ContentView.swift /Users/liu/Desktop/develop/Toolbox/Toolbox/Models/ScriptTool.swift /Users/liu/Desktop/develop/Toolbox/Toolbox/ViewModels/RootViewModel.swift /Users/liu/Desktop/develop/Toolbox/Toolbox/Views/AppKitTextViews.swift /Users/liu/Desktop/develop/Toolbox/Toolbox/Views/SidebarView.swift /Users/liu/Desktop/develop/Toolbox/Toolbox/Views/TextInputPane.swift /Users/liu/Desktop/develop/Toolbox/Toolbox/Views/TerminalPaneView.swift /Users/liu/Desktop/develop/Toolbox/Toolbox/Services/PTYTerminalService.swift -primary-file /Users/liu/Desktop/develop/Toolbox/Toolbox/Services/ToolFileStore.swift /Users/liu/Desktop/develop/Toolbox/Toolbox/Services/PTYProcess.swift /Users/liu/Desktop/develop/Toolbox/Toolbox/Views/FileRenamerPane.swift /Users/liu/Desktop/develop/Toolbox/Toolbox/Views/WeeklyCheckPane.swift -emit-dependencies-path /Users/liu/Library/Developer/Xcode/DerivedData/Toolbox-cpgcsujffezisobdihlvfnevadbx/Build/Intermediates.noindex/Toolbox.build/Debug/Toolbox.build/Objects-normal/x86_64/ToolFileStore.d -emit-reference-dependencies-path /Users/liu/Library/Developer/Xcode/DerivedData/Toolbox-cpgcsujffezisobdihlvfnevadbx/Build/Intermediates.noindex/Toolbox.build/Debug/Toolbox.build/Objects-normal/x86_64/ToolFileStore.swiftdeps -serialize-diagnostics-path /Users/liu/Library/Developer/Xcode/DerivedData/Toolbox-cpgcsujffezisobdihlvfnevadbx/Build/Intermediates.noindex/Toolbox.build/Debug/Toolbox.build/Objects-normal/x86_64/ToolFileStore.dia -emit-localized-strings -emit-localized-strings-path /Users/liu/Library/Developer/Xcode/DerivedData/Toolbox-cpgcsujffezisobdihlvfnevadbx/Build/Intermediates.noindex/Toolbox.build/Debug/Toolbox.build/Objects-normal/x86_64 -target x86_64-apple-macos12.3 -enable-objc-interop -stack-check -sdk /Applications/Xcode.app/Contents/Developer/Platforms/MacOSX.platform/Developer/SDKs/MacOSX13.1.sdk -I /Users/liu/Library/Developer/Xcode/DerivedData/Toolbox-cpgcsujffezisobdihlvfnevadbx/Build/Products/Debug -F /Users/liu/Library/Developer/Xcode/DerivedData/Toolbox-cpgcsujffezisobdihlvfnevadbx/Build/Products/Debug -no-color-diagnostics -g -module-cache-path /Users/liu/Library/Developer/Xcode/DerivedData/ModuleCache.noindex -swift-version 5 -enforce-exclusivity\=checked -O -serialize-debugging-options -enable-bare-slash-regex -empty-abi-descriptor -Xcc -working-directory -Xcc /Users/liu/Desktop/develop/Toolbox -resource-dir /Applications/Xcode.app/Contents/Developer/Toolchains/XcodeDefault.xctoolchain/usr/lib/swift -Xcc -I/Users/liu/Library/Developer/Xcode/DerivedData/Toolbox-cpgcsujffezisobdihlvfnevadbx/Build/Intermediates.noindex/Toolbox.build/Debug/Toolbox.build/swift-overrides.hmap -Xcc -iquote -Xcc /Users/liu/Library/Developer/Xcode/DerivedData/Toolbox-cpgcsujffezisobdihlvfnevadbx/Build/Intermediates.noindex/Toolbox.build/Debug/Toolbox.build/Toolbox-generated-files.hmap -Xcc -I/Users/liu/Library/Developer/Xcode/DerivedData/Toolbox-cpgcsujffezisobdihlvfnevadbx/Build/Intermediates.noindex/Toolbox.build/Debug/Toolbox.build/Toolbox-own-target-headers.hmap -Xcc -I/Users/liu/Library/Developer/Xcode/DerivedData/Toolbox-cpgcsujffezisobdihlvfnevadbx/Build/Intermediates.noindex/Toolbox.build/Debug/Toolbox.build/Toolbox-all-target-headers.hmap -Xcc -iquote -Xcc /Users/liu/Library/Developer/Xcode/DerivedData/Toolbox-cpgcsujffezisobdihlvfnevadbx/Build/Intermediates.noindex/Toolbox.build/Debug/Toolbox.build/Toolbox-project-headers.hmap -Xcc -I/Users/liu/Library/Developer/Xcode/DerivedData/Toolbox-cpgcsujffezisobdihlvfnevadbx/Build/Products/Debug/include -Xcc -I/Users/liu/Library/Developer/Xcode/DerivedData/Toolbox-cpgcsujffezisobdihlvfnevadbx/Build/Intermediates.noindex/Toolbox.build/Debug/Toolbox.build/DerivedSources-normal/x86_64 -Xcc -I/Users/liu/Library/Developer/Xcode/DerivedData/Toolbox-cpgcsujffezisobdihlvfnevadbx/Build/Intermediates.noindex/Toolbox.build/Debug/Toolbox.build/DerivedSources/x86_64 -Xcc -I/Users/liu/Library/Developer/Xcode/DerivedData/Toolbox-cpgcsujffezisobdihlvfnevadbx/Build/Intermediates.noindex/Toolbox.build/Debug/Toolbox.build/DerivedSources -module-name Toolbox -frontend-parseable-output -disable-clang-spi -target-sdk-version 13.1 -o /Users/liu/Library/Developer/Xcode/DerivedData/Toolbox-cpgcsujffezisobdihlvfnevadbx/Build/Intermediates.noindex/Toolbox.build/Debug/Toolbox.build/Objects-normal/x86_64/ToolFileStore.o -index-unit-output-path /Toolbox.build/Debug/Toolbox.build/Objects-normal/x86_64/ToolFileStore.o

SwiftCompile normal x86_64 Compiling\ ToolboxApp.swift /Users/liu/Desktop/develop/Toolbox/Toolbox/ToolboxApp.swift (in target 'Toolbox' from project 'Toolbox')
    cd /Users/liu/Desktop/develop/Toolbox
    builtin-swiftTaskExecution -- /Applications/Xcode.app/Contents/Developer/Toolchains/XcodeDefault.xctoolchain/usr/bin/swift-frontend -frontend -c -primary-file /Users/liu/Desktop/develop/Toolbox/Toolbox/ToolboxApp.swift /Users/liu/Desktop/develop/Toolbox/Toolbox/Views/ContentView.swift /Users/liu/Desktop/develop/Toolbox/Toolbox/Models/ScriptTool.swift /Users/liu/Desktop/develop/Toolbox/Toolbox/ViewModels/RootViewModel.swift /Users/liu/Desktop/develop/Toolbox/Toolbox/Views/AppKitTextViews.swift /Users/liu/Desktop/develop/Toolbox/Toolbox/Views/SidebarView.swift /Users/liu/Desktop/develop/Toolbox/Toolbox/Views/TextInputPane.swift /Users/liu/Desktop/develop/Toolbox/Toolbox/Views/TerminalPaneView.swift /Users/liu/Desktop/develop/Toolbox/Toolbox/Services/PTYTerminalService.swift /Users/liu/Desktop/develop/Toolbox/Toolbox/Services/ToolFileStore.swift /Users/liu/Desktop/develop/Toolbox/Toolbox/Services/PTYProcess.swift /Users/liu/Desktop/develop/Toolbox/Toolbox/Views/FileRenamerPane.swift /Users/liu/Desktop/develop/Toolbox/Toolbox/Views/WeeklyCheckPane.swift -emit-dependencies-path /Users/liu/Library/Developer/Xcode/DerivedData/Toolbox-cpgcsujffezisobdihlvfnevadbx/Build/Intermediates.noindex/Toolbox.build/Debug/Toolbox.build/Objects-normal/x86_64/ToolboxApp.d -emit-reference-dependencies-path /Users/liu/Library/Developer/Xcode/DerivedData/Toolbox-cpgcsujffezisobdihlvfnevadbx/Build/Intermediates.noindex/Toolbox.build/Debug/Toolbox.build/Objects-normal/x86_64/ToolboxApp.swiftdeps -serialize-diagnostics-path /Users/liu/Library/Developer/Xcode/DerivedData/Toolbox-cpgcsujffezisobdihlvfnevadbx/Build/Intermediates.noindex/Toolbox.build/Debug/Toolbox.build/Objects-normal/x86_64/ToolboxApp.dia -emit-localized-strings -emit-localized-strings-path /Users/liu/Library/Developer/Xcode/DerivedData/Toolbox-cpgcsujffezisobdihlvfnevadbx/Build/Intermediates.noindex/Toolbox.build/Debug/Toolbox.build/Objects-normal/x86_64 -target x86_64-apple-macos12.3 -enable-objc-interop -stack-check -sdk /Applications/Xcode.app/Contents/Developer/Platforms/MacOSX.platform/Developer/SDKs/MacOSX13.1.sdk -I /Users/liu/Library/Developer/Xcode/DerivedData/Toolbox-cpgcsujffezisobdihlvfnevadbx/Build/Products/Debug -F /Users/liu/Library/Developer/Xcode/DerivedData/Toolbox-cpgcsujffezisobdihlvfnevadbx/Build/Products/Debug -no-color-diagnostics -g -module-cache-path /Users/liu/Library/Developer/Xcode/DerivedData/ModuleCache.noindex -swift-version 5 -enforce-exclusivity\=checked -O -serialize-debugging-options -enable-bare-slash-regex -empty-abi-descriptor -Xcc -working-directory -Xcc /Users/liu/Desktop/develop/Toolbox -resource-dir /Applications/Xcode.app/Contents/Developer/Toolchains/XcodeDefault.xctoolchain/usr/lib/swift -Xcc -I/Users/liu/Library/Developer/Xcode/DerivedData/Toolbox-cpgcsujffezisobdihlvfnevadbx/Build/Intermediates.noindex/Toolbox.build/Debug/Toolbox.build/swift-overrides.hmap -Xcc -iquote -Xcc /Users/liu/Library/Developer/Xcode/DerivedData/Toolbox-cpgcsujffezisobdihlvfnevadbx/Build/Intermediates.noindex/Toolbox.build/Debug/Toolbox.build/Toolbox-generated-files.hmap -Xcc -I/Users/liu/Library/Developer/Xcode/DerivedData/Toolbox-cpgcsujffezisobdihlvfnevadbx/Build/Intermediates.noindex/Toolbox.build/Debug/Toolbox.build/Toolbox-own-target-headers.hmap -Xcc -I/Users/liu/Library/Developer/Xcode/DerivedData/Toolbox-cpgcsujffezisobdihlvfnevadbx/Build/Intermediates.noindex/Toolbox.build/Debug/Toolbox.build/Toolbox-all-target-headers.hmap -Xcc -iquote -Xcc /Users/liu/Library/Developer/Xcode/DerivedData/Toolbox-cpgcsujffezisobdihlvfnevadbx/Build/Intermediates.noindex/Toolbox.build/Debug/Toolbox.build/Toolbox-project-headers.hmap -Xcc -I/Users/liu/Library/Developer/Xcode/DerivedData/Toolbox-cpgcsujffezisobdihlvfnevadbx/Build/Products/Debug/include -Xcc -I/Users/liu/Library/Developer/Xcode/DerivedData/Toolbox-cpgcsujffezisobdihlvfnevadbx/Build/Intermediates.noindex/Toolbox.build/Debug/Toolbox.build/DerivedSources-normal/x86_64 -Xcc -I/Users/liu/Library/Developer/Xcode/DerivedData/Toolbox-cpgcsujffezisobdihlvfnevadbx/Build/Intermediates.noindex/Toolbox.build/Debug/Toolbox.build/DerivedSources/x86_64 -Xcc -I/Users/liu/Library/Developer/Xcode/DerivedData/Toolbox-cpgcsujffezisobdihlvfnevadbx/Build/Intermediates.noindex/Toolbox.build/Debug/Toolbox.build/DerivedSources -module-name Toolbox -frontend-parseable-output -disable-clang-spi -target-sdk-version 13.1 -o /Users/liu/Library/Developer/Xcode/DerivedData/Toolbox-cpgcsujffezisobdihlvfnevadbx/Build/Intermediates.noindex/Toolbox.build/Debug/Toolbox.build/Objects-normal/x86_64/ToolboxApp.o -index-unit-output-path /Toolbox.build/Debug/Toolbox.build/Objects-normal/x86_64/ToolboxApp.o

CompileSwift normal x86_64 /Users/liu/Desktop/develop/Toolbox/Toolbox/ToolboxApp.swift (in target 'Toolbox' from project 'Toolbox')
    cd /Users/liu/Desktop/develop/Toolbox
    /Applications/Xcode.app/Contents/Developer/Toolchains/XcodeDefault.xctoolchain/usr/bin/swift-frontend -c -primary-file /Users/liu/Desktop/develop/Toolbox/Toolbox/ToolboxApp.swift /Users/liu/Desktop/develop/Toolbox/Toolbox/Views/ContentView.swift /Users/liu/Desktop/develop/Toolbox/Toolbox/Models/ScriptTool.swift /Users/liu/Desktop/develop/Toolbox/Toolbox/ViewModels/RootViewModel.swift /Users/liu/Desktop/develop/Toolbox/Toolbox/Views/AppKitTextViews.swift /Users/liu/Desktop/develop/Toolbox/Toolbox/Views/SidebarView.swift /Users/liu/Desktop/develop/Toolbox/Toolbox/Views/TextInputPane.swift /Users/liu/Desktop/develop/Toolbox/Toolbox/Views/TerminalPaneView.swift /Users/liu/Desktop/develop/Toolbox/Toolbox/Services/PTYTerminalService.swift /Users/liu/Desktop/develop/Toolbox/Toolbox/Services/ToolFileStore.swift /Users/liu/Desktop/develop/Toolbox/Toolbox/Services/PTYProcess.swift /Users/liu/Desktop/develop/Toolbox/Toolbox/Views/FileRenamerPane.swift /Users/liu/Desktop/develop/Toolbox/Toolbox/Views/WeeklyCheckPane.swift -emit-dependencies-path /Users/liu/Library/Developer/Xcode/DerivedData/Toolbox-cpgcsujffezisobdihlvfnevadbx/Build/Intermediates.noindex/Toolbox.build/Debug/Toolbox.build/Objects-normal/x86_64/ToolboxApp.d -emit-reference-dependencies-path /Users/liu/Library/Developer/Xcode/DerivedData/Toolbox-cpgcsujffezisobdihlvfnevadbx/Build/Intermediates.noindex/Toolbox.build/Debug/Toolbox.build/Objects-normal/x86_64/ToolboxApp.swiftdeps -serialize-diagnostics-path /Users/liu/Library/Developer/Xcode/DerivedData/Toolbox-cpgcsujffezisobdihlvfnevadbx/Build/Intermediates.noindex/Toolbox.build/Debug/Toolbox.build/Objects-normal/x86_64/ToolboxApp.dia -emit-localized-strings -emit-localized-strings-path /Users/liu/Library/Developer/Xcode/DerivedData/Toolbox-cpgcsujffezisobdihlvfnevadbx/Build/Intermediates.noindex/Toolbox.build/Debug/Toolbox.build/Objects-normal/x86_64 -target x86_64-apple-macos12.3 -enable-objc-interop -stack-check -sdk /Applications/Xcode.app/Contents/Developer/Platforms/MacOSX.platform/Developer/SDKs/MacOSX13.1.sdk -I /Users/liu/Library/Developer/Xcode/DerivedData/Toolbox-cpgcsujffezisobdihlvfnevadbx/Build/Products/Debug -F /Users/liu/Library/Developer/Xcode/DerivedData/Toolbox-cpgcsujffezisobdihlvfnevadbx/Build/Products/Debug -no-color-diagnostics -g -module-cache-path /Users/liu/Library/Developer/Xcode/DerivedData/ModuleCache.noindex -swift-version 5 -enforce-exclusivity\=checked -O -serialize-debugging-options -enable-bare-slash-regex -empty-abi-descriptor -Xcc -working-directory -Xcc /Users/liu/Desktop/develop/Toolbox -resource-dir /Applications/Xcode.app/Contents/Developer/Toolchains/XcodeDefault.xctoolchain/usr/lib/swift -Xcc -I/Users/liu/Library/Developer/Xcode/DerivedData/Toolbox-cpgcsujffezisobdihlvfnevadbx/Build/Intermediates.noindex/Toolbox.build/Debug/Toolbox.build/swift-overrides.hmap -Xcc -iquote -Xcc /Users/liu/Library/Developer/Xcode/DerivedData/Toolbox-cpgcsujffezisobdihlvfnevadbx/Build/Intermediates.noindex/Toolbox.build/Debug/Toolbox.build/Toolbox-generated-files.hmap -Xcc -I/Users/liu/Library/Developer/Xcode/DerivedData/Toolbox-cpgcsujffezisobdihlvfnevadbx/Build/Intermediates.noindex/Toolbox.build/Debug/Toolbox.build/Toolbox-own-target-headers.hmap -Xcc -I/Users/liu/Library/Developer/Xcode/DerivedData/Toolbox-cpgcsujffezisobdihlvfnevadbx/Build/Intermediates.noindex/Toolbox.build/Debug/Toolbox.build/Toolbox-all-target-headers.hmap -Xcc -iquote -Xcc /Users/liu/Library/Developer/Xcode/DerivedData/Toolbox-cpgcsujffezisobdihlvfnevadbx/Build/Intermediates.noindex/Toolbox.build/Debug/Toolbox.build/Toolbox-project-headers.hmap -Xcc -I/Users/liu/Library/Developer/Xcode/DerivedData/Toolbox-cpgcsujffezisobdihlvfnevadbx/Build/Products/Debug/include -Xcc -I/Users/liu/Library/Developer/Xcode/DerivedData/Toolbox-cpgcsujffezisobdihlvfnevadbx/Build/Intermediates.noindex/Toolbox.build/Debug/Toolbox.build/DerivedSources-normal/x86_64 -Xcc -I/Users/liu/Library/Developer/Xcode/DerivedData/Toolbox-cpgcsujffezisobdihlvfnevadbx/Build/Intermediates.noindex/Toolbox.build/Debug/Toolbox.build/DerivedSources/x86_64 -Xcc -I/Users/liu/Library/Developer/Xcode/DerivedData/Toolbox-cpgcsujffezisobdihlvfnevadbx/Build/Intermediates.noindex/Toolbox.build/Debug/Toolbox.build/DerivedSources -module-name Toolbox -frontend-parseable-output -disable-clang-spi -target-sdk-version 13.1 -o /Users/liu/Library/Developer/Xcode/DerivedData/Toolbox-cpgcsujffezisobdihlvfnevadbx/Build/Intermediates.noindex/Toolbox.build/Debug/Toolbox.build/Objects-normal/x86_64/ToolboxApp.o -index-unit-output-path /Toolbox.build/Debug/Toolbox.build/Objects-normal/x86_64/ToolboxApp.o

SwiftCompile normal x86_64 Compiling\ TextInputPane.swift /Users/liu/Desktop/develop/Toolbox/Toolbox/Views/TextInputPane.swift (in target 'Toolbox' from project 'Toolbox')
    cd /Users/liu/Desktop/develop/Toolbox
    builtin-swiftTaskExecution -- /Applications/Xcode.app/Contents/Developer/Toolchains/XcodeDefault.xctoolchain/usr/bin/swift-frontend -frontend -c /Users/liu/Desktop/develop/Toolbox/Toolbox/ToolboxApp.swift /Users/liu/Desktop/develop/Toolbox/Toolbox/Views/ContentView.swift /Users/liu/Desktop/develop/Toolbox/Toolbox/Models/ScriptTool.swift /Users/liu/Desktop/develop/Toolbox/Toolbox/ViewModels/RootViewModel.swift /Users/liu/Desktop/develop/Toolbox/Toolbox/Views/AppKitTextViews.swift /Users/liu/Desktop/develop/Toolbox/Toolbox/Views/SidebarView.swift -primary-file /Users/liu/Desktop/develop/Toolbox/Toolbox/Views/TextInputPane.swift /Users/liu/Desktop/develop/Toolbox/Toolbox/Views/TerminalPaneView.swift /Users/liu/Desktop/develop/Toolbox/Toolbox/Services/PTYTerminalService.swift /Users/liu/Desktop/develop/Toolbox/Toolbox/Services/ToolFileStore.swift /Users/liu/Desktop/develop/Toolbox/Toolbox/Services/PTYProcess.swift /Users/liu/Desktop/develop/Toolbox/Toolbox/Views/FileRenamerPane.swift /Users/liu/Desktop/develop/Toolbox/Toolbox/Views/WeeklyCheckPane.swift -emit-dependencies-path /Users/liu/Library/Developer/Xcode/DerivedData/Toolbox-cpgcsujffezisobdihlvfnevadbx/Build/Intermediates.noindex/Toolbox.build/Debug/Toolbox.build/Objects-normal/x86_64/TextInputPane.d -emit-reference-dependencies-path /Users/liu/Library/Developer/Xcode/DerivedData/Toolbox-cpgcsujffezisobdihlvfnevadbx/Build/Intermediates.noindex/Toolbox.build/Debug/Toolbox.build/Objects-normal/x86_64/TextInputPane.swiftdeps -serialize-diagnostics-path /Users/liu/Library/Developer/Xcode/DerivedData/Toolbox-cpgcsujffezisobdihlvfnevadbx/Build/Intermediates.noindex/Toolbox.build/Debug/Toolbox.build/Objects-normal/x86_64/TextInputPane.dia -emit-localized-strings -emit-localized-strings-path /Users/liu/Library/Developer/Xcode/DerivedData/Toolbox-cpgcsujffezisobdihlvfnevadbx/Build/Intermediates.noindex/Toolbox.build/Debug/Toolbox.build/Objects-normal/x86_64 -target x86_64-apple-macos12.3 -enable-objc-interop -stack-check -sdk /Applications/Xcode.app/Contents/Developer/Platforms/MacOSX.platform/Developer/SDKs/MacOSX13.1.sdk -I /Users/liu/Library/Developer/Xcode/DerivedData/Toolbox-cpgcsujffezisobdihlvfnevadbx/Build/Products/Debug -F /Users/liu/Library/Developer/Xcode/DerivedData/Toolbox-cpgcsujffezisobdihlvfnevadbx/Build/Products/Debug -no-color-diagnostics -g -module-cache-path /Users/liu/Library/Developer/Xcode/DerivedData/ModuleCache.noindex -swift-version 5 -enforce-exclusivity\=checked -O -serialize-debugging-options -enable-bare-slash-regex -empty-abi-descriptor -Xcc -working-directory -Xcc /Users/liu/Desktop/develop/Toolbox -resource-dir /Applications/Xcode.app/Contents/Developer/Toolchains/XcodeDefault.xctoolchain/usr/lib/swift -Xcc -I/Users/liu/Library/Developer/Xcode/DerivedData/Toolbox-cpgcsujffezisobdihlvfnevadbx/Build/Intermediates.noindex/Toolbox.build/Debug/Toolbox.build/swift-overrides.hmap -Xcc -iquote -Xcc /Users/liu/Library/Developer/Xcode/DerivedData/Toolbox-cpgcsujffezisobdihlvfnevadbx/Build/Intermediates.noindex/Toolbox.build/Debug/Toolbox.build/Toolbox-generated-files.hmap -Xcc -I/Users/liu/Library/Developer/Xcode/DerivedData/Toolbox-cpgcsujffezisobdihlvfnevadbx/Build/Intermediates.noindex/Toolbox.build/Debug/Toolbox.build/Toolbox-own-target-headers.hmap -Xcc -I/Users/liu/Library/Developer/Xcode/DerivedData/Toolbox-cpgcsujffezisobdihlvfnevadbx/Build/Intermediates.noindex/Toolbox.build/Debug/Toolbox.build/Toolbox-all-target-headers.hmap -Xcc -iquote -Xcc /Users/liu/Library/Developer/Xcode/DerivedData/Toolbox-cpgcsujffezisobdihlvfnevadbx/Build/Intermediates.noindex/Toolbox.build/Debug/Toolbox.build/Toolbox-project-headers.hmap -Xcc -I/Users/liu/Library/Developer/Xcode/DerivedData/Toolbox-cpgcsujffezisobdihlvfnevadbx/Build/Products/Debug/include -Xcc -I/Users/liu/Library/Developer/Xcode/DerivedData/Toolbox-cpgcsujffezisobdihlvfnevadbx/Build/Intermediates.noindex/Toolbox.build/Debug/Toolbox.build/DerivedSources-normal/x86_64 -Xcc -I/Users/liu/Library/Developer/Xcode/DerivedData/Toolbox-cpgcsujffezisobdihlvfnevadbx/Build/Intermediates.noindex/Toolbox.build/Debug/Toolbox.build/DerivedSources/x86_64 -Xcc -I/Users/liu/Library/Developer/Xcode/DerivedData/Toolbox-cpgcsujffezisobdihlvfnevadbx/Build/Intermediates.noindex/Toolbox.build/Debug/Toolbox.build/DerivedSources -module-name Toolbox -frontend-parseable-output -disable-clang-spi -target-sdk-version 13.1 -o /Users/liu/Library/Developer/Xcode/DerivedData/Toolbox-cpgcsujffezisobdihlvfnevadbx/Build/Intermediates.noindex/Toolbox.build/Debug/Toolbox.build/Objects-normal/x86_64/TextInputPane.o -index-unit-output-path /Toolbox.build/Debug/Toolbox.build/Objects-normal/x86_64/TextInputPane.o

CompileSwift normal x86_64 /Users/liu/Desktop/develop/Toolbox/Toolbox/Views/TextInputPane.swift (in target 'Toolbox' from project 'Toolbox')
    cd /Users/liu/Desktop/develop/Toolbox
    /Applications/Xcode.app/Contents/Developer/Toolchains/XcodeDefault.xctoolchain/usr/bin/swift-frontend -c /Users/liu/Desktop/develop/Toolbox/Toolbox/ToolboxApp.swift /Users/liu/Desktop/develop/Toolbox/Toolbox/Views/ContentView.swift /Users/liu/Desktop/develop/Toolbox/Toolbox/Models/ScriptTool.swift /Users/liu/Desktop/develop/Toolbox/Toolbox/ViewModels/RootViewModel.swift /Users/liu/Desktop/develop/Toolbox/Toolbox/Views/AppKitTextViews.swift /Users/liu/Desktop/develop/Toolbox/Toolbox/Views/SidebarView.swift -primary-file /Users/liu/Desktop/develop/Toolbox/Toolbox/Views/TextInputPane.swift /Users/liu/Desktop/develop/Toolbox/Toolbox/Views/TerminalPaneView.swift /Users/liu/Desktop/develop/Toolbox/Toolbox/Services/PTYTerminalService.swift /Users/liu/Desktop/develop/Toolbox/Toolbox/Services/ToolFileStore.swift /Users/liu/Desktop/develop/Toolbox/Toolbox/Services/PTYProcess.swift /Users/liu/Desktop/develop/Toolbox/Toolbox/Views/FileRenamerPane.swift /Users/liu/Desktop/develop/Toolbox/Toolbox/Views/WeeklyCheckPane.swift -emit-dependencies-path /Users/liu/Library/Developer/Xcode/DerivedData/Toolbox-cpgcsujffezisobdihlvfnevadbx/Build/Intermediates.noindex/Toolbox.build/Debug/Toolbox.build/Objects-normal/x86_64/TextInputPane.d -emit-reference-dependencies-path /Users/liu/Library/Developer/Xcode/DerivedData/Toolbox-cpgcsujffezisobdihlvfnevadbx/Build/Intermediates.noindex/Toolbox.build/Debug/Toolbox.build/Objects-normal/x86_64/TextInputPane.swiftdeps -serialize-diagnostics-path /Users/liu/Library/Developer/Xcode/DerivedData/Toolbox-cpgcsujffezisobdihlvfnevadbx/Build/Intermediates.noindex/Toolbox.build/Debug/Toolbox.build/Objects-normal/x86_64/TextInputPane.dia -emit-localized-strings -emit-localized-strings-path /Users/liu/Library/Developer/Xcode/DerivedData/Toolbox-cpgcsujffezisobdihlvfnevadbx/Build/Intermediates.noindex/Toolbox.build/Debug/Toolbox.build/Objects-normal/x86_64 -target x86_64-apple-macos12.3 -enable-objc-interop -stack-check -sdk /Applications/Xcode.app/Contents/Developer/Platforms/MacOSX.platform/Developer/SDKs/MacOSX13.1.sdk -I /Users/liu/Library/Developer/Xcode/DerivedData/Toolbox-cpgcsujffezisobdihlvfnevadbx/Build/Products/Debug -F /Users/liu/Library/Developer/Xcode/DerivedData/Toolbox-cpgcsujffezisobdihlvfnevadbx/Build/Products/Debug -no-color-diagnostics -g -module-cache-path /Users/liu/Library/Developer/Xcode/DerivedData/ModuleCache.noindex -swift-version 5 -enforce-exclusivity\=checked -O -serialize-debugging-options -enable-bare-slash-regex -empty-abi-descriptor -Xcc -working-directory -Xcc /Users/liu/Desktop/develop/Toolbox -resource-dir /Applications/Xcode.app/Contents/Developer/Toolchains/XcodeDefault.xctoolchain/usr/lib/swift -Xcc -I/Users/liu/Library/Developer/Xcode/DerivedData/Toolbox-cpgcsujffezisobdihlvfnevadbx/Build/Intermediates.noindex/Toolbox.build/Debug/Toolbox.build/swift-overrides.hmap -Xcc -iquote -Xcc /Users/liu/Library/Developer/Xcode/DerivedData/Toolbox-cpgcsujffezisobdihlvfnevadbx/Build/Intermediates.noindex/Toolbox.build/Debug/Toolbox.build/Toolbox-generated-files.hmap -Xcc -I/Users/liu/Library/Developer/Xcode/DerivedData/Toolbox-cpgcsujffezisobdihlvfnevadbx/Build/Intermediates.noindex/Toolbox.build/Debug/Toolbox.build/Toolbox-own-target-headers.hmap -Xcc -I/Users/liu/Library/Developer/Xcode/DerivedData/Toolbox-cpgcsujffezisobdihlvfnevadbx/Build/Intermediates.noindex/Toolbox.build/Debug/Toolbox.build/Toolbox-all-target-headers.hmap -Xcc -iquote -Xcc /Users/liu/Library/Developer/Xcode/DerivedData/Toolbox-cpgcsujffezisobdihlvfnevadbx/Build/Intermediates.noindex/Toolbox.build/Debug/Toolbox.build/Toolbox-project-headers.hmap -Xcc -I/Users/liu/Library/Developer/Xcode/DerivedData/Toolbox-cpgcsujffezisobdihlvfnevadbx/Build/Products/Debug/include -Xcc -I/Users/liu/Library/Developer/Xcode/DerivedData/Toolbox-cpgcsujffezisobdihlvfnevadbx/Build/Intermediates.noindex/Toolbox.build/Debug/Toolbox.build/DerivedSources-normal/x86_64 -Xcc -I/Users/liu/Library/Developer/Xcode/DerivedData/Toolbox-cpgcsujffezisobdihlvfnevadbx/Build/Intermediates.noindex/Toolbox.build/Debug/Toolbox.build/DerivedSources/x86_64 -Xcc -I/Users/liu/Library/Developer/Xcode/DerivedData/Toolbox-cpgcsujffezisobdihlvfnevadbx/Build/Intermediates.noindex/Toolbox.build/Debug/Toolbox.build/DerivedSources -module-name Toolbox -frontend-parseable-output -disable-clang-spi -target-sdk-version 13.1 -o /Users/liu/Library/Developer/Xcode/DerivedData/Toolbox-cpgcsujffezisobdihlvfnevadbx/Build/Intermediates.noindex/Toolbox.build/Debug/Toolbox.build/Objects-normal/x86_64/TextInputPane.o -index-unit-output-path /Toolbox.build/Debug/Toolbox.build/Objects-normal/x86_64/TextInputPane.o

SwiftDriverJobDiscovery normal x86_64 Emitting module for Toolbox (in target 'Toolbox' from project 'Toolbox')

SwiftDriverJobDiscovery normal arm64 Emitting module for Toolbox (in target 'Toolbox' from project 'Toolbox')

SwiftDriver\ Compilation\ Requirements Toolbox normal x86_64 com.apple.xcode.tools.swift.compiler (in target 'Toolbox' from project 'Toolbox')
    cd /Users/liu/Desktop/develop/Toolbox
    builtin-Swift-Compilation-Requirements -- /Applications/Xcode.app/Contents/Developer/Toolchains/XcodeDefault.xctoolchain/usr/bin/swiftc -module-name Toolbox -O -enforce-exclusivity\=checked @/Users/liu/Library/Developer/Xcode/DerivedData/Toolbox-cpgcsujffezisobdihlvfnevadbx/Build/Intermediates.noindex/Toolbox.build/Debug/Toolbox.build/Objects-normal/x86_64/Toolbox.SwiftFileList -sdk /Applications/Xcode.app/Contents/Developer/Platforms/MacOSX.platform/Developer/SDKs/MacOSX13.1.sdk -target x86_64-apple-macos12.3 -enable-bare-slash-regex -g -module-cache-path /Users/liu/Library/Developer/Xcode/DerivedData/ModuleCache.noindex -Xfrontend -serialize-debugging-options -swift-version 5 -I /Users/liu/Library/Developer/Xcode/DerivedData/Toolbox-cpgcsujffezisobdihlvfnevadbx/Build/Products/Debug -F /Users/liu/Library/Developer/Xcode/DerivedData/Toolbox-cpgcsujffezisobdihlvfnevadbx/Build/Products/Debug -emit-localized-strings -emit-localized-strings-path /Users/liu/Library/Developer/Xcode/DerivedData/Toolbox-cpgcsujffezisobdihlvfnevadbx/Build/Intermediates.noindex/Toolbox.build/Debug/Toolbox.build/Objects-normal/x86_64 -c -j20 -enable-batch-mode -incremental -output-file-map /Users/liu/Library/Developer/Xcode/DerivedData/Toolbox-cpgcsujffezisobdihlvfnevadbx/Build/Intermediates.noindex/Toolbox.build/Debug/Toolbox.build/Objects-normal/x86_64/Toolbox-OutputFileMap.json -use-frontend-parseable-output -save-temps -no-color-diagnostics -serialize-diagnostics -emit-dependencies -emit-module -emit-module-path /Users/liu/Library/Developer/Xcode/DerivedData/Toolbox-cpgcsujffezisobdihlvfnevadbx/Build/Intermediates.noindex/Toolbox.build/Debug/Toolbox.build/Objects-normal/x86_64/Toolbox.swiftmodule -Xcc -I/Users/liu/Library/Developer/Xcode/DerivedData/Toolbox-cpgcsujffezisobdihlvfnevadbx/Build/Intermediates.noindex/Toolbox.build/Debug/Toolbox.build/swift-overrides.hmap -Xcc -iquote -Xcc /Users/liu/Library/Developer/Xcode/DerivedData/Toolbox-cpgcsujffezisobdihlvfnevadbx/Build/Intermediates.noindex/Toolbox.build/Debug/Toolbox.build/Toolbox-generated-files.hmap -Xcc -I/Users/liu/Library/Developer/Xcode/DerivedData/Toolbox-cpgcsujffezisobdihlvfnevadbx/Build/Intermediates.noindex/Toolbox.build/Debug/Toolbox.build/Toolbox-own-target-headers.hmap -Xcc -I/Users/liu/Library/Developer/Xcode/DerivedData/Toolbox-cpgcsujffezisobdihlvfnevadbx/Build/Intermediates.noindex/Toolbox.build/Debug/Toolbox.build/Toolbox-all-target-headers.hmap -Xcc -iquote -Xcc /Users/liu/Library/Developer/Xcode/DerivedData/Toolbox-cpgcsujffezisobdihlvfnevadbx/Build/Intermediates.noindex/Toolbox.build/Debug/Toolbox.build/Toolbox-project-headers.hmap -Xcc -I/Users/liu/Library/Developer/Xcode/DerivedData/Toolbox-cpgcsujffezisobdihlvfnevadbx/Build/Products/Debug/include -Xcc -I/Users/liu/Library/Developer/Xcode/DerivedData/Toolbox-cpgcsujffezisobdihlvfnevadbx/Build/Intermediates.noindex/Toolbox.build/Debug/Toolbox.build/DerivedSources-normal/x86_64 -Xcc -I/Users/liu/Library/Developer/Xcode/DerivedData/Toolbox-cpgcsujffezisobdihlvfnevadbx/Build/Intermediates.noindex/Toolbox.build/Debug/Toolbox.build/DerivedSources/x86_64 -Xcc -I/Users/liu/Library/Developer/Xcode/DerivedData/Toolbox-cpgcsujffezisobdihlvfnevadbx/Build/Intermediates.noindex/Toolbox.build/Debug/Toolbox.build/DerivedSources -emit-objc-header -emit-objc-header-path /Users/liu/Library/Developer/Xcode/DerivedData/Toolbox-cpgcsujffezisobdihlvfnevadbx/Build/Intermediates.noindex/Toolbox.build/Debug/Toolbox.build/Objects-normal/x86_64/Toolbox-Swift.h -working-directory /Users/liu/Desktop/develop/Toolbox -experimental-emit-module-separately

SwiftDriverJobDiscovery normal arm64 Compiling ToolboxApp.swift (in target 'Toolbox' from project 'Toolbox')

SwiftDriver\ Compilation\ Requirements Toolbox normal arm64 com.apple.xcode.tools.swift.compiler (in target 'Toolbox' from project 'Toolbox')
    cd /Users/liu/Desktop/develop/Toolbox
    builtin-Swift-Compilation-Requirements -- /Applications/Xcode.app/Contents/Developer/Toolchains/XcodeDefault.xctoolchain/usr/bin/swiftc -module-name Toolbox -O -enforce-exclusivity\=checked @/Users/liu/Library/Developer/Xcode/DerivedData/Toolbox-cpgcsujffezisobdihlvfnevadbx/Build/Intermediates.noindex/Toolbox.build/Debug/Toolbox.build/Objects-normal/arm64/Toolbox.SwiftFileList -sdk /Applications/Xcode.app/Contents/Developer/Platforms/MacOSX.platform/Developer/SDKs/MacOSX13.1.sdk -target arm64-apple-macos12.3 -enable-bare-slash-regex -g -module-cache-path /Users/liu/Library/Developer/Xcode/DerivedData/ModuleCache.noindex -Xfrontend -serialize-debugging-options -swift-version 5 -I /Users/liu/Library/Developer/Xcode/DerivedData/Toolbox-cpgcsujffezisobdihlvfnevadbx/Build/Products/Debug -F /Users/liu/Library/Developer/Xcode/DerivedData/Toolbox-cpgcsujffezisobdihlvfnevadbx/Build/Products/Debug -emit-localized-strings -emit-localized-strings-path /Users/liu/Library/Developer/Xcode/DerivedData/Toolbox-cpgcsujffezisobdihlvfnevadbx/Build/Intermediates.noindex/Toolbox.build/Debug/Toolbox.build/Objects-normal/arm64 -c -j20 -enable-batch-mode -incremental -output-file-map /Users/liu/Library/Developer/Xcode/DerivedData/Toolbox-cpgcsujffezisobdihlvfnevadbx/Build/Intermediates.noindex/Toolbox.build/Debug/Toolbox.build/Objects-normal/arm64/Toolbox-OutputFileMap.json -use-frontend-parseable-output -save-temps -no-color-diagnostics -serialize-diagnostics -emit-dependencies -emit-module -emit-module-path /Users/liu/Library/Developer/Xcode/DerivedData/Toolbox-cpgcsujffezisobdihlvfnevadbx/Build/Intermediates.noindex/Toolbox.build/Debug/Toolbox.build/Objects-normal/arm64/Toolbox.swiftmodule -Xcc -I/Users/liu/Library/Developer/Xcode/DerivedData/Toolbox-cpgcsujffezisobdihlvfnevadbx/Build/Intermediates.noindex/Toolbox.build/Debug/Toolbox.build/swift-overrides.hmap -Xcc -iquote -Xcc /Users/liu/Library/Developer/Xcode/DerivedData/Toolbox-cpgcsujffezisobdihlvfnevadbx/Build/Intermediates.noindex/Toolbox.build/Debug/Toolbox.build/Toolbox-generated-files.hmap -Xcc -I/Users/liu/Library/Developer/Xcode/DerivedData/Toolbox-cpgcsujffezisobdihlvfnevadbx/Build/Intermediates.noindex/Toolbox.build/Debug/Toolbox.build/Toolbox-own-target-headers.hmap -Xcc -I/Users/liu/Library/Developer/Xcode/DerivedData/Toolbox-cpgcsujffezisobdihlvfnevadbx/Build/Intermediates.noindex/Toolbox.build/Debug/Toolbox.build/Toolbox-all-target-headers.hmap -Xcc -iquote -Xcc /Users/liu/Library/Developer/Xcode/DerivedData/Toolbox-cpgcsujffezisobdihlvfnevadbx/Build/Intermediates.noindex/Toolbox.build/Debug/Toolbox.build/Toolbox-project-headers.hmap -Xcc -I/Users/liu/Library/Developer/Xcode/DerivedData/Toolbox-cpgcsujffezisobdihlvfnevadbx/Build/Products/Debug/include -Xcc -I/Users/liu/Library/Developer/Xcode/DerivedData/Toolbox-cpgcsujffezisobdihlvfnevadbx/Build/Intermediates.noindex/Toolbox.build/Debug/Toolbox.build/DerivedSources-normal/arm64 -Xcc -I/Users/liu/Library/Developer/Xcode/DerivedData/Toolbox-cpgcsujffezisobdihlvfnevadbx/Build/Intermediates.noindex/Toolbox.build/Debug/Toolbox.build/DerivedSources/arm64 -Xcc -I/Users/liu/Library/Developer/Xcode/DerivedData/Toolbox-cpgcsujffezisobdihlvfnevadbx/Build/Intermediates.noindex/Toolbox.build/Debug/Toolbox.build/DerivedSources -emit-objc-header -emit-objc-header-path /Users/liu/Library/Developer/Xcode/DerivedData/Toolbox-cpgcsujffezisobdihlvfnevadbx/Build/Intermediates.noindex/Toolbox.build/Debug/Toolbox.build/Objects-normal/arm64/Toolbox-Swift.h -working-directory /Users/liu/Desktop/develop/Toolbox -experimental-emit-module-separately

SwiftDriverJobDiscovery normal arm64 Compiling TextInputPane.swift (in target 'Toolbox' from project 'Toolbox')

SwiftCompile normal x86_64 Compiling\ FileRenamerPane.swift /Users/liu/Desktop/develop/Toolbox/Toolbox/Views/FileRenamerPane.swift (in target 'Toolbox' from project 'Toolbox')
    cd /Users/liu/Desktop/develop/Toolbox
    builtin-swiftTaskExecution -- /Applications/Xcode.app/Contents/Developer/Toolchains/XcodeDefault.xctoolchain/usr/bin/swift-frontend -frontend -c /Users/liu/Desktop/develop/Toolbox/Toolbox/ToolboxApp.swift /Users/liu/Desktop/develop/Toolbox/Toolbox/Views/ContentView.swift /Users/liu/Desktop/develop/Toolbox/Toolbox/Models/ScriptTool.swift /Users/liu/Desktop/develop/Toolbox/Toolbox/ViewModels/RootViewModel.swift /Users/liu/Desktop/develop/Toolbox/Toolbox/Views/AppKitTextViews.swift /Users/liu/Desktop/develop/Toolbox/Toolbox/Views/SidebarView.swift /Users/liu/Desktop/develop/Toolbox/Toolbox/Views/TextInputPane.swift /Users/liu/Desktop/develop/Toolbox/Toolbox/Views/TerminalPaneView.swift /Users/liu/Desktop/develop/Toolbox/Toolbox/Services/PTYTerminalService.swift /Users/liu/Desktop/develop/Toolbox/Toolbox/Services/ToolFileStore.swift /Users/liu/Desktop/develop/Toolbox/Toolbox/Services/PTYProcess.swift -primary-file /Users/liu/Desktop/develop/Toolbox/Toolbox/Views/FileRenamerPane.swift /Users/liu/Desktop/develop/Toolbox/Toolbox/Views/WeeklyCheckPane.swift -emit-dependencies-path /Users/liu/Library/Developer/Xcode/DerivedData/Toolbox-cpgcsujffezisobdihlvfnevadbx/Build/Intermediates.noindex/Toolbox.build/Debug/Toolbox.build/Objects-normal/x86_64/FileRenamerPane.d -emit-reference-dependencies-path /Users/liu/Library/Developer/Xcode/DerivedData/Toolbox-cpgcsujffezisobdihlvfnevadbx/Build/Intermediates.noindex/Toolbox.build/Debug/Toolbox.build/Objects-normal/x86_64/FileRenamerPane.swiftdeps -serialize-diagnostics-path /Users/liu/Library/Developer/Xcode/DerivedData/Toolbox-cpgcsujffezisobdihlvfnevadbx/Build/Intermediates.noindex/Toolbox.build/Debug/Toolbox.build/Objects-normal/x86_64/FileRenamerPane.dia -emit-localized-strings -emit-localized-strings-path /Users/liu/Library/Developer/Xcode/DerivedData/Toolbox-cpgcsujffezisobdihlvfnevadbx/Build/Intermediates.noindex/Toolbox.build/Debug/Toolbox.build/Objects-normal/x86_64 -target x86_64-apple-macos12.3 -enable-objc-interop -stack-check -sdk /Applications/Xcode.app/Contents/Developer/Platforms/MacOSX.platform/Developer/SDKs/MacOSX13.1.sdk -I /Users/liu/Library/Developer/Xcode/DerivedData/Toolbox-cpgcsujffezisobdihlvfnevadbx/Build/Products/Debug -F /Users/liu/Library/Developer/Xcode/DerivedData/Toolbox-cpgcsujffezisobdihlvfnevadbx/Build/Products/Debug -no-color-diagnostics -g -module-cache-path /Users/liu/Library/Developer/Xcode/DerivedData/ModuleCache.noindex -swift-version 5 -enforce-exclusivity\=checked -O -serialize-debugging-options -enable-bare-slash-regex -empty-abi-descriptor -Xcc -working-directory -Xcc /Users/liu/Desktop/develop/Toolbox -resource-dir /Applications/Xcode.app/Contents/Developer/Toolchains/XcodeDefault.xctoolchain/usr/lib/swift -Xcc -I/Users/liu/Library/Developer/Xcode/DerivedData/Toolbox-cpgcsujffezisobdihlvfnevadbx/Build/Intermediates.noindex/Toolbox.build/Debug/Toolbox.build/swift-overrides.hmap -Xcc -iquote -Xcc /Users/liu/Library/Developer/Xcode/DerivedData/Toolbox-cpgcsujffezisobdihlvfnevadbx/Build/Intermediates.noindex/Toolbox.build/Debug/Toolbox.build/Toolbox-generated-files.hmap -Xcc -I/Users/liu/Library/Developer/Xcode/DerivedData/Toolbox-cpgcsujffezisobdihlvfnevadbx/Build/Intermediates.noindex/Toolbox.build/Debug/Toolbox.build/Toolbox-own-target-headers.hmap -Xcc -I/Users/liu/Library/Developer/Xcode/DerivedData/Toolbox-cpgcsujffezisobdihlvfnevadbx/Build/Intermediates.noindex/Toolbox.build/Debug/Toolbox.build/Toolbox-all-target-headers.hmap -Xcc -iquote -Xcc /Users/liu/Library/Developer/Xcode/DerivedData/Toolbox-cpgcsujffezisobdihlvfnevadbx/Build/Intermediates.noindex/Toolbox.build/Debug/Toolbox.build/Toolbox-project-headers.hmap -Xcc -I/Users/liu/Library/Developer/Xcode/DerivedData/Toolbox-cpgcsujffezisobdihlvfnevadbx/Build/Products/Debug/include -Xcc -I/Users/liu/Library/Developer/Xcode/DerivedData/Toolbox-cpgcsujffezisobdihlvfnevadbx/Build/Intermediates.noindex/Toolbox.build/Debug/Toolbox.build/DerivedSources-normal/x86_64 -Xcc -I/Users/liu/Library/Developer/Xcode/DerivedData/Toolbox-cpgcsujffezisobdihlvfnevadbx/Build/Intermediates.noindex/Toolbox.build/Debug/Toolbox.build/DerivedSources/x86_64 -Xcc -I/Users/liu/Library/Developer/Xcode/DerivedData/Toolbox-cpgcsujffezisobdihlvfnevadbx/Build/Intermediates.noindex/Toolbox.build/Debug/Toolbox.build/DerivedSources -module-name Toolbox -frontend-parseable-output -disable-clang-spi -target-sdk-version 13.1 -o /Users/liu/Library/Developer/Xcode/DerivedData/Toolbox-cpgcsujffezisobdihlvfnevadbx/Build/Intermediates.noindex/Toolbox.build/Debug/Toolbox.build/Objects-normal/x86_64/FileRenamerPane.o -index-unit-output-path /Toolbox.build/Debug/Toolbox.build/Objects-normal/x86_64/FileRenamerPane.o

CompileSwift normal x86_64 /Users/liu/Desktop/develop/Toolbox/Toolbox/Views/FileRenamerPane.swift (in target 'Toolbox' from project 'Toolbox')
    cd /Users/liu/Desktop/develop/Toolbox
    /Applications/Xcode.app/Contents/Developer/Toolchains/XcodeDefault.xctoolchain/usr/bin/swift-frontend -c /Users/liu/Desktop/develop/Toolbox/Toolbox/ToolboxApp.swift /Users/liu/Desktop/develop/Toolbox/Toolbox/Views/ContentView.swift /Users/liu/Desktop/develop/Toolbox/Toolbox/Models/ScriptTool.swift /Users/liu/Desktop/develop/Toolbox/Toolbox/ViewModels/RootViewModel.swift /Users/liu/Desktop/develop/Toolbox/Toolbox/Views/AppKitTextViews.swift /Users/liu/Desktop/develop/Toolbox/Toolbox/Views/SidebarView.swift /Users/liu/Desktop/develop/Toolbox/Toolbox/Views/TextInputPane.swift /Users/liu/Desktop/develop/Toolbox/Toolbox/Views/TerminalPaneView.swift /Users/liu/Desktop/develop/Toolbox/Toolbox/Services/PTYTerminalService.swift /Users/liu/Desktop/develop/Toolbox/Toolbox/Services/ToolFileStore.swift /Users/liu/Desktop/develop/Toolbox/Toolbox/Services/PTYProcess.swift -primary-file /Users/liu/Desktop/develop/Toolbox/Toolbox/Views/FileRenamerPane.swift /Users/liu/Desktop/develop/Toolbox/Toolbox/Views/WeeklyCheckPane.swift -emit-dependencies-path /Users/liu/Library/Developer/Xcode/DerivedData/Toolbox-cpgcsujffezisobdihlvfnevadbx/Build/Intermediates.noindex/Toolbox.build/Debug/Toolbox.build/Objects-normal/x86_64/FileRenamerPane.d -emit-reference-dependencies-path /Users/liu/Library/Developer/Xcode/DerivedData/Toolbox-cpgcsujffezisobdihlvfnevadbx/Build/Intermediates.noindex/Toolbox.build/Debug/Toolbox.build/Objects-normal/x86_64/FileRenamerPane.swiftdeps -serialize-diagnostics-path /Users/liu/Library/Developer/Xcode/DerivedData/Toolbox-cpgcsujffezisobdihlvfnevadbx/Build/Intermediates.noindex/Toolbox.build/Debug/Toolbox.build/Objects-normal/x86_64/FileRenamerPane.dia -emit-localized-strings -emit-localized-strings-path /Users/liu/Library/Developer/Xcode/DerivedData/Toolbox-cpgcsujffezisobdihlvfnevadbx/Build/Intermediates.noindex/Toolbox.build/Debug/Toolbox.build/Objects-normal/x86_64 -target x86_64-apple-macos12.3 -enable-objc-interop -stack-check -sdk /Applications/Xcode.app/Contents/Developer/Platforms/MacOSX.platform/Developer/SDKs/MacOSX13.1.sdk -I /Users/liu/Library/Developer/Xcode/DerivedData/Toolbox-cpgcsujffezisobdihlvfnevadbx/Build/Products/Debug -F /Users/liu/Library/Developer/Xcode/DerivedData/Toolbox-cpgcsujffezisobdihlvfnevadbx/Build/Products/Debug -no-color-diagnostics -g -module-cache-path /Users/liu/Library/Developer/Xcode/DerivedData/ModuleCache.noindex -swift-version 5 -enforce-exclusivity\=checked -O -serialize-debugging-options -enable-bare-slash-regex -empty-abi-descriptor -Xcc -working-directory -Xcc /Users/liu/Desktop/develop/Toolbox -resource-dir /Applications/Xcode.app/Contents/Developer/Toolchains/XcodeDefault.xctoolchain/usr/lib/swift -Xcc -I/Users/liu/Library/Developer/Xcode/DerivedData/Toolbox-cpgcsujffezisobdihlvfnevadbx/Build/Intermediates.noindex/Toolbox.build/Debug/Toolbox.build/swift-overrides.hmap -Xcc -iquote -Xcc /Users/liu/Library/Developer/Xcode/DerivedData/Toolbox-cpgcsujffezisobdihlvfnevadbx/Build/Intermediates.noindex/Toolbox.build/Debug/Toolbox.build/Toolbox-generated-files.hmap -Xcc -I/Users/liu/Library/Developer/Xcode/DerivedData/Toolbox-cpgcsujffezisobdihlvfnevadbx/Build/Intermediates.noindex/Toolbox.build/Debug/Toolbox.build/Toolbox-own-target-headers.hmap -Xcc -I/Users/liu/Library/Developer/Xcode/DerivedData/Toolbox-cpgcsujffezisobdihlvfnevadbx/Build/Intermediates.noindex/Toolbox.build/Debug/Toolbox.build/Toolbox-all-target-headers.hmap -Xcc -iquote -Xcc /Users/liu/Library/Developer/Xcode/DerivedData/Toolbox-cpgcsujffezisobdihlvfnevadbx/Build/Intermediates.noindex/Toolbox.build/Debug/Toolbox.build/Toolbox-project-headers.hmap -Xcc -I/Users/liu/Library/Developer/Xcode/DerivedData/Toolbox-cpgcsujffezisobdihlvfnevadbx/Build/Products/Debug/include -Xcc -I/Users/liu/Library/Developer/Xcode/DerivedData/Toolbox-cpgcsujffezisobdihlvfnevadbx/Build/Intermediates.noindex/Toolbox.build/Debug/Toolbox.build/DerivedSources-normal/x86_64 -Xcc -I/Users/liu/Library/Developer/Xcode/DerivedData/Toolbox-cpgcsujffezisobdihlvfnevadbx/Build/Intermediates.noindex/Toolbox.build/Debug/Toolbox.build/DerivedSources/x86_64 -Xcc -I/Users/liu/Library/Developer/Xcode/DerivedData/Toolbox-cpgcsujffezisobdihlvfnevadbx/Build/Intermediates.noindex/Toolbox.build/Debug/Toolbox.build/DerivedSources -module-name Toolbox -frontend-parseable-output -disable-clang-spi -target-sdk-version 13.1 -o /Users/liu/Library/Developer/Xcode/DerivedData/Toolbox-cpgcsujffezisobdihlvfnevadbx/Build/Intermediates.noindex/Toolbox.build/Debug/Toolbox.build/Objects-normal/x86_64/FileRenamerPane.o -index-unit-output-path /Toolbox.build/Debug/Toolbox.build/Objects-normal/x86_64/FileRenamerPane.o
/Users/liu/Desktop/develop/Toolbox/Toolbox/Views/FileRenamerPane.swift:157:30: warning: result of call to 'loadObject(ofClass:completionHandler:)' is unused
            providers.first?.loadObject(ofClass: URL.self) { url, _ in
                             ^         ~~~~~~~~~~~~~~~~~~~~~~~~~~~~~~~

SwiftCompile normal x86_64 Compiling\ AppKitTextViews.swift /Users/liu/Desktop/develop/Toolbox/Toolbox/Views/AppKitTextViews.swift (in target 'Toolbox' from project 'Toolbox')
    cd /Users/liu/Desktop/develop/Toolbox
    builtin-swiftTaskExecution -- /Applications/Xcode.app/Contents/Developer/Toolchains/XcodeDefault.xctoolchain/usr/bin/swift-frontend -frontend -c /Users/liu/Desktop/develop/Toolbox/Toolbox/ToolboxApp.swift /Users/liu/Desktop/develop/Toolbox/Toolbox/Views/ContentView.swift /Users/liu/Desktop/develop/Toolbox/Toolbox/Models/ScriptTool.swift /Users/liu/Desktop/develop/Toolbox/Toolbox/ViewModels/RootViewModel.swift -primary-file /Users/liu/Desktop/develop/Toolbox/Toolbox/Views/AppKitTextViews.swift /Users/liu/Desktop/develop/Toolbox/Toolbox/Views/SidebarView.swift /Users/liu/Desktop/develop/Toolbox/Toolbox/Views/TextInputPane.swift /Users/liu/Desktop/develop/Toolbox/Toolbox/Views/TerminalPaneView.swift /Users/liu/Desktop/develop/Toolbox/Toolbox/Services/PTYTerminalService.swift /Users/liu/Desktop/develop/Toolbox/Toolbox/Services/ToolFileStore.swift /Users/liu/Desktop/develop/Toolbox/Toolbox/Services/PTYProcess.swift /Users/liu/Desktop/develop/Toolbox/Toolbox/Views/FileRenamerPane.swift /Users/liu/Desktop/develop/Toolbox/Toolbox/Views/WeeklyCheckPane.swift -emit-dependencies-path /Users/liu/Library/Developer/Xcode/DerivedData/Toolbox-cpgcsujffezisobdihlvfnevadbx/Build/Intermediates.noindex/Toolbox.build/Debug/Toolbox.build/Objects-normal/x86_64/AppKitTextViews.d -emit-reference-dependencies-path /Users/liu/Library/Developer/Xcode/DerivedData/Toolbox-cpgcsujffezisobdihlvfnevadbx/Build/Intermediates.noindex/Toolbox.build/Debug/Toolbox.build/Objects-normal/x86_64/AppKitTextViews.swiftdeps -serialize-diagnostics-path /Users/liu/Library/Developer/Xcode/DerivedData/Toolbox-cpgcsujffezisobdihlvfnevadbx/Build/Intermediates.noindex/Toolbox.build/Debug/Toolbox.build/Objects-normal/x86_64/AppKitTextViews.dia -emit-localized-strings -emit-localized-strings-path /Users/liu/Library/Developer/Xcode/DerivedData/Toolbox-cpgcsujffezisobdihlvfnevadbx/Build/Intermediates.noindex/Toolbox.build/Debug/Toolbox.build/Objects-normal/x86_64 -target x86_64-apple-macos12.3 -enable-objc-interop -stack-check -sdk /Applications/Xcode.app/Contents/Developer/Platforms/MacOSX.platform/Developer/SDKs/MacOSX13.1.sdk -I /Users/liu/Library/Developer/Xcode/DerivedData/Toolbox-cpgcsujffezisobdihlvfnevadbx/Build/Products/Debug -F /Users/liu/Library/Developer/Xcode/DerivedData/Toolbox-cpgcsujffezisobdihlvfnevadbx/Build/Products/Debug -no-color-diagnostics -g -module-cache-path /Users/liu/Library/Developer/Xcode/DerivedData/ModuleCache.noindex -swift-version 5 -enforce-exclusivity\=checked -O -serialize-debugging-options -enable-bare-slash-regex -empty-abi-descriptor -Xcc -working-directory -Xcc /Users/liu/Desktop/develop/Toolbox -resource-dir /Applications/Xcode.app/Contents/Developer/Toolchains/XcodeDefault.xctoolchain/usr/lib/swift -Xcc -I/Users/liu/Library/Developer/Xcode/DerivedData/Toolbox-cpgcsujffezisobdihlvfnevadbx/Build/Intermediates.noindex/Toolbox.build/Debug/Toolbox.build/swift-overrides.hmap -Xcc -iquote -Xcc /Users/liu/Library/Developer/Xcode/DerivedData/Toolbox-cpgcsujffezisobdihlvfnevadbx/Build/Intermediates.noindex/Toolbox.build/Debug/Toolbox.build/Toolbox-generated-files.hmap -Xcc -I/Users/liu/Library/Developer/Xcode/DerivedData/Toolbox-cpgcsujffezisobdihlvfnevadbx/Build/Intermediates.noindex/Toolbox.build/Debug/Toolbox.build/Toolbox-own-target-headers.hmap -Xcc -I/Users/liu/Library/Developer/Xcode/DerivedData/Toolbox-cpgcsujffezisobdihlvfnevadbx/Build/Intermediates.noindex/Toolbox.build/Debug/Toolbox.build/Toolbox-all-target-headers.hmap -Xcc -iquote -Xcc /Users/liu/Library/Developer/Xcode/DerivedData/Toolbox-cpgcsujffezisobdihlvfnevadbx/Build/Intermediates.noindex/Toolbox.build/Debug/Toolbox.build/Toolbox-project-headers.hmap -Xcc -I/Users/liu/Library/Developer/Xcode/DerivedData/Toolbox-cpgcsujffezisobdihlvfnevadbx/Build/Products/Debug/include -Xcc -I/Users/liu/Library/Developer/Xcode/DerivedData/Toolbox-cpgcsujffezisobdihlvfnevadbx/Build/Intermediates.noindex/Toolbox.build/Debug/Toolbox.build/DerivedSources-normal/x86_64 -Xcc -I/Users/liu/Library/Developer/Xcode/DerivedData/Toolbox-cpgcsujffezisobdihlvfnevadbx/Build/Intermediates.noindex/Toolbox.build/Debug/Toolbox.build/DerivedSources/x86_64 -Xcc -I/Users/liu/Library/Developer/Xcode/DerivedData/Toolbox-cpgcsujffezisobdihlvfnevadbx/Build/Intermediates.noindex/Toolbox.build/Debug/Toolbox.build/DerivedSources -module-name Toolbox -frontend-parseable-output -disable-clang-spi -target-sdk-version 13.1 -o /Users/liu/Library/Developer/Xcode/DerivedData/Toolbox-cpgcsujffezisobdihlvfnevadbx/Build/Intermediates.noindex/Toolbox.build/Debug/Toolbox.build/Objects-normal/x86_64/AppKitTextViews.o -index-unit-output-path /Toolbox.build/Debug/Toolbox.build/Objects-normal/x86_64/AppKitTextViews.o

CompileSwift normal x86_64 /Users/liu/Desktop/develop/Toolbox/Toolbox/Views/AppKitTextViews.swift (in target 'Toolbox' from project 'Toolbox')
    cd /Users/liu/Desktop/develop/Toolbox
    /Applications/Xcode.app/Contents/Developer/Toolchains/XcodeDefault.xctoolchain/usr/bin/swift-frontend -c /Users/liu/Desktop/develop/Toolbox/Toolbox/ToolboxApp.swift /Users/liu/Desktop/develop/Toolbox/Toolbox/Views/ContentView.swift /Users/liu/Desktop/develop/Toolbox/Toolbox/Models/ScriptTool.swift /Users/liu/Desktop/develop/Toolbox/Toolbox/ViewModels/RootViewModel.swift -primary-file /Users/liu/Desktop/develop/Toolbox/Toolbox/Views/AppKitTextViews.swift /Users/liu/Desktop/develop/Toolbox/Toolbox/Views/SidebarView.swift /Users/liu/Desktop/develop/Toolbox/Toolbox/Views/TextInputPane.swift /Users/liu/Desktop/develop/Toolbox/Toolbox/Views/TerminalPaneView.swift /Users/liu/Desktop/develop/Toolbox/Toolbox/Services/PTYTerminalService.swift /Users/liu/Desktop/develop/Toolbox/Toolbox/Services/ToolFileStore.swift /Users/liu/Desktop/develop/Toolbox/Toolbox/Services/PTYProcess.swift /Users/liu/Desktop/develop/Toolbox/Toolbox/Views/FileRenamerPane.swift /Users/liu/Desktop/develop/Toolbox/Toolbox/Views/WeeklyCheckPane.swift -emit-dependencies-path /Users/liu/Library/Developer/Xcode/DerivedData/Toolbox-cpgcsujffezisobdihlvfnevadbx/Build/Intermediates.noindex/Toolbox.build/Debug/Toolbox.build/Objects-normal/x86_64/AppKitTextViews.d -emit-reference-dependencies-path /Users/liu/Library/Developer/Xcode/DerivedData/Toolbox-cpgcsujffezisobdihlvfnevadbx/Build/Intermediates.noindex/Toolbox.build/Debug/Toolbox.build/Objects-normal/x86_64/AppKitTextViews.swiftdeps -serialize-diagnostics-path /Users/liu/Library/Developer/Xcode/DerivedData/Toolbox-cpgcsujffezisobdihlvfnevadbx/Build/Intermediates.noindex/Toolbox.build/Debug/Toolbox.build/Objects-normal/x86_64/AppKitTextViews.dia -emit-localized-strings -emit-localized-strings-path /Users/liu/Library/Developer/Xcode/DerivedData/Toolbox-cpgcsujffezisobdihlvfnevadbx/Build/Intermediates.noindex/Toolbox.build/Debug/Toolbox.build/Objects-normal/x86_64 -target x86_64-apple-macos12.3 -enable-objc-interop -stack-check -sdk /Applications/Xcode.app/Contents/Developer/Platforms/MacOSX.platform/Developer/SDKs/MacOSX13.1.sdk -I /Users/liu/Library/Developer/Xcode/DerivedData/Toolbox-cpgcsujffezisobdihlvfnevadbx/Build/Products/Debug -F /Users/liu/Library/Developer/Xcode/DerivedData/Toolbox-cpgcsujffezisobdihlvfnevadbx/Build/Products/Debug -no-color-diagnostics -g -module-cache-path /Users/liu/Library/Developer/Xcode/DerivedData/ModuleCache.noindex -swift-version 5 -enforce-exclusivity\=checked -O -serialize-debugging-options -enable-bare-slash-regex -empty-abi-descriptor -Xcc -working-directory -Xcc /Users/liu/Desktop/develop/Toolbox -resource-dir /Applications/Xcode.app/Contents/Developer/Toolchains/XcodeDefault.xctoolchain/usr/lib/swift -Xcc -I/Users/liu/Library/Developer/Xcode/DerivedData/Toolbox-cpgcsujffezisobdihlvfnevadbx/Build/Intermediates.noindex/Toolbox.build/Debug/Toolbox.build/swift-overrides.hmap -Xcc -iquote -Xcc /Users/liu/Library/Developer/Xcode/DerivedData/Toolbox-cpgcsujffezisobdihlvfnevadbx/Build/Intermediates.noindex/Toolbox.build/Debug/Toolbox.build/Toolbox-generated-files.hmap -Xcc -I/Users/liu/Library/Developer/Xcode/DerivedData/Toolbox-cpgcsujffezisobdihlvfnevadbx/Build/Intermediates.noindex/Toolbox.build/Debug/Toolbox.build/Toolbox-own-target-headers.hmap -Xcc -I/Users/liu/Library/Developer/Xcode/DerivedData/Toolbox-cpgcsujffezisobdihlvfnevadbx/Build/Intermediates.noindex/Toolbox.build/Debug/Toolbox.build/Toolbox-all-target-headers.hmap -Xcc -iquote -Xcc /Users/liu/Library/Developer/Xcode/DerivedData/Toolbox-cpgcsujffezisobdihlvfnevadbx/Build/Intermediates.noindex/Toolbox.build/Debug/Toolbox.build/Toolbox-project-headers.hmap -Xcc -I/Users/liu/Library/Developer/Xcode/DerivedData/Toolbox-cpgcsujffezisobdihlvfnevadbx/Build/Products/Debug/include -Xcc -I/Users/liu/Library/Developer/Xcode/DerivedData/Toolbox-cpgcsujffezisobdihlvfnevadbx/Build/Intermediates.noindex/Toolbox.build/Debug/Toolbox.build/DerivedSources-normal/x86_64 -Xcc -I/Users/liu/Library/Developer/Xcode/DerivedData/Toolbox-cpgcsujffezisobdihlvfnevadbx/Build/Intermediates.noindex/Toolbox.build/Debug/Toolbox.build/DerivedSources/x86_64 -Xcc -I/Users/liu/Library/Developer/Xcode/DerivedData/Toolbox-cpgcsujffezisobdihlvfnevadbx/Build/Intermediates.noindex/Toolbox.build/Debug/Toolbox.build/DerivedSources -module-name Toolbox -frontend-parseable-output -disable-clang-spi -target-sdk-version 13.1 -o /Users/liu/Library/Developer/Xcode/DerivedData/Toolbox-cpgcsujffezisobdihlvfnevadbx/Build/Intermediates.noindex/Toolbox.build/Debug/Toolbox.build/Objects-normal/x86_64/AppKitTextViews.o -index-unit-output-path /Toolbox.build/Debug/Toolbox.build/Objects-normal/x86_64/AppKitTextViews.o

SwiftMergeGeneratedHeaders /Users/liu/Library/Developer/Xcode/DerivedData/Toolbox-cpgcsujffezisobdihlvfnevadbx/Build/Intermediates.noindex/Toolbox.build/Debug/Toolbox.build/DerivedSources/Toolbox-Swift.h /Users/liu/Library/Developer/Xcode/DerivedData/Toolbox-cpgcsujffezisobdihlvfnevadbx/Build/Intermediates.noindex/Toolbox.build/Debug/Toolbox.build/Objects-normal/arm64/Toolbox-Swift.h /Users/liu/Library/Developer/Xcode/DerivedData/Toolbox-cpgcsujffezisobdihlvfnevadbx/Build/Intermediates.noindex/Toolbox.build/Debug/Toolbox.build/Objects-normal/x86_64/Toolbox-Swift.h (in target 'Toolbox' from project 'Toolbox')
    cd /Users/liu/Desktop/develop/Toolbox
    builtin-swiftHeaderTool -arch arm64 /Users/liu/Library/Developer/Xcode/DerivedData/Toolbox-cpgcsujffezisobdihlvfnevadbx/Build/Intermediates.noindex/Toolbox.build/Debug/Toolbox.build/Objects-normal/arm64/Toolbox-Swift.h -arch x86_64 /Users/liu/Library/Developer/Xcode/DerivedData/Toolbox-cpgcsujffezisobdihlvfnevadbx/Build/Intermediates.noindex/Toolbox.build/Debug/Toolbox.build/Objects-normal/x86_64/Toolbox-Swift.h -o /Users/liu/Library/Developer/Xcode/DerivedData/Toolbox-cpgcsujffezisobdihlvfnevadbx/Build/Intermediates.noindex/Toolbox.build/Debug/Toolbox.build/DerivedSources/Toolbox-Swift.h

Copy /Users/liu/Library/Developer/Xcode/DerivedData/Toolbox-cpgcsujffezisobdihlvfnevadbx/Build/Products/Debug/Toolbox.swiftmodule/x86_64-apple-macos.swiftmodule /Users/liu/Library/Developer/Xcode/DerivedData/Toolbox-cpgcsujffezisobdihlvfnevadbx/Build/Intermediates.noindex/Toolbox.build/Debug/Toolbox.build/Objects-normal/x86_64/Toolbox.swiftmodule (in target 'Toolbox' from project 'Toolbox')
    cd /Users/liu/Desktop/develop/Toolbox
    builtin-copy -exclude .DS_Store -exclude CVS -exclude .svn -exclude .git -exclude .hg -resolve-src-symlinks -rename /Users/liu/Library/Developer/Xcode/DerivedData/Toolbox-cpgcsujffezisobdihlvfnevadbx/Build/Intermediates.noindex/Toolbox.build/Debug/Toolbox.build/Objects-normal/x86_64/Toolbox.swiftmodule /Users/liu/Library/Developer/Xcode/DerivedData/Toolbox-cpgcsujffezisobdihlvfnevadbx/Build/Products/Debug/Toolbox.swiftmodule/x86_64-apple-macos.swiftmodule

SwiftDriverJobDiscovery normal arm64 Compiling PTYProcess.swift (in target 'Toolbox' from project 'Toolbox')

Copy /Users/liu/Library/Developer/Xcode/DerivedData/Toolbox-cpgcsujffezisobdihlvfnevadbx/Build/Products/Debug/Toolbox.swiftmodule/x86_64-apple-macos.swiftdoc /Users/liu/Library/Developer/Xcode/DerivedData/Toolbox-cpgcsujffezisobdihlvfnevadbx/Build/Intermediates.noindex/Toolbox.build/Debug/Toolbox.build/Objects-normal/x86_64/Toolbox.swiftdoc (in target 'Toolbox' from project 'Toolbox')
    cd /Users/liu/Desktop/develop/Toolbox
    builtin-copy -exclude .DS_Store -exclude CVS -exclude .svn -exclude .git -exclude .hg -resolve-src-symlinks -rename /Users/liu/Library/Developer/Xcode/DerivedData/Toolbox-cpgcsujffezisobdihlvfnevadbx/Build/Intermediates.noindex/Toolbox.build/Debug/Toolbox.build/Objects-normal/x86_64/Toolbox.swiftdoc /Users/liu/Library/Developer/Xcode/DerivedData/Toolbox-cpgcsujffezisobdihlvfnevadbx/Build/Products/Debug/Toolbox.swiftmodule/x86_64-apple-macos.swiftdoc

Copy /Users/liu/Library/Developer/Xcode/DerivedData/Toolbox-cpgcsujffezisobdihlvfnevadbx/Build/Products/Debug/Toolbox.swiftmodule/x86_64-apple-macos.abi.json /Users/liu/Library/Developer/Xcode/DerivedData/Toolbox-cpgcsujffezisobdihlvfnevadbx/Build/Intermediates.noindex/Toolbox.build/Debug/Toolbox.build/Objects-normal/x86_64/Toolbox.abi.json (in target 'Toolbox' from project 'Toolbox')
    cd /Users/liu/Desktop/develop/Toolbox
    builtin-copy -exclude .DS_Store -exclude CVS -exclude .svn -exclude .git -exclude .hg -resolve-src-symlinks -rename /Users/liu/Library/Developer/Xcode/DerivedData/Toolbox-cpgcsujffezisobdihlvfnevadbx/Build/Intermediates.noindex/Toolbox.build/Debug/Toolbox.build/Objects-normal/x86_64/Toolbox.abi.json /Users/liu/Library/Developer/Xcode/DerivedData/Toolbox-cpgcsujffezisobdihlvfnevadbx/Build/Products/Debug/Toolbox.swiftmodule/x86_64-apple-macos.abi.json

Copy /Users/liu/Library/Developer/Xcode/DerivedData/Toolbox-cpgcsujffezisobdihlvfnevadbx/Build/Products/Debug/Toolbox.swiftmodule/arm64-apple-macos.swiftmodule /Users/liu/Library/Developer/Xcode/DerivedData/Toolbox-cpgcsujffezisobdihlvfnevadbx/Build/Intermediates.noindex/Toolbox.build/Debug/Toolbox.build/Objects-normal/arm64/Toolbox.swiftmodule (in target 'Toolbox' from project 'Toolbox')
    cd /Users/liu/Desktop/develop/Toolbox
    builtin-copy -exclude .DS_Store -exclude CVS -exclude .svn -exclude .git -exclude .hg -resolve-src-symlinks -rename /Users/liu/Library/Developer/Xcode/DerivedData/Toolbox-cpgcsujffezisobdihlvfnevadbx/Build/Intermediates.noindex/Toolbox.build/Debug/Toolbox.build/Objects-normal/arm64/Toolbox.swiftmodule /Users/liu/Library/Developer/Xcode/DerivedData/Toolbox-cpgcsujffezisobdihlvfnevadbx/Build/Products/Debug/Toolbox.swiftmodule/arm64-apple-macos.swiftmodule

SwiftDriverJobDiscovery normal arm64 Compiling ScriptTool.swift (in target 'Toolbox' from project 'Toolbox')

Copy /Users/liu/Library/Developer/Xcode/DerivedData/Toolbox-cpgcsujffezisobdihlvfnevadbx/Build/Products/Debug/Toolbox.swiftmodule/arm64-apple-macos.swiftdoc /Users/liu/Library/Developer/Xcode/DerivedData/Toolbox-cpgcsujffezisobdihlvfnevadbx/Build/Intermediates.noindex/Toolbox.build/Debug/Toolbox.build/Objects-normal/arm64/Toolbox.swiftdoc (in target 'Toolbox' from project 'Toolbox')
    cd /Users/liu/Desktop/develop/Toolbox
    builtin-copy -exclude .DS_Store -exclude CVS -exclude .svn -exclude .git -exclude .hg -resolve-src-symlinks -rename /Users/liu/Library/Developer/Xcode/DerivedData/Toolbox-cpgcsujffezisobdihlvfnevadbx/Build/Intermediates.noindex/Toolbox.build/Debug/Toolbox.build/Objects-normal/arm64/Toolbox.swiftdoc /Users/liu/Library/Developer/Xcode/DerivedData/Toolbox-cpgcsujffezisobdihlvfnevadbx/Build/Products/Debug/Toolbox.swiftmodule/arm64-apple-macos.swiftdoc

Copy /Users/liu/Library/Developer/Xcode/DerivedData/Toolbox-cpgcsujffezisobdihlvfnevadbx/Build/Products/Debug/Toolbox.swiftmodule/arm64-apple-macos.abi.json /Users/liu/Library/Developer/Xcode/DerivedData/Toolbox-cpgcsujffezisobdihlvfnevadbx/Build/Intermediates.noindex/Toolbox.build/Debug/Toolbox.build/Objects-normal/arm64/Toolbox.abi.json (in target 'Toolbox' from project 'Toolbox')
    cd /Users/liu/Desktop/develop/Toolbox
    builtin-copy -exclude .DS_Store -exclude CVS -exclude .svn -exclude .git -exclude .hg -resolve-src-symlinks -rename /Users/liu/Library/Developer/Xcode/DerivedData/Toolbox-cpgcsujffezisobdihlvfnevadbx/Build/Intermediates.noindex/Toolbox.build/Debug/Toolbox.build/Objects-normal/arm64/Toolbox.abi.json /Users/liu/Library/Developer/Xcode/DerivedData/Toolbox-cpgcsujffezisobdihlvfnevadbx/Build/Products/Debug/Toolbox.swiftmodule/arm64-apple-macos.abi.json

Copy /Users/liu/Library/Developer/Xcode/DerivedData/Toolbox-cpgcsujffezisobdihlvfnevadbx/Build/Products/Debug/Toolbox.swiftmodule/Project/x86_64-apple-macos.swiftsourceinfo /Users/liu/Library/Developer/Xcode/DerivedData/Toolbox-cpgcsujffezisobdihlvfnevadbx/Build/Intermediates.noindex/Toolbox.build/Debug/Toolbox.build/Objects-normal/x86_64/Toolbox.swiftsourceinfo (in target 'Toolbox' from project 'Toolbox')
    cd /Users/liu/Desktop/develop/Toolbox
    builtin-copy -exclude .DS_Store -exclude CVS -exclude .svn -exclude .git -exclude .hg -resolve-src-symlinks -rename /Users/liu/Library/Developer/Xcode/DerivedData/Toolbox-cpgcsujffezisobdihlvfnevadbx/Build/Intermediates.noindex/Toolbox.build/Debug/Toolbox.build/Objects-normal/x86_64/Toolbox.swiftsourceinfo /Users/liu/Library/Developer/Xcode/DerivedData/Toolbox-cpgcsujffezisobdihlvfnevadbx/Build/Products/Debug/Toolbox.swiftmodule/Project/x86_64-apple-macos.swiftsourceinfo

Copy /Users/liu/Library/Developer/Xcode/DerivedData/Toolbox-cpgcsujffezisobdihlvfnevadbx/Build/Products/Debug/Toolbox.swiftmodule/Project/arm64-apple-macos.swiftsourceinfo /Users/liu/Library/Developer/Xcode/DerivedData/Toolbox-cpgcsujffezisobdihlvfnevadbx/Build/Intermediates.noindex/Toolbox.build/Debug/Toolbox.build/Objects-normal/arm64/Toolbox.swiftsourceinfo (in target 'Toolbox' from project 'Toolbox')
    cd /Users/liu/Desktop/develop/Toolbox
    builtin-copy -exclude .DS_Store -exclude CVS -exclude .svn -exclude .git -exclude .hg -resolve-src-symlinks -rename /Users/liu/Library/Developer/Xcode/DerivedData/Toolbox-cpgcsujffezisobdihlvfnevadbx/Build/Intermediates.noindex/Toolbox.build/Debug/Toolbox.build/Objects-normal/arm64/Toolbox.swiftsourceinfo /Users/liu/Library/Developer/Xcode/DerivedData/Toolbox-cpgcsujffezisobdihlvfnevadbx/Build/Products/Debug/Toolbox.swiftmodule/Project/arm64-apple-macos.swiftsourceinfo

SwiftCompile normal x86_64 Compiling\ SidebarView.swift /Users/liu/Desktop/develop/Toolbox/Toolbox/Views/SidebarView.swift (in target 'Toolbox' from project 'Toolbox')
    cd /Users/liu/Desktop/develop/Toolbox
    builtin-swiftTaskExecution -- /Applications/Xcode.app/Contents/Developer/Toolchains/XcodeDefault.xctoolchain/usr/bin/swift-frontend -frontend -c /Users/liu/Desktop/develop/Toolbox/Toolbox/ToolboxApp.swift /Users/liu/Desktop/develop/Toolbox/Toolbox/Views/ContentView.swift /Users/liu/Desktop/develop/Toolbox/Toolbox/Models/ScriptTool.swift /Users/liu/Desktop/develop/Toolbox/Toolbox/ViewModels/RootViewModel.swift /Users/liu/Desktop/develop/Toolbox/Toolbox/Views/AppKitTextViews.swift -primary-file /Users/liu/Desktop/develop/Toolbox/Toolbox/Views/SidebarView.swift /Users/liu/Desktop/develop/Toolbox/Toolbox/Views/TextInputPane.swift /Users/liu/Desktop/develop/Toolbox/Toolbox/Views/TerminalPaneView.swift /Users/liu/Desktop/develop/Toolbox/Toolbox/Services/PTYTerminalService.swift /Users/liu/Desktop/develop/Toolbox/Toolbox/Services/ToolFileStore.swift /Users/liu/Desktop/develop/Toolbox/Toolbox/Services/PTYProcess.swift /Users/liu/Desktop/develop/Toolbox/Toolbox/Views/FileRenamerPane.swift /Users/liu/Desktop/develop/Toolbox/Toolbox/Views/WeeklyCheckPane.swift -emit-dependencies-path /Users/liu/Library/Developer/Xcode/DerivedData/Toolbox-cpgcsujffezisobdihlvfnevadbx/Build/Intermediates.noindex/Toolbox.build/Debug/Toolbox.build/Objects-normal/x86_64/SidebarView.d -emit-reference-dependencies-path /Users/liu/Library/Developer/Xcode/DerivedData/Toolbox-cpgcsujffezisobdihlvfnevadbx/Build/Intermediates.noindex/Toolbox.build/Debug/Toolbox.build/Objects-normal/x86_64/SidebarView.swiftdeps -serialize-diagnostics-path /Users/liu/Library/Developer/Xcode/DerivedData/Toolbox-cpgcsujffezisobdihlvfnevadbx/Build/Intermediates.noindex/Toolbox.build/Debug/Toolbox.build/Objects-normal/x86_64/SidebarView.dia -emit-localized-strings -emit-localized-strings-path /Users/liu/Library/Developer/Xcode/DerivedData/Toolbox-cpgcsujffezisobdihlvfnevadbx/Build/Intermediates.noindex/Toolbox.build/Debug/Toolbox.build/Objects-normal/x86_64 -target x86_64-apple-macos12.3 -enable-objc-interop -stack-check -sdk /Applications/Xcode.app/Contents/Developer/Platforms/MacOSX.platform/Developer/SDKs/MacOSX13.1.sdk -I /Users/liu/Library/Developer/Xcode/DerivedData/Toolbox-cpgcsujffezisobdihlvfnevadbx/Build/Products/Debug -F /Users/liu/Library/Developer/Xcode/DerivedData/Toolbox-cpgcsujffezisobdihlvfnevadbx/Build/Products/Debug -no-color-diagnostics -g -module-cache-path /Users/liu/Library/Developer/Xcode/DerivedData/ModuleCache.noindex -swift-version 5 -enforce-exclusivity\=checked -O -serialize-debugging-options -enable-bare-slash-regex -empty-abi-descriptor -Xcc -working-directory -Xcc /Users/liu/Desktop/develop/Toolbox -resource-dir /Applications/Xcode.app/Contents/Developer/Toolchains/XcodeDefault.xctoolchain/usr/lib/swift -Xcc -I/Users/liu/Library/Developer/Xcode/DerivedData/Toolbox-cpgcsujffezisobdihlvfnevadbx/Build/Intermediates.noindex/Toolbox.build/Debug/Toolbox.build/swift-overrides.hmap -Xcc -iquote -Xcc /Users/liu/Library/Developer/Xcode/DerivedData/Toolbox-cpgcsujffezisobdihlvfnevadbx/Build/Intermediates.noindex/Toolbox.build/Debug/Toolbox.build/Toolbox-generated-files.hmap -Xcc -I/Users/liu/Library/Developer/Xcode/DerivedData/Toolbox-cpgcsujffezisobdihlvfnevadbx/Build/Intermediates.noindex/Toolbox.build/Debug/Toolbox.build/Toolbox-own-target-headers.hmap -Xcc -I/Users/liu/Library/Developer/Xcode/DerivedData/Toolbox-cpgcsujffezisobdihlvfnevadbx/Build/Intermediates.noindex/Toolbox.build/Debug/Toolbox.build/Toolbox-all-target-headers.hmap -Xcc -iquote -Xcc /Users/liu/Library/Developer/Xcode/DerivedData/Toolbox-cpgcsujffezisobdihlvfnevadbx/Build/Intermediates.noindex/Toolbox.build/Debug/Toolbox.build/Toolbox-project-headers.hmap -Xcc -I/Users/liu/Library/Developer/Xcode/DerivedData/Toolbox-cpgcsujffezisobdihlvfnevadbx/Build/Products/Debug/include -Xcc -I/Users/liu/Library/Developer/Xcode/DerivedData/Toolbox-cpgcsujffezisobdihlvfnevadbx/Build/Intermediates.noindex/Toolbox.build/Debug/Toolbox.build/DerivedSources-normal/x86_64 -Xcc -I/Users/liu/Library/Developer/Xcode/DerivedData/Toolbox-cpgcsujffezisobdihlvfnevadbx/Build/Intermediates.noindex/Toolbox.build/Debug/Toolbox.build/DerivedSources/x86_64 -Xcc -I/Users/liu/Library/Developer/Xcode/DerivedData/Toolbox-cpgcsujffezisobdihlvfnevadbx/Build/Intermediates.noindex/Toolbox.build/Debug/Toolbox.build/DerivedSources -module-name Toolbox -frontend-parseable-output -disable-clang-spi -target-sdk-version 13.1 -o /Users/liu/Library/Developer/Xcode/DerivedData/Toolbox-cpgcsujffezisobdihlvfnevadbx/Build/Intermediates.noindex/Toolbox.build/Debug/Toolbox.build/Objects-normal/x86_64/SidebarView.o -index-unit-output-path /Toolbox.build/Debug/Toolbox.build/Objects-normal/x86_64/SidebarView.o

CompileSwift normal x86_64 /Users/liu/Desktop/develop/Toolbox/Toolbox/Views/SidebarView.swift (in target 'Toolbox' from project 'Toolbox')
    cd /Users/liu/Desktop/develop/Toolbox
    /Applications/Xcode.app/Contents/Developer/Toolchains/XcodeDefault.xctoolchain/usr/bin/swift-frontend -c /Users/liu/Desktop/develop/Toolbox/Toolbox/ToolboxApp.swift /Users/liu/Desktop/develop/Toolbox/Toolbox/Views/ContentView.swift /Users/liu/Desktop/develop/Toolbox/Toolbox/Models/ScriptTool.swift /Users/liu/Desktop/develop/Toolbox/Toolbox/ViewModels/RootViewModel.swift /Users/liu/Desktop/develop/Toolbox/Toolbox/Views/AppKitTextViews.swift -primary-file /Users/liu/Desktop/develop/Toolbox/Toolbox/Views/SidebarView.swift /Users/liu/Desktop/develop/Toolbox/Toolbox/Views/TextInputPane.swift /Users/liu/Desktop/develop/Toolbox/Toolbox/Views/TerminalPaneView.swift /Users/liu/Desktop/develop/Toolbox/Toolbox/Services/PTYTerminalService.swift /Users/liu/Desktop/develop/Toolbox/Toolbox/Services/ToolFileStore.swift /Users/liu/Desktop/develop/Toolbox/Toolbox/Services/PTYProcess.swift /Users/liu/Desktop/develop/Toolbox/Toolbox/Views/FileRenamerPane.swift /Users/liu/Desktop/develop/Toolbox/Toolbox/Views/WeeklyCheckPane.swift -emit-dependencies-path /Users/liu/Library/Developer/Xcode/DerivedData/Toolbox-cpgcsujffezisobdihlvfnevadbx/Build/Intermediates.noindex/Toolbox.build/Debug/Toolbox.build/Objects-normal/x86_64/SidebarView.d -emit-reference-dependencies-path /Users/liu/Library/Developer/Xcode/DerivedData/Toolbox-cpgcsujffezisobdihlvfnevadbx/Build/Intermediates.noindex/Toolbox.build/Debug/Toolbox.build/Objects-normal/x86_64/SidebarView.swiftdeps -serialize-diagnostics-path /Users/liu/Library/Developer/Xcode/DerivedData/Toolbox-cpgcsujffezisobdihlvfnevadbx/Build/Intermediates.noindex/Toolbox.build/Debug/Toolbox.build/Objects-normal/x86_64/SidebarView.dia -emit-localized-strings -emit-localized-strings-path /Users/liu/Library/Developer/Xcode/DerivedData/Toolbox-cpgcsujffezisobdihlvfnevadbx/Build/Intermediates.noindex/Toolbox.build/Debug/Toolbox.build/Objects-normal/x86_64 -target x86_64-apple-macos12.3 -enable-objc-interop -stack-check -sdk /Applications/Xcode.app/Contents/Developer/Platforms/MacOSX.platform/Developer/SDKs/MacOSX13.1.sdk -I /Users/liu/Library/Developer/Xcode/DerivedData/Toolbox-cpgcsujffezisobdihlvfnevadbx/Build/Products/Debug -F /Users/liu/Library/Developer/Xcode/DerivedData/Toolbox-cpgcsujffezisobdihlvfnevadbx/Build/Products/Debug -no-color-diagnostics -g -module-cache-path /Users/liu/Library/Developer/Xcode/DerivedData/ModuleCache.noindex -swift-version 5 -enforce-exclusivity\=checked -O -serialize-debugging-options -enable-bare-slash-regex -empty-abi-descriptor -Xcc -working-directory -Xcc /Users/liu/Desktop/develop/Toolbox -resource-dir /Applications/Xcode.app/Contents/Developer/Toolchains/XcodeDefault.xctoolchain/usr/lib/swift -Xcc -I/Users/liu/Library/Developer/Xcode/DerivedData/Toolbox-cpgcsujffezisobdihlvfnevadbx/Build/Intermediates.noindex/Toolbox.build/Debug/Toolbox.build/swift-overrides.hmap -Xcc -iquote -Xcc /Users/liu/Library/Developer/Xcode/DerivedData/Toolbox-cpgcsujffezisobdihlvfnevadbx/Build/Intermediates.noindex/Toolbox.build/Debug/Toolbox.build/Toolbox-generated-files.hmap -Xcc -I/Users/liu/Library/Developer/Xcode/DerivedData/Toolbox-cpgcsujffezisobdihlvfnevadbx/Build/Intermediates.noindex/Toolbox.build/Debug/Toolbox.build/Toolbox-own-target-headers.hmap -Xcc -I/Users/liu/Library/Developer/Xcode/DerivedData/Toolbox-cpgcsujffezisobdihlvfnevadbx/Build/Intermediates.noindex/Toolbox.build/Debug/Toolbox.build/Toolbox-all-target-headers.hmap -Xcc -iquote -Xcc /Users/liu/Library/Developer/Xcode/DerivedData/Toolbox-cpgcsujffezisobdihlvfnevadbx/Build/Intermediates.noindex/Toolbox.build/Debug/Toolbox.build/Toolbox-project-headers.hmap -Xcc -I/Users/liu/Library/Developer/Xcode/DerivedData/Toolbox-cpgcsujffezisobdihlvfnevadbx/Build/Products/Debug/include -Xcc -I/Users/liu/Library/Developer/Xcode/DerivedData/Toolbox-cpgcsujffezisobdihlvfnevadbx/Build/Intermediates.noindex/Toolbox.build/Debug/Toolbox.build/DerivedSources-normal/x86_64 -Xcc -I/Users/liu/Library/Developer/Xcode/DerivedData/Toolbox-cpgcsujffezisobdihlvfnevadbx/Build/Intermediates.noindex/Toolbox.build/Debug/Toolbox.build/DerivedSources/x86_64 -Xcc -I/Users/liu/Library/Developer/Xcode/DerivedData/Toolbox-cpgcsujffezisobdihlvfnevadbx/Build/Intermediates.noindex/Toolbox.build/Debug/Toolbox.build/DerivedSources -module-name Toolbox -frontend-parseable-output -disable-clang-spi -target-sdk-version 13.1 -o /Users/liu/Library/Developer/Xcode/DerivedData/Toolbox-cpgcsujffezisobdihlvfnevadbx/Build/Intermediates.noindex/Toolbox.build/Debug/Toolbox.build/Objects-normal/x86_64/SidebarView.o -index-unit-output-path /Toolbox.build/Debug/Toolbox.build/Objects-normal/x86_64/SidebarView.o

SwiftCompile normal x86_64 Compiling\ ScriptTool.swift /Users/liu/Desktop/develop/Toolbox/Toolbox/Models/ScriptTool.swift (in target 'Toolbox' from project 'Toolbox')
    cd /Users/liu/Desktop/develop/Toolbox
    builtin-swiftTaskExecution -- /Applications/Xcode.app/Contents/Developer/Toolchains/XcodeDefault.xctoolchain/usr/bin/swift-frontend -frontend -c /Users/liu/Desktop/develop/Toolbox/Toolbox/ToolboxApp.swift /Users/liu/Desktop/develop/Toolbox/Toolbox/Views/ContentView.swift -primary-file /Users/liu/Desktop/develop/Toolbox/Toolbox/Models/ScriptTool.swift /Users/liu/Desktop/develop/Toolbox/Toolbox/ViewModels/RootViewModel.swift /Users/liu/Desktop/develop/Toolbox/Toolbox/Views/AppKitTextViews.swift /Users/liu/Desktop/develop/Toolbox/Toolbox/Views/SidebarView.swift /Users/liu/Desktop/develop/Toolbox/Toolbox/Views/TextInputPane.swift /Users/liu/Desktop/develop/Toolbox/Toolbox/Views/TerminalPaneView.swift /Users/liu/Desktop/develop/Toolbox/Toolbox/Services/PTYTerminalService.swift /Users/liu/Desktop/develop/Toolbox/Toolbox/Services/ToolFileStore.swift /Users/liu/Desktop/develop/Toolbox/Toolbox/Services/PTYProcess.swift /Users/liu/Desktop/develop/Toolbox/Toolbox/Views/FileRenamerPane.swift /Users/liu/Desktop/develop/Toolbox/Toolbox/Views/WeeklyCheckPane.swift -emit-dependencies-path /Users/liu/Library/Developer/Xcode/DerivedData/Toolbox-cpgcsujffezisobdihlvfnevadbx/Build/Intermediates.noindex/Toolbox.build/Debug/Toolbox.build/Objects-normal/x86_64/ScriptTool.d -emit-reference-dependencies-path /Users/liu/Library/Developer/Xcode/DerivedData/Toolbox-cpgcsujffezisobdihlvfnevadbx/Build/Intermediates.noindex/Toolbox.build/Debug/Toolbox.build/Objects-normal/x86_64/ScriptTool.swiftdeps -serialize-diagnostics-path /Users/liu/Library/Developer/Xcode/DerivedData/Toolbox-cpgcsujffezisobdihlvfnevadbx/Build/Intermediates.noindex/Toolbox.build/Debug/Toolbox.build/Objects-normal/x86_64/ScriptTool.dia -emit-localized-strings -emit-localized-strings-path /Users/liu/Library/Developer/Xcode/DerivedData/Toolbox-cpgcsujffezisobdihlvfnevadbx/Build/Intermediates.noindex/Toolbox.build/Debug/Toolbox.build/Objects-normal/x86_64 -target x86_64-apple-macos12.3 -enable-objc-interop -stack-check -sdk /Applications/Xcode.app/Contents/Developer/Platforms/MacOSX.platform/Developer/SDKs/MacOSX13.1.sdk -I /Users/liu/Library/Developer/Xcode/DerivedData/Toolbox-cpgcsujffezisobdihlvfnevadbx/Build/Products/Debug -F /Users/liu/Library/Developer/Xcode/DerivedData/Toolbox-cpgcsujffezisobdihlvfnevadbx/Build/Products/Debug -no-color-diagnostics -g -module-cache-path /Users/liu/Library/Developer/Xcode/DerivedData/ModuleCache.noindex -swift-version 5 -enforce-exclusivity\=checked -O -serialize-debugging-options -enable-bare-slash-regex -empty-abi-descriptor -Xcc -working-directory -Xcc /Users/liu/Desktop/develop/Toolbox -resource-dir /Applications/Xcode.app/Contents/Developer/Toolchains/XcodeDefault.xctoolchain/usr/lib/swift -Xcc -I/Users/liu/Library/Developer/Xcode/DerivedData/Toolbox-cpgcsujffezisobdihlvfnevadbx/Build/Intermediates.noindex/Toolbox.build/Debug/Toolbox.build/swift-overrides.hmap -Xcc -iquote -Xcc /Users/liu/Library/Developer/Xcode/DerivedData/Toolbox-cpgcsujffezisobdihlvfnevadbx/Build/Intermediates.noindex/Toolbox.build/Debug/Toolbox.build/Toolbox-generated-files.hmap -Xcc -I/Users/liu/Library/Developer/Xcode/DerivedData/Toolbox-cpgcsujffezisobdihlvfnevadbx/Build/Intermediates.noindex/Toolbox.build/Debug/Toolbox.build/Toolbox-own-target-headers.hmap -Xcc -I/Users/liu/Library/Developer/Xcode/DerivedData/Toolbox-cpgcsujffezisobdihlvfnevadbx/Build/Intermediates.noindex/Toolbox.build/Debug/Toolbox.build/Toolbox-all-target-headers.hmap -Xcc -iquote -Xcc /Users/liu/Library/Developer/Xcode/DerivedData/Toolbox-cpgcsujffezisobdihlvfnevadbx/Build/Intermediates.noindex/Toolbox.build/Debug/Toolbox.build/Toolbox-project-headers.hmap -Xcc -I/Users/liu/Library/Developer/Xcode/DerivedData/Toolbox-cpgcsujffezisobdihlvfnevadbx/Build/Products/Debug/include -Xcc -I/Users/liu/Library/Developer/Xcode/DerivedData/Toolbox-cpgcsujffezisobdihlvfnevadbx/Build/Intermediates.noindex/Toolbox.build/Debug/Toolbox.build/DerivedSources-normal/x86_64 -Xcc -I/Users/liu/Library/Developer/Xcode/DerivedData/Toolbox-cpgcsujffezisobdihlvfnevadbx/Build/Intermediates.noindex/Toolbox.build/Debug/Toolbox.build/DerivedSources/x86_64 -Xcc -I/Users/liu/Library/Developer/Xcode/DerivedData/Toolbox-cpgcsujffezisobdihlvfnevadbx/Build/Intermediates.noindex/Toolbox.build/Debug/Toolbox.build/DerivedSources -module-name Toolbox -frontend-parseable-output -disable-clang-spi -target-sdk-version 13.1 -o /Users/liu/Library/Developer/Xcode/DerivedData/Toolbox-cpgcsujffezisobdihlvfnevadbx/Build/Intermediates.noindex/Toolbox.build/Debug/Toolbox.build/Objects-normal/x86_64/ScriptTool.o -index-unit-output-path /Toolbox.build/Debug/Toolbox.build/Objects-normal/x86_64/ScriptTool.o

CompileSwift normal x86_64 /Users/liu/Desktop/develop/Toolbox/Toolbox/Models/ScriptTool.swift (in target 'Toolbox' from project 'Toolbox')
    cd /Users/liu/Desktop/develop/Toolbox
    /Applications/Xcode.app/Contents/Developer/Toolchains/XcodeDefault.xctoolchain/usr/bin/swift-frontend -c /Users/liu/Desktop/develop/Toolbox/Toolbox/ToolboxApp.swift /Users/liu/Desktop/develop/Toolbox/Toolbox/Views/ContentView.swift -primary-file /Users/liu/Desktop/develop/Toolbox/Toolbox/Models/ScriptTool.swift /Users/liu/Desktop/develop/Toolbox/Toolbox/ViewModels/RootViewModel.swift /Users/liu/Desktop/develop/Toolbox/Toolbox/Views/AppKitTextViews.swift /Users/liu/Desktop/develop/Toolbox/Toolbox/Views/SidebarView.swift /Users/liu/Desktop/develop/Toolbox/Toolbox/Views/TextInputPane.swift /Users/liu/Desktop/develop/Toolbox/Toolbox/Views/TerminalPaneView.swift /Users/liu/Desktop/develop/Toolbox/Toolbox/Services/PTYTerminalService.swift /Users/liu/Desktop/develop/Toolbox/Toolbox/Services/ToolFileStore.swift /Users/liu/Desktop/develop/Toolbox/Toolbox/Services/PTYProcess.swift /Users/liu/Desktop/develop/Toolbox/Toolbox/Views/FileRenamerPane.swift /Users/liu/Desktop/develop/Toolbox/Toolbox/Views/WeeklyCheckPane.swift -emit-dependencies-path /Users/liu/Library/Developer/Xcode/DerivedData/Toolbox-cpgcsujffezisobdihlvfnevadbx/Build/Intermediates.noindex/Toolbox.build/Debug/Toolbox.build/Objects-normal/x86_64/ScriptTool.d -emit-reference-dependencies-path /Users/liu/Library/Developer/Xcode/DerivedData/Toolbox-cpgcsujffezisobdihlvfnevadbx/Build/Intermediates.noindex/Toolbox.build/Debug/Toolbox.build/Objects-normal/x86_64/ScriptTool.swiftdeps -serialize-diagnostics-path /Users/liu/Library/Developer/Xcode/DerivedData/Toolbox-cpgcsujffezisobdihlvfnevadbx/Build/Intermediates.noindex/Toolbox.build/Debug/Toolbox.build/Objects-normal/x86_64/ScriptTool.dia -emit-localized-strings -emit-localized-strings-path /Users/liu/Library/Developer/Xcode/DerivedData/Toolbox-cpgcsujffezisobdihlvfnevadbx/Build/Intermediates.noindex/Toolbox.build/Debug/Toolbox.build/Objects-normal/x86_64 -target x86_64-apple-macos12.3 -enable-objc-interop -stack-check -sdk /Applications/Xcode.app/Contents/Developer/Platforms/MacOSX.platform/Developer/SDKs/MacOSX13.1.sdk -I /Users/liu/Library/Developer/Xcode/DerivedData/Toolbox-cpgcsujffezisobdihlvfnevadbx/Build/Products/Debug -F /Users/liu/Library/Developer/Xcode/DerivedData/Toolbox-cpgcsujffezisobdihlvfnevadbx/Build/Products/Debug -no-color-diagnostics -g -module-cache-path /Users/liu/Library/Developer/Xcode/DerivedData/ModuleCache.noindex -swift-version 5 -enforce-exclusivity\=checked -O -serialize-debugging-options -enable-bare-slash-regex -empty-abi-descriptor -Xcc -working-directory -Xcc /Users/liu/Desktop/develop/Toolbox -resource-dir /Applications/Xcode.app/Contents/Developer/Toolchains/XcodeDefault.xctoolchain/usr/lib/swift -Xcc -I/Users/liu/Library/Developer/Xcode/DerivedData/Toolbox-cpgcsujffezisobdihlvfnevadbx/Build/Intermediates.noindex/Toolbox.build/Debug/Toolbox.build/swift-overrides.hmap -Xcc -iquote -Xcc /Users/liu/Library/Developer/Xcode/DerivedData/Toolbox-cpgcsujffezisobdihlvfnevadbx/Build/Intermediates.noindex/Toolbox.build/Debug/Toolbox.build/Toolbox-generated-files.hmap -Xcc -I/Users/liu/Library/Developer/Xcode/DerivedData/Toolbox-cpgcsujffezisobdihlvfnevadbx/Build/Intermediates.noindex/Toolbox.build/Debug/Toolbox.build/Toolbox-own-target-headers.hmap -Xcc -I/Users/liu/Library/Developer/Xcode/DerivedData/Toolbox-cpgcsujffezisobdihlvfnevadbx/Build/Intermediates.noindex/Toolbox.build/Debug/Toolbox.build/Toolbox-all-target-headers.hmap -Xcc -iquote -Xcc /Users/liu/Library/Developer/Xcode/DerivedData/Toolbox-cpgcsujffezisobdihlvfnevadbx/Build/Intermediates.noindex/Toolbox.build/Debug/Toolbox.build/Toolbox-project-headers.hmap -Xcc -I/Users/liu/Library/Developer/Xcode/DerivedData/Toolbox-cpgcsujffezisobdihlvfnevadbx/Build/Products/Debug/include -Xcc -I/Users/liu/Library/Developer/Xcode/DerivedData/Toolbox-cpgcsujffezisobdihlvfnevadbx/Build/Intermediates.noindex/Toolbox.build/Debug/Toolbox.build/DerivedSources-normal/x86_64 -Xcc -I/Users/liu/Library/Developer/Xcode/DerivedData/Toolbox-cpgcsujffezisobdihlvfnevadbx/Build/Intermediates.noindex/Toolbox.build/Debug/Toolbox.build/DerivedSources/x86_64 -Xcc -I/Users/liu/Library/Developer/Xcode/DerivedData/Toolbox-cpgcsujffezisobdihlvfnevadbx/Build/Intermediates.noindex/Toolbox.build/Debug/Toolbox.build/DerivedSources -module-name Toolbox -frontend-parseable-output -disable-clang-spi -target-sdk-version 13.1 -o /Users/liu/Library/Developer/Xcode/DerivedData/Toolbox-cpgcsujffezisobdihlvfnevadbx/Build/Intermediates.noindex/Toolbox.build/Debug/Toolbox.build/Objects-normal/x86_64/ScriptTool.o -index-unit-output-path /Toolbox.build/Debug/Toolbox.build/Objects-normal/x86_64/ScriptTool.o

SwiftCompile normal x86_64 Compiling\ TerminalPaneView.swift /Users/liu/Desktop/develop/Toolbox/Toolbox/Views/TerminalPaneView.swift (in target 'Toolbox' from project 'Toolbox')
    cd /Users/liu/Desktop/develop/Toolbox
    builtin-swiftTaskExecution -- /Applications/Xcode.app/Contents/Developer/Toolchains/XcodeDefault.xctoolchain/usr/bin/swift-frontend -frontend -c /Users/liu/Desktop/develop/Toolbox/Toolbox/ToolboxApp.swift /Users/liu/Desktop/develop/Toolbox/Toolbox/Views/ContentView.swift /Users/liu/Desktop/develop/Toolbox/Toolbox/Models/ScriptTool.swift /Users/liu/Desktop/develop/Toolbox/Toolbox/ViewModels/RootViewModel.swift /Users/liu/Desktop/develop/Toolbox/Toolbox/Views/AppKitTextViews.swift /Users/liu/Desktop/develop/Toolbox/Toolbox/Views/SidebarView.swift /Users/liu/Desktop/develop/Toolbox/Toolbox/Views/TextInputPane.swift -primary-file /Users/liu/Desktop/develop/Toolbox/Toolbox/Views/TerminalPaneView.swift /Users/liu/Desktop/develop/Toolbox/Toolbox/Services/PTYTerminalService.swift /Users/liu/Desktop/develop/Toolbox/Toolbox/Services/ToolFileStore.swift /Users/liu/Desktop/develop/Toolbox/Toolbox/Services/PTYProcess.swift /Users/liu/Desktop/develop/Toolbox/Toolbox/Views/FileRenamerPane.swift /Users/liu/Desktop/develop/Toolbox/Toolbox/Views/WeeklyCheckPane.swift -emit-dependencies-path /Users/liu/Library/Developer/Xcode/DerivedData/Toolbox-cpgcsujffezisobdihlvfnevadbx/Build/Intermediates.noindex/Toolbox.build/Debug/Toolbox.build/Objects-normal/x86_64/TerminalPaneView.d -emit-reference-dependencies-path /Users/liu/Library/Developer/Xcode/DerivedData/Toolbox-cpgcsujffezisobdihlvfnevadbx/Build/Intermediates.noindex/Toolbox.build/Debug/Toolbox.build/Objects-normal/x86_64/TerminalPaneView.swiftdeps -serialize-diagnostics-path /Users/liu/Library/Developer/Xcode/DerivedData/Toolbox-cpgcsujffezisobdihlvfnevadbx/Build/Intermediates.noindex/Toolbox.build/Debug/Toolbox.build/Objects-normal/x86_64/TerminalPaneView.dia -emit-localized-strings -emit-localized-strings-path /Users/liu/Library/Developer/Xcode/DerivedData/Toolbox-cpgcsujffezisobdihlvfnevadbx/Build/Intermediates.noindex/Toolbox.build/Debug/Toolbox.build/Objects-normal/x86_64 -target x86_64-apple-macos12.3 -enable-objc-interop -stack-check -sdk /Applications/Xcode.app/Contents/Developer/Platforms/MacOSX.platform/Developer/SDKs/MacOSX13.1.sdk -I /Users/liu/Library/Developer/Xcode/DerivedData/Toolbox-cpgcsujffezisobdihlvfnevadbx/Build/Products/Debug -F /Users/liu/Library/Developer/Xcode/DerivedData/Toolbox-cpgcsujffezisobdihlvfnevadbx/Build/Products/Debug -no-color-diagnostics -g -module-cache-path /Users/liu/Library/Developer/Xcode/DerivedData/ModuleCache.noindex -swift-version 5 -enforce-exclusivity\=checked -O -serialize-debugging-options -enable-bare-slash-regex -empty-abi-descriptor -Xcc -working-directory -Xcc /Users/liu/Desktop/develop/Toolbox -resource-dir /Applications/Xcode.app/Contents/Developer/Toolchains/XcodeDefault.xctoolchain/usr/lib/swift -Xcc -I/Users/liu/Library/Developer/Xcode/DerivedData/Toolbox-cpgcsujffezisobdihlvfnevadbx/Build/Intermediates.noindex/Toolbox.build/Debug/Toolbox.build/swift-overrides.hmap -Xcc -iquote -Xcc /Users/liu/Library/Developer/Xcode/DerivedData/Toolbox-cpgcsujffezisobdihlvfnevadbx/Build/Intermediates.noindex/Toolbox.build/Debug/Toolbox.build/Toolbox-generated-files.hmap -Xcc -I/Users/liu/Library/Developer/Xcode/DerivedData/Toolbox-cpgcsujffezisobdihlvfnevadbx/Build/Intermediates.noindex/Toolbox.build/Debug/Toolbox.build/Toolbox-own-target-headers.hmap -Xcc -I/Users/liu/Library/Developer/Xcode/DerivedData/Toolbox-cpgcsujffezisobdihlvfnevadbx/Build/Intermediates.noindex/Toolbox.build/Debug/Toolbox.build/Toolbox-all-target-headers.hmap -Xcc -iquote -Xcc /Users/liu/Library/Developer/Xcode/DerivedData/Toolbox-cpgcsujffezisobdihlvfnevadbx/Build/Intermediates.noindex/Toolbox.build/Debug/Toolbox.build/Toolbox-project-headers.hmap -Xcc -I/Users/liu/Library/Developer/Xcode/DerivedData/Toolbox-cpgcsujffezisobdihlvfnevadbx/Build/Products/Debug/include -Xcc -I/Users/liu/Library/Developer/Xcode/DerivedData/Toolbox-cpgcsujffezisobdihlvfnevadbx/Build/Intermediates.noindex/Toolbox.build/Debug/Toolbox.build/DerivedSources-normal/x86_64 -Xcc -I/Users/liu/Library/Developer/Xcode/DerivedData/Toolbox-cpgcsujffezisobdihlvfnevadbx/Build/Intermediates.noindex/Toolbox.build/Debug/Toolbox.build/DerivedSources/x86_64 -Xcc -I/Users/liu/Library/Developer/Xcode/DerivedData/Toolbox-cpgcsujffezisobdihlvfnevadbx/Build/Intermediates.noindex/Toolbox.build/Debug/Toolbox.build/DerivedSources -module-name Toolbox -frontend-parseable-output -disable-clang-spi -target-sdk-version 13.1 -o /Users/liu/Library/Developer/Xcode/DerivedData/Toolbox-cpgcsujffezisobdihlvfnevadbx/Build/Intermediates.noindex/Toolbox.build/Debug/Toolbox.build/Objects-normal/x86_64/TerminalPaneView.o -index-unit-output-path /Toolbox.build/Debug/Toolbox.build/Objects-normal/x86_64/TerminalPaneView.o

CompileSwift normal x86_64 /Users/liu/Desktop/develop/Toolbox/Toolbox/Views/TerminalPaneView.swift (in target 'Toolbox' from project 'Toolbox')
    cd /Users/liu/Desktop/develop/Toolbox
    /Applications/Xcode.app/Contents/Developer/Toolchains/XcodeDefault.xctoolchain/usr/bin/swift-frontend -c /Users/liu/Desktop/develop/Toolbox/Toolbox/ToolboxApp.swift /Users/liu/Desktop/develop/Toolbox/Toolbox/Views/ContentView.swift /Users/liu/Desktop/develop/Toolbox/Toolbox/Models/ScriptTool.swift /Users/liu/Desktop/develop/Toolbox/Toolbox/ViewModels/RootViewModel.swift /Users/liu/Desktop/develop/Toolbox/Toolbox/Views/AppKitTextViews.swift /Users/liu/Desktop/develop/Toolbox/Toolbox/Views/SidebarView.swift /Users/liu/Desktop/develop/Toolbox/Toolbox/Views/TextInputPane.swift -primary-file /Users/liu/Desktop/develop/Toolbox/Toolbox/Views/TerminalPaneView.swift /Users/liu/Desktop/develop/Toolbox/Toolbox/Services/PTYTerminalService.swift /Users/liu/Desktop/develop/Toolbox/Toolbox/Services/ToolFileStore.swift /Users/liu/Desktop/develop/Toolbox/Toolbox/Services/PTYProcess.swift /Users/liu/Desktop/develop/Toolbox/Toolbox/Views/FileRenamerPane.swift /Users/liu/Desktop/develop/Toolbox/Toolbox/Views/WeeklyCheckPane.swift -emit-dependencies-path /Users/liu/Library/Developer/Xcode/DerivedData/Toolbox-cpgcsujffezisobdihlvfnevadbx/Build/Intermediates.noindex/Toolbox.build/Debug/Toolbox.build/Objects-normal/x86_64/TerminalPaneView.d -emit-reference-dependencies-path /Users/liu/Library/Developer/Xcode/DerivedData/Toolbox-cpgcsujffezisobdihlvfnevadbx/Build/Intermediates.noindex/Toolbox.build/Debug/Toolbox.build/Objects-normal/x86_64/TerminalPaneView.swiftdeps -serialize-diagnostics-path /Users/liu/Library/Developer/Xcode/DerivedData/Toolbox-cpgcsujffezisobdihlvfnevadbx/Build/Intermediates.noindex/Toolbox.build/Debug/Toolbox.build/Objects-normal/x86_64/TerminalPaneView.dia -emit-localized-strings -emit-localized-strings-path /Users/liu/Library/Developer/Xcode/DerivedData/Toolbox-cpgcsujffezisobdihlvfnevadbx/Build/Intermediates.noindex/Toolbox.build/Debug/Toolbox.build/Objects-normal/x86_64 -target x86_64-apple-macos12.3 -enable-objc-interop -stack-check -sdk /Applications/Xcode.app/Contents/Developer/Platforms/MacOSX.platform/Developer/SDKs/MacOSX13.1.sdk -I /Users/liu/Library/Developer/Xcode/DerivedData/Toolbox-cpgcsujffezisobdihlvfnevadbx/Build/Products/Debug -F /Users/liu/Library/Developer/Xcode/DerivedData/Toolbox-cpgcsujffezisobdihlvfnevadbx/Build/Products/Debug -no-color-diagnostics -g -module-cache-path /Users/liu/Library/Developer/Xcode/DerivedData/ModuleCache.noindex -swift-version 5 -enforce-exclusivity\=checked -O -serialize-debugging-options -enable-bare-slash-regex -empty-abi-descriptor -Xcc -working-directory -Xcc /Users/liu/Desktop/develop/Toolbox -resource-dir /Applications/Xcode.app/Contents/Developer/Toolchains/XcodeDefault.xctoolchain/usr/lib/swift -Xcc -I/Users/liu/Library/Developer/Xcode/DerivedData/Toolbox-cpgcsujffezisobdihlvfnevadbx/Build/Intermediates.noindex/Toolbox.build/Debug/Toolbox.build/swift-overrides.hmap -Xcc -iquote -Xcc /Users/liu/Library/Developer/Xcode/DerivedData/Toolbox-cpgcsujffezisobdihlvfnevadbx/Build/Intermediates.noindex/Toolbox.build/Debug/Toolbox.build/Toolbox-generated-files.hmap -Xcc -I/Users/liu/Library/Developer/Xcode/DerivedData/Toolbox-cpgcsujffezisobdihlvfnevadbx/Build/Intermediates.noindex/Toolbox.build/Debug/Toolbox.build/Toolbox-own-target-headers.hmap -Xcc -I/Users/liu/Library/Developer/Xcode/DerivedData/Toolbox-cpgcsujffezisobdihlvfnevadbx/Build/Intermediates.noindex/Toolbox.build/Debug/Toolbox.build/Toolbox-all-target-headers.hmap -Xcc -iquote -Xcc /Users/liu/Library/Developer/Xcode/DerivedData/Toolbox-cpgcsujffezisobdihlvfnevadbx/Build/Intermediates.noindex/Toolbox.build/Debug/Toolbox.build/Toolbox-project-headers.hmap -Xcc -I/Users/liu/Library/Developer/Xcode/DerivedData/Toolbox-cpgcsujffezisobdihlvfnevadbx/Build/Products/Debug/include -Xcc -I/Users/liu/Library/Developer/Xcode/DerivedData/Toolbox-cpgcsujffezisobdihlvfnevadbx/Build/Intermediates.noindex/Toolbox.build/Debug/Toolbox.build/DerivedSources-normal/x86_64 -Xcc -I/Users/liu/Library/Developer/Xcode/DerivedData/Toolbox-cpgcsujffezisobdihlvfnevadbx/Build/Intermediates.noindex/Toolbox.build/Debug/Toolbox.build/DerivedSources/x86_64 -Xcc -I/Users/liu/Library/Developer/Xcode/DerivedData/Toolbox-cpgcsujffezisobdihlvfnevadbx/Build/Intermediates.noindex/Toolbox.build/Debug/Toolbox.build/DerivedSources -module-name Toolbox -frontend-parseable-output -disable-clang-spi -target-sdk-version 13.1 -o /Users/liu/Library/Developer/Xcode/DerivedData/Toolbox-cpgcsujffezisobdihlvfnevadbx/Build/Intermediates.noindex/Toolbox.build/Debug/Toolbox.build/Objects-normal/x86_64/TerminalPaneView.o -index-unit-output-path /Toolbox.build/Debug/Toolbox.build/Objects-normal/x86_64/TerminalPaneView.o

SwiftCompile normal x86_64 Compiling\ ContentView.swift /Users/liu/Desktop/develop/Toolbox/Toolbox/Views/ContentView.swift (in target 'Toolbox' from project 'Toolbox')
    cd /Users/liu/Desktop/develop/Toolbox
    builtin-swiftTaskExecution -- /Applications/Xcode.app/Contents/Developer/Toolchains/XcodeDefault.xctoolchain/usr/bin/swift-frontend -frontend -c /Users/liu/Desktop/develop/Toolbox/Toolbox/ToolboxApp.swift -primary-file /Users/liu/Desktop/develop/Toolbox/Toolbox/Views/ContentView.swift /Users/liu/Desktop/develop/Toolbox/Toolbox/Models/ScriptTool.swift /Users/liu/Desktop/develop/Toolbox/Toolbox/ViewModels/RootViewModel.swift /Users/liu/Desktop/develop/Toolbox/Toolbox/Views/AppKitTextViews.swift /Users/liu/Desktop/develop/Toolbox/Toolbox/Views/SidebarView.swift /Users/liu/Desktop/develop/Toolbox/Toolbox/Views/TextInputPane.swift /Users/liu/Desktop/develop/Toolbox/Toolbox/Views/TerminalPaneView.swift /Users/liu/Desktop/develop/Toolbox/Toolbox/Services/PTYTerminalService.swift /Users/liu/Desktop/develop/Toolbox/Toolbox/Services/ToolFileStore.swift /Users/liu/Desktop/develop/Toolbox/Toolbox/Services/PTYProcess.swift /Users/liu/Desktop/develop/Toolbox/Toolbox/Views/FileRenamerPane.swift /Users/liu/Desktop/develop/Toolbox/Toolbox/Views/WeeklyCheckPane.swift -emit-dependencies-path /Users/liu/Library/Developer/Xcode/DerivedData/Toolbox-cpgcsujffezisobdihlvfnevadbx/Build/Intermediates.noindex/Toolbox.build/Debug/Toolbox.build/Objects-normal/x86_64/ContentView.d -emit-reference-dependencies-path /Users/liu/Library/Developer/Xcode/DerivedData/Toolbox-cpgcsujffezisobdihlvfnevadbx/Build/Intermediates.noindex/Toolbox.build/Debug/Toolbox.build/Objects-normal/x86_64/ContentView.swiftdeps -serialize-diagnostics-path /Users/liu/Library/Developer/Xcode/DerivedData/Toolbox-cpgcsujffezisobdihlvfnevadbx/Build/Intermediates.noindex/Toolbox.build/Debug/Toolbox.build/Objects-normal/x86_64/ContentView.dia -emit-localized-strings -emit-localized-strings-path /Users/liu/Library/Developer/Xcode/DerivedData/Toolbox-cpgcsujffezisobdihlvfnevadbx/Build/Intermediates.noindex/Toolbox.build/Debug/Toolbox.build/Objects-normal/x86_64 -target x86_64-apple-macos12.3 -enable-objc-interop -stack-check -sdk /Applications/Xcode.app/Contents/Developer/Platforms/MacOSX.platform/Developer/SDKs/MacOSX13.1.sdk -I /Users/liu/Library/Developer/Xcode/DerivedData/Toolbox-cpgcsujffezisobdihlvfnevadbx/Build/Products/Debug -F /Users/liu/Library/Developer/Xcode/DerivedData/Toolbox-cpgcsujffezisobdihlvfnevadbx/Build/Products/Debug -no-color-diagnostics -g -module-cache-path /Users/liu/Library/Developer/Xcode/DerivedData/ModuleCache.noindex -swift-version 5 -enforce-exclusivity\=checked -O -serialize-debugging-options -enable-bare-slash-regex -empty-abi-descriptor -Xcc -working-directory -Xcc /Users/liu/Desktop/develop/Toolbox -resource-dir /Applications/Xcode.app/Contents/Developer/Toolchains/XcodeDefault.xctoolchain/usr/lib/swift -Xcc -I/Users/liu/Library/Developer/Xcode/DerivedData/Toolbox-cpgcsujffezisobdihlvfnevadbx/Build/Intermediates.noindex/Toolbox.build/Debug/Toolbox.build/swift-overrides.hmap -Xcc -iquote -Xcc /Users/liu/Library/Developer/Xcode/DerivedData/Toolbox-cpgcsujffezisobdihlvfnevadbx/Build/Intermediates.noindex/Toolbox.build/Debug/Toolbox.build/Toolbox-generated-files.hmap -Xcc -I/Users/liu/Library/Developer/Xcode/DerivedData/Toolbox-cpgcsujffezisobdihlvfnevadbx/Build/Intermediates.noindex/Toolbox.build/Debug/Toolbox.build/Toolbox-own-target-headers.hmap -Xcc -I/Users/liu/Library/Developer/Xcode/DerivedData/Toolbox-cpgcsujffezisobdihlvfnevadbx/Build/Intermediates.noindex/Toolbox.build/Debug/Toolbox.build/Toolbox-all-target-headers.hmap -Xcc -iquote -Xcc /Users/liu/Library/Developer/Xcode/DerivedData/Toolbox-cpgcsujffezisobdihlvfnevadbx/Build/Intermediates.noindex/Toolbox.build/Debug/Toolbox.build/Toolbox-project-headers.hmap -Xcc -I/Users/liu/Library/Developer/Xcode/DerivedData/Toolbox-cpgcsujffezisobdihlvfnevadbx/Build/Products/Debug/include -Xcc -I/Users/liu/Library/Developer/Xcode/DerivedData/Toolbox-cpgcsujffezisobdihlvfnevadbx/Build/Intermediates.noindex/Toolbox.build/Debug/Toolbox.build/DerivedSources-normal/x86_64 -Xcc -I/Users/liu/Library/Developer/Xcode/DerivedData/Toolbox-cpgcsujffezisobdihlvfnevadbx/Build/Intermediates.noindex/Toolbox.build/Debug/Toolbox.build/DerivedSources/x86_64 -Xcc -I/Users/liu/Library/Developer/Xcode/DerivedData/Toolbox-cpgcsujffezisobdihlvfnevadbx/Build/Intermediates.noindex/Toolbox.build/Debug/Toolbox.build/DerivedSources -module-name Toolbox -frontend-parseable-output -disable-clang-spi -target-sdk-version 13.1 -o /Users/liu/Library/Developer/Xcode/DerivedData/Toolbox-cpgcsujffezisobdihlvfnevadbx/Build/Intermediates.noindex/Toolbox.build/Debug/Toolbox.build/Objects-normal/x86_64/ContentView.o -index-unit-output-path /Toolbox.build/Debug/Toolbox.build/Objects-normal/x86_64/ContentView.o

CompileSwift normal x86_64 /Users/liu/Desktop/develop/Toolbox/Toolbox/Views/ContentView.swift (in target 'Toolbox' from project 'Toolbox')
    cd /Users/liu/Desktop/develop/Toolbox
    /Applications/Xcode.app/Contents/Developer/Toolchains/XcodeDefault.xctoolchain/usr/bin/swift-frontend -c /Users/liu/Desktop/develop/Toolbox/Toolbox/ToolboxApp.swift -primary-file /Users/liu/Desktop/develop/Toolbox/Toolbox/Views/ContentView.swift /Users/liu/Desktop/develop/Toolbox/Toolbox/Models/ScriptTool.swift /Users/liu/Desktop/develop/Toolbox/Toolbox/ViewModels/RootViewModel.swift /Users/liu/Desktop/develop/Toolbox/Toolbox/Views/AppKitTextViews.swift /Users/liu/Desktop/develop/Toolbox/Toolbox/Views/SidebarView.swift /Users/liu/Desktop/develop/Toolbox/Toolbox/Views/TextInputPane.swift /Users/liu/Desktop/develop/Toolbox/Toolbox/Views/TerminalPaneView.swift /Users/liu/Desktop/develop/Toolbox/Toolbox/Services/PTYTerminalService.swift /Users/liu/Desktop/develop/Toolbox/Toolbox/Services/ToolFileStore.swift /Users/liu/Desktop/develop/Toolbox/Toolbox/Services/PTYProcess.swift /Users/liu/Desktop/develop/Toolbox/Toolbox/Views/FileRenamerPane.swift /Users/liu/Desktop/develop/Toolbox/Toolbox/Views/WeeklyCheckPane.swift -emit-dependencies-path /Users/liu/Library/Developer/Xcode/DerivedData/Toolbox-cpgcsujffezisobdihlvfnevadbx/Build/Intermediates.noindex/Toolbox.build/Debug/Toolbox.build/Objects-normal/x86_64/ContentView.d -emit-reference-dependencies-path /Users/liu/Library/Developer/Xcode/DerivedData/Toolbox-cpgcsujffezisobdihlvfnevadbx/Build/Intermediates.noindex/Toolbox.build/Debug/Toolbox.build/Objects-normal/x86_64/ContentView.swiftdeps -serialize-diagnostics-path /Users/liu/Library/Developer/Xcode/DerivedData/Toolbox-cpgcsujffezisobdihlvfnevadbx/Build/Intermediates.noindex/Toolbox.build/Debug/Toolbox.build/Objects-normal/x86_64/ContentView.dia -emit-localized-strings -emit-localized-strings-path /Users/liu/Library/Developer/Xcode/DerivedData/Toolbox-cpgcsujffezisobdihlvfnevadbx/Build/Intermediates.noindex/Toolbox.build/Debug/Toolbox.build/Objects-normal/x86_64 -target x86_64-apple-macos12.3 -enable-objc-interop -stack-check -sdk /Applications/Xcode.app/Contents/Developer/Platforms/MacOSX.platform/Developer/SDKs/MacOSX13.1.sdk -I /Users/liu/Library/Developer/Xcode/DerivedData/Toolbox-cpgcsujffezisobdihlvfnevadbx/Build/Products/Debug -F /Users/liu/Library/Developer/Xcode/DerivedData/Toolbox-cpgcsujffezisobdihlvfnevadbx/Build/Products/Debug -no-color-diagnostics -g -module-cache-path /Users/liu/Library/Developer/Xcode/DerivedData/ModuleCache.noindex -swift-version 5 -enforce-exclusivity\=checked -O -serialize-debugging-options -enable-bare-slash-regex -empty-abi-descriptor -Xcc -working-directory -Xcc /Users/liu/Desktop/develop/Toolbox -resource-dir /Applications/Xcode.app/Contents/Developer/Toolchains/XcodeDefault.xctoolchain/usr/lib/swift -Xcc -I/Users/liu/Library/Developer/Xcode/DerivedData/Toolbox-cpgcsujffezisobdihlvfnevadbx/Build/Intermediates.noindex/Toolbox.build/Debug/Toolbox.build/swift-overrides.hmap -Xcc -iquote -Xcc /Users/liu/Library/Developer/Xcode/DerivedData/Toolbox-cpgcsujffezisobdihlvfnevadbx/Build/Intermediates.noindex/Toolbox.build/Debug/Toolbox.build/Toolbox-generated-files.hmap -Xcc -I/Users/liu/Library/Developer/Xcode/DerivedData/Toolbox-cpgcsujffezisobdihlvfnevadbx/Build/Intermediates.noindex/Toolbox.build/Debug/Toolbox.build/Toolbox-own-target-headers.hmap -Xcc -I/Users/liu/Library/Developer/Xcode/DerivedData/Toolbox-cpgcsujffezisobdihlvfnevadbx/Build/Intermediates.noindex/Toolbox.build/Debug/Toolbox.build/Toolbox-all-target-headers.hmap -Xcc -iquote -Xcc /Users/liu/Library/Developer/Xcode/DerivedData/Toolbox-cpgcsujffezisobdihlvfnevadbx/Build/Intermediates.noindex/Toolbox.build/Debug/Toolbox.build/Toolbox-project-headers.hmap -Xcc -I/Users/liu/Library/Developer/Xcode/DerivedData/Toolbox-cpgcsujffezisobdihlvfnevadbx/Build/Products/Debug/include -Xcc -I/Users/liu/Library/Developer/Xcode/DerivedData/Toolbox-cpgcsujffezisobdihlvfnevadbx/Build/Intermediates.noindex/Toolbox.build/Debug/Toolbox.build/DerivedSources-normal/x86_64 -Xcc -I/Users/liu/Library/Developer/Xcode/DerivedData/Toolbox-cpgcsujffezisobdihlvfnevadbx/Build/Intermediates.noindex/Toolbox.build/Debug/Toolbox.build/DerivedSources/x86_64 -Xcc -I/Users/liu/Library/Developer/Xcode/DerivedData/Toolbox-cpgcsujffezisobdihlvfnevadbx/Build/Intermediates.noindex/Toolbox.build/Debug/Toolbox.build/DerivedSources -module-name Toolbox -frontend-parseable-output -disable-clang-spi -target-sdk-version 13.1 -o /Users/liu/Library/Developer/Xcode/DerivedData/Toolbox-cpgcsujffezisobdihlvfnevadbx/Build/Intermediates.noindex/Toolbox.build/Debug/Toolbox.build/Objects-normal/x86_64/ContentView.o -index-unit-output-path /Toolbox.build/Debug/Toolbox.build/Objects-normal/x86_64/ContentView.o
/Users/liu/Desktop/develop/Toolbox/Toolbox/Views/ContentView.swift:9:42: warning: converting function value of type '@MainActor () -> ()' to '() -> Void' loses global actor 'MainActor'
                Button(action: viewModel.toggleSidebarVisibility) {
                                         ^
/Users/liu/Desktop/develop/Toolbox/Toolbox/Views/ContentView.swift:24:43: warning: converting function value of type '@MainActor (Int, Int) -> ()' to '(Int, Int) -> Void' loses global actor 'MainActor'
                        onMove: viewModel.moveVisibleTools,
                                          ^
/Users/liu/Desktop/develop/Toolbox/Toolbox/Views/ContentView.swift:25:49: warning: converting function value of type '@MainActor (String) -> Bool' to '(String) -> Bool' loses global actor 'MainActor'
                        isToolHidden: viewModel.isToolHidden,
                                                ^
/Users/liu/Desktop/develop/Toolbox/Toolbox/Views/ContentView.swift:26:59: warning: converting function value of type '@MainActor (String) -> ()' to '(String) -> Void' loses global actor 'MainActor'
                        onToggleToolVisibility: viewModel.toggleToolVisibility
                                                          ^
/Users/liu/Desktop/develop/Toolbox/Toolbox/Views/ContentView.swift:79:31: warning: converting function value of type '@MainActor () -> ()' to '() -> Void' loses global actor 'MainActor'
            onHelp: viewModel.toggleHelp,
                              ^
/Users/liu/Desktop/develop/Toolbox/Toolbox/Views/ContentView.swift:80:33: warning: converting function value of type '@MainActor () -> ()' to '() -> Void' loses global actor 'MainActor'
            onConfig: viewModel.handleConfigButton,
                                ^
/Users/liu/Desktop/develop/Toolbox/Toolbox/Views/ContentView.swift:94:40: warning: converting function value of type '@MainActor (String) -> ()' to '(String) -> Void' loses global actor 'MainActor'
            onTerminalInput: viewModel.sendTerminalInput,
                                       ^
/Users/liu/Desktop/develop/Toolbox/Toolbox/Views/ContentView.swift:95:31: warning: converting function value of type '@MainActor () -> ()' to '() -> Void' loses global actor 'MainActor'
            onHelp: viewModel.toggleHelp,
                              ^
/Users/liu/Desktop/develop/Toolbox/Toolbox/Views/ContentView.swift:96:33: warning: converting function value of type '@MainActor () -> ()' to '() -> Void' loses global actor 'MainActor'
            onConfig: viewModel.handleConfigButton,
                                ^
/Users/liu/Desktop/develop/Toolbox/Toolbox/Views/ContentView.swift:98:32: warning: converting function value of type '@MainActor () -> ()' to '() -> Void' loses global actor 'MainActor'
            onStart: viewModel.startSelectedTool,
                               ^
/Users/liu/Desktop/develop/Toolbox/Toolbox/Views/ContentView.swift:99:31: warning: converting function value of type '@MainActor () -> ()' to '() -> Void' loses global actor 'MainActor'
            onStop: viewModel.stopSelectedTool
                              ^

SwiftDriverJobDiscovery normal x86_64 Compiling PTYProcess.swift (in target 'Toolbox' from project 'Toolbox')

SwiftCompile normal x86_64 Compiling\ WeeklyCheckPane.swift /Users/liu/Desktop/develop/Toolbox/Toolbox/Views/WeeklyCheckPane.swift (in target 'Toolbox' from project 'Toolbox')
    cd /Users/liu/Desktop/develop/Toolbox
    builtin-swiftTaskExecution -- /Applications/Xcode.app/Contents/Developer/Toolchains/XcodeDefault.xctoolchain/usr/bin/swift-frontend -frontend -c /Users/liu/Desktop/develop/Toolbox/Toolbox/ToolboxApp.swift /Users/liu/Desktop/develop/Toolbox/Toolbox/Views/ContentView.swift /Users/liu/Desktop/develop/Toolbox/Toolbox/Models/ScriptTool.swift /Users/liu/Desktop/develop/Toolbox/Toolbox/ViewModels/RootViewModel.swift /Users/liu/Desktop/develop/Toolbox/Toolbox/Views/AppKitTextViews.swift /Users/liu/Desktop/develop/Toolbox/Toolbox/Views/SidebarView.swift /Users/liu/Desktop/develop/Toolbox/Toolbox/Views/TextInputPane.swift /Users/liu/Desktop/develop/Toolbox/Toolbox/Views/TerminalPaneView.swift /Users/liu/Desktop/develop/Toolbox/Toolbox/Services/PTYTerminalService.swift /Users/liu/Desktop/develop/Toolbox/Toolbox/Services/ToolFileStore.swift /Users/liu/Desktop/develop/Toolbox/Toolbox/Services/PTYProcess.swift /Users/liu/Desktop/develop/Toolbox/Toolbox/Views/FileRenamerPane.swift -primary-file /Users/liu/Desktop/develop/Toolbox/Toolbox/Views/WeeklyCheckPane.swift -emit-dependencies-path /Users/liu/Library/Developer/Xcode/DerivedData/Toolbox-cpgcsujffezisobdihlvfnevadbx/Build/Intermediates.noindex/Toolbox.build/Debug/Toolbox.build/Objects-normal/x86_64/WeeklyCheckPane.d -emit-reference-dependencies-path /Users/liu/Library/Developer/Xcode/DerivedData/Toolbox-cpgcsujffezisobdihlvfnevadbx/Build/Intermediates.noindex/Toolbox.build/Debug/Toolbox.build/Objects-normal/x86_64/WeeklyCheckPane.swiftdeps -serialize-diagnostics-path /Users/liu/Library/Developer/Xcode/DerivedData/Toolbox-cpgcsujffezisobdihlvfnevadbx/Build/Intermediates.noindex/Toolbox.build/Debug/Toolbox.build/Objects-normal/x86_64/WeeklyCheckPane.dia -emit-localized-strings -emit-localized-strings-path /Users/liu/Library/Developer/Xcode/DerivedData/Toolbox-cpgcsujffezisobdihlvfnevadbx/Build/Intermediates.noindex/Toolbox.build/Debug/Toolbox.build/Objects-normal/x86_64 -target x86_64-apple-macos12.3 -enable-objc-interop -stack-check -sdk /Applications/Xcode.app/Contents/Developer/Platforms/MacOSX.platform/Developer/SDKs/MacOSX13.1.sdk -I /Users/liu/Library/Developer/Xcode/DerivedData/Toolbox-cpgcsujffezisobdihlvfnevadbx/Build/Products/Debug -F /Users/liu/Library/Developer/Xcode/DerivedData/Toolbox-cpgcsujffezisobdihlvfnevadbx/Build/Products/Debug -no-color-diagnostics -g -module-cache-path /Users/liu/Library/Developer/Xcode/DerivedData/ModuleCache.noindex -swift-version 5 -enforce-exclusivity\=checked -O -serialize-debugging-options -enable-bare-slash-regex -empty-abi-descriptor -Xcc -working-directory -Xcc /Users/liu/Desktop/develop/Toolbox -resource-dir /Applications/Xcode.app/Contents/Developer/Toolchains/XcodeDefault.xctoolchain/usr/lib/swift -Xcc -I/Users/liu/Library/Developer/Xcode/DerivedData/Toolbox-cpgcsujffezisobdihlvfnevadbx/Build/Intermediates.noindex/Toolbox.build/Debug/Toolbox.build/swift-overrides.hmap -Xcc -iquote -Xcc /Users/liu/Library/Developer/Xcode/DerivedData/Toolbox-cpgcsujffezisobdihlvfnevadbx/Build/Intermediates.noindex/Toolbox.build/Debug/Toolbox.build/Toolbox-generated-files.hmap -Xcc -I/Users/liu/Library/Developer/Xcode/DerivedData/Toolbox-cpgcsujffezisobdihlvfnevadbx/Build/Intermediates.noindex/Toolbox.build/Debug/Toolbox.build/Toolbox-own-target-headers.hmap -Xcc -I/Users/liu/Library/Developer/Xcode/DerivedData/Toolbox-cpgcsujffezisobdihlvfnevadbx/Build/Intermediates.noindex/Toolbox.build/Debug/Toolbox.build/Toolbox-all-target-headers.hmap -Xcc -iquote -Xcc /Users/liu/Library/Developer/Xcode/DerivedData/Toolbox-cpgcsujffezisobdihlvfnevadbx/Build/Intermediates.noindex/Toolbox.build/Debug/Toolbox.build/Toolbox-project-headers.hmap -Xcc -I/Users/liu/Library/Developer/Xcode/DerivedData/Toolbox-cpgcsujffezisobdihlvfnevadbx/Build/Products/Debug/include -Xcc -I/Users/liu/Library/Developer/Xcode/DerivedData/Toolbox-cpgcsujffezisobdihlvfnevadbx/Build/Intermediates.noindex/Toolbox.build/Debug/Toolbox.build/DerivedSources-normal/x86_64 -Xcc -I/Users/liu/Library/Developer/Xcode/DerivedData/Toolbox-cpgcsujffezisobdihlvfnevadbx/Build/Intermediates.noindex/Toolbox.build/Debug/Toolbox.build/DerivedSources/x86_64 -Xcc -I/Users/liu/Library/Developer/Xcode/DerivedData/Toolbox-cpgcsujffezisobdihlvfnevadbx/Build/Intermediates.noindex/Toolbox.build/Debug/Toolbox.build/DerivedSources -module-name Toolbox -frontend-parseable-output -disable-clang-spi -target-sdk-version 13.1 -o /Users/liu/Library/Developer/Xcode/DerivedData/Toolbox-cpgcsujffezisobdihlvfnevadbx/Build/Intermediates.noindex/Toolbox.build/Debug/Toolbox.build/Objects-normal/x86_64/WeeklyCheckPane.o -index-unit-output-path /Toolbox.build/Debug/Toolbox.build/Objects-normal/x86_64/WeeklyCheckPane.o

CompileSwift normal x86_64 /Users/liu/Desktop/develop/Toolbox/Toolbox/Views/WeeklyCheckPane.swift (in target 'Toolbox' from project 'Toolbox')
    cd /Users/liu/Desktop/develop/Toolbox
    /Applications/Xcode.app/Contents/Developer/Toolchains/XcodeDefault.xctoolchain/usr/bin/swift-frontend -c /Users/liu/Desktop/develop/Toolbox/Toolbox/ToolboxApp.swift /Users/liu/Desktop/develop/Toolbox/Toolbox/Views/ContentView.swift /Users/liu/Desktop/develop/Toolbox/Toolbox/Models/ScriptTool.swift /Users/liu/Desktop/develop/Toolbox/Toolbox/ViewModels/RootViewModel.swift /Users/liu/Desktop/develop/Toolbox/Toolbox/Views/AppKitTextViews.swift /Users/liu/Desktop/develop/Toolbox/Toolbox/Views/SidebarView.swift /Users/liu/Desktop/develop/Toolbox/Toolbox/Views/TextInputPane.swift /Users/liu/Desktop/develop/Toolbox/Toolbox/Views/TerminalPaneView.swift /Users/liu/Desktop/develop/Toolbox/Toolbox/Services/PTYTerminalService.swift /Users/liu/Desktop/develop/Toolbox/Toolbox/Services/ToolFileStore.swift /Users/liu/Desktop/develop/Toolbox/Toolbox/Services/PTYProcess.swift /Users/liu/Desktop/develop/Toolbox/Toolbox/Views/FileRenamerPane.swift -primary-file /Users/liu/Desktop/develop/Toolbox/Toolbox/Views/WeeklyCheckPane.swift -emit-dependencies-path /Users/liu/Library/Developer/Xcode/DerivedData/Toolbox-cpgcsujffezisobdihlvfnevadbx/Build/Intermediates.noindex/Toolbox.build/Debug/Toolbox.build/Objects-normal/x86_64/WeeklyCheckPane.d -emit-reference-dependencies-path /Users/liu/Library/Developer/Xcode/DerivedData/Toolbox-cpgcsujffezisobdihlvfnevadbx/Build/Intermediates.noindex/Toolbox.build/Debug/Toolbox.build/Objects-normal/x86_64/WeeklyCheckPane.swiftdeps -serialize-diagnostics-path /Users/liu/Library/Developer/Xcode/DerivedData/Toolbox-cpgcsujffezisobdihlvfnevadbx/Build/Intermediates.noindex/Toolbox.build/Debug/Toolbox.build/Objects-normal/x86_64/WeeklyCheckPane.dia -emit-localized-strings -emit-localized-strings-path /Users/liu/Library/Developer/Xcode/DerivedData/Toolbox-cpgcsujffezisobdihlvfnevadbx/Build/Intermediates.noindex/Toolbox.build/Debug/Toolbox.build/Objects-normal/x86_64 -target x86_64-apple-macos12.3 -enable-objc-interop -stack-check -sdk /Applications/Xcode.app/Contents/Developer/Platforms/MacOSX.platform/Developer/SDKs/MacOSX13.1.sdk -I /Users/liu/Library/Developer/Xcode/DerivedData/Toolbox-cpgcsujffezisobdihlvfnevadbx/Build/Products/Debug -F /Users/liu/Library/Developer/Xcode/DerivedData/Toolbox-cpgcsujffezisobdihlvfnevadbx/Build/Products/Debug -no-color-diagnostics -g -module-cache-path /Users/liu/Library/Developer/Xcode/DerivedData/ModuleCache.noindex -swift-version 5 -enforce-exclusivity\=checked -O -serialize-debugging-options -enable-bare-slash-regex -empty-abi-descriptor -Xcc -working-directory -Xcc /Users/liu/Desktop/develop/Toolbox -resource-dir /Applications/Xcode.app/Contents/Developer/Toolchains/XcodeDefault.xctoolchain/usr/lib/swift -Xcc -I/Users/liu/Library/Developer/Xcode/DerivedData/Toolbox-cpgcsujffezisobdihlvfnevadbx/Build/Intermediates.noindex/Toolbox.build/Debug/Toolbox.build/swift-overrides.hmap -Xcc -iquote -Xcc /Users/liu/Library/Developer/Xcode/DerivedData/Toolbox-cpgcsujffezisobdihlvfnevadbx/Build/Intermediates.noindex/Toolbox.build/Debug/Toolbox.build/Toolbox-generated-files.hmap -Xcc -I/Users/liu/Library/Developer/Xcode/DerivedData/Toolbox-cpgcsujffezisobdihlvfnevadbx/Build/Intermediates.noindex/Toolbox.build/Debug/Toolbox.build/Toolbox-own-target-headers.hmap -Xcc -I/Users/liu/Library/Developer/Xcode/DerivedData/Toolbox-cpgcsujffezisobdihlvfnevadbx/Build/Intermediates.noindex/Toolbox.build/Debug/Toolbox.build/Toolbox-all-target-headers.hmap -Xcc -iquote -Xcc /Users/liu/Library/Developer/Xcode/DerivedData/Toolbox-cpgcsujffezisobdihlvfnevadbx/Build/Intermediates.noindex/Toolbox.build/Debug/Toolbox.build/Toolbox-project-headers.hmap -Xcc -I/Users/liu/Library/Developer/Xcode/DerivedData/Toolbox-cpgcsujffezisobdihlvfnevadbx/Build/Products/Debug/include -Xcc -I/Users/liu/Library/Developer/Xcode/DerivedData/Toolbox-cpgcsujffezisobdihlvfnevadbx/Build/Intermediates.noindex/Toolbox.build/Debug/Toolbox.build/DerivedSources-normal/x86_64 -Xcc -I/Users/liu/Library/Developer/Xcode/DerivedData/Toolbox-cpgcsujffezisobdihlvfnevadbx/Build/Intermediates.noindex/Toolbox.build/Debug/Toolbox.build/DerivedSources/x86_64 -Xcc -I/Users/liu/Library/Developer/Xcode/DerivedData/Toolbox-cpgcsujffezisobdihlvfnevadbx/Build/Intermediates.noindex/Toolbox.build/Debug/Toolbox.build/DerivedSources -module-name Toolbox -frontend-parseable-output -disable-clang-spi -target-sdk-version 13.1 -o /Users/liu/Library/Developer/Xcode/DerivedData/Toolbox-cpgcsujffezisobdihlvfnevadbx/Build/Intermediates.noindex/Toolbox.build/Debug/Toolbox.build/Objects-normal/x86_64/WeeklyCheckPane.o -index-unit-output-path /Toolbox.build/Debug/Toolbox.build/Objects-normal/x86_64/WeeklyCheckPane.o
/Users/liu/Desktop/develop/Toolbox/Toolbox/Views/WeeklyCheckPane.swift:69:26: warning: result of call to 'loadObject(ofClass:completionHandler:)' is unused
                provider.loadObject(ofClass: URL.self) { url, _ in
                         ^         ~~~~~~~~~~~~~~~~~~~~~~~~~~~~~~~

SwiftDriverJobDiscovery normal x86_64 Compiling PTYTerminalService.swift (in target 'Toolbox' from project 'Toolbox')

SwiftDriverJobDiscovery normal arm64 Compiling PTYTerminalService.swift (in target 'Toolbox' from project 'Toolbox')

SwiftCompile normal x86_64 Compiling\ RootViewModel.swift /Users/liu/Desktop/develop/Toolbox/Toolbox/ViewModels/RootViewModel.swift (in target 'Toolbox' from project 'Toolbox')
    cd /Users/liu/Desktop/develop/Toolbox
    builtin-swiftTaskExecution -- /Applications/Xcode.app/Contents/Developer/Toolchains/XcodeDefault.xctoolchain/usr/bin/swift-frontend -frontend -c /Users/liu/Desktop/develop/Toolbox/Toolbox/ToolboxApp.swift /Users/liu/Desktop/develop/Toolbox/Toolbox/Views/ContentView.swift /Users/liu/Desktop/develop/Toolbox/Toolbox/Models/ScriptTool.swift -primary-file /Users/liu/Desktop/develop/Toolbox/Toolbox/ViewModels/RootViewModel.swift /Users/liu/Desktop/develop/Toolbox/Toolbox/Views/AppKitTextViews.swift /Users/liu/Desktop/develop/Toolbox/Toolbox/Views/SidebarView.swift /Users/liu/Desktop/develop/Toolbox/Toolbox/Views/TextInputPane.swift /Users/liu/Desktop/develop/Toolbox/Toolbox/Views/TerminalPaneView.swift /Users/liu/Desktop/develop/Toolbox/Toolbox/Services/PTYTerminalService.swift /Users/liu/Desktop/develop/Toolbox/Toolbox/Services/ToolFileStore.swift /Users/liu/Desktop/develop/Toolbox/Toolbox/Services/PTYProcess.swift /Users/liu/Desktop/develop/Toolbox/Toolbox/Views/FileRenamerPane.swift /Users/liu/Desktop/develop/Toolbox/Toolbox/Views/WeeklyCheckPane.swift -emit-dependencies-path /Users/liu/Library/Developer/Xcode/DerivedData/Toolbox-cpgcsujffezisobdihlvfnevadbx/Build/Intermediates.noindex/Toolbox.build/Debug/Toolbox.build/Objects-normal/x86_64/RootViewModel.d -emit-reference-dependencies-path /Users/liu/Library/Developer/Xcode/DerivedData/Toolbox-cpgcsujffezisobdihlvfnevadbx/Build/Intermediates.noindex/Toolbox.build/Debug/Toolbox.build/Objects-normal/x86_64/RootViewModel.swiftdeps -serialize-diagnostics-path /Users/liu/Library/Developer/Xcode/DerivedData/Toolbox-cpgcsujffezisobdihlvfnevadbx/Build/Intermediates.noindex/Toolbox.build/Debug/Toolbox.build/Objects-normal/x86_64/RootViewModel.dia -emit-localized-strings -emit-localized-strings-path /Users/liu/Library/Developer/Xcode/DerivedData/Toolbox-cpgcsujffezisobdihlvfnevadbx/Build/Intermediates.noindex/Toolbox.build/Debug/Toolbox.build/Objects-normal/x86_64 -target x86_64-apple-macos12.3 -enable-objc-interop -stack-check -sdk /Applications/Xcode.app/Contents/Developer/Platforms/MacOSX.platform/Developer/SDKs/MacOSX13.1.sdk -I /Users/liu/Library/Developer/Xcode/DerivedData/Toolbox-cpgcsujffezisobdihlvfnevadbx/Build/Products/Debug -F /Users/liu/Library/Developer/Xcode/DerivedData/Toolbox-cpgcsujffezisobdihlvfnevadbx/Build/Products/Debug -no-color-diagnostics -g -module-cache-path /Users/liu/Library/Developer/Xcode/DerivedData/ModuleCache.noindex -swift-version 5 -enforce-exclusivity\=checked -O -serialize-debugging-options -enable-bare-slash-regex -empty-abi-descriptor -Xcc -working-directory -Xcc /Users/liu/Desktop/develop/Toolbox -resource-dir /Applications/Xcode.app/Contents/Developer/Toolchains/XcodeDefault.xctoolchain/usr/lib/swift -Xcc -I/Users/liu/Library/Developer/Xcode/DerivedData/Toolbox-cpgcsujffezisobdihlvfnevadbx/Build/Intermediates.noindex/Toolbox.build/Debug/Toolbox.build/swift-overrides.hmap -Xcc -iquote -Xcc /Users/liu/Library/Developer/Xcode/DerivedData/Toolbox-cpgcsujffezisobdihlvfnevadbx/Build/Intermediates.noindex/Toolbox.build/Debug/Toolbox.build/Toolbox-generated-files.hmap -Xcc -I/Users/liu/Library/Developer/Xcode/DerivedData/Toolbox-cpgcsujffezisobdihlvfnevadbx/Build/Intermediates.noindex/Toolbox.build/Debug/Toolbox.build/Toolbox-own-target-headers.hmap -Xcc -I/Users/liu/Library/Developer/Xcode/DerivedData/Toolbox-cpgcsujffezisobdihlvfnevadbx/Build/Intermediates.noindex/Toolbox.build/Debug/Toolbox.build/Toolbox-all-target-headers.hmap -Xcc -iquote -Xcc /Users/liu/Library/Developer/Xcode/DerivedData/Toolbox-cpgcsujffezisobdihlvfnevadbx/Build/Intermediates.noindex/Toolbox.build/Debug/Toolbox.build/Toolbox-project-headers.hmap -Xcc -I/Users/liu/Library/Developer/Xcode/DerivedData/Toolbox-cpgcsujffezisobdihlvfnevadbx/Build/Products/Debug/include -Xcc -I/Users/liu/Library/Developer/Xcode/DerivedData/Toolbox-cpgcsujffezisobdihlvfnevadbx/Build/Intermediates.noindex/Toolbox.build/Debug/Toolbox.build/DerivedSources-normal/x86_64 -Xcc -I/Users/liu/Library/Developer/Xcode/DerivedData/Toolbox-cpgcsujffezisobdihlvfnevadbx/Build/Intermediates.noindex/Toolbox.build/Debug/Toolbox.build/DerivedSources/x86_64 -Xcc -I/Users/liu/Library/Developer/Xcode/DerivedData/Toolbox-cpgcsujffezisobdihlvfnevadbx/Build/Intermediates.noindex/Toolbox.build/Debug/Toolbox.build/DerivedSources -module-name Toolbox -frontend-parseable-output -disable-clang-spi -target-sdk-version 13.1 -o /Users/liu/Library/Developer/Xcode/DerivedData/Toolbox-cpgcsujffezisobdihlvfnevadbx/Build/Intermediates.noindex/Toolbox.build/Debug/Toolbox.build/Objects-normal/x86_64/RootViewModel.o -index-unit-output-path /Toolbox.build/Debug/Toolbox.build/Objects-normal/x86_64/RootViewModel.o

CompileSwift normal x86_64 /Users/liu/Desktop/develop/Toolbox/Toolbox/ViewModels/RootViewModel.swift (in target 'Toolbox' from project 'Toolbox')
    cd /Users/liu/Desktop/develop/Toolbox
    /Applications/Xcode.app/Contents/Developer/Toolchains/XcodeDefault.xctoolchain/usr/bin/swift-frontend -c /Users/liu/Desktop/develop/Toolbox/Toolbox/ToolboxApp.swift /Users/liu/Desktop/develop/Toolbox/Toolbox/Views/ContentView.swift /Users/liu/Desktop/develop/Toolbox/Toolbox/Models/ScriptTool.swift -primary-file /Users/liu/Desktop/develop/Toolbox/Toolbox/ViewModels/RootViewModel.swift /Users/liu/Desktop/develop/Toolbox/Toolbox/Views/AppKitTextViews.swift /Users/liu/Desktop/develop/Toolbox/Toolbox/Views/SidebarView.swift /Users/liu/Desktop/develop/Toolbox/Toolbox/Views/TextInputPane.swift /Users/liu/Desktop/develop/Toolbox/Toolbox/Views/TerminalPaneView.swift /Users/liu/Desktop/develop/Toolbox/Toolbox/Services/PTYTerminalService.swift /Users/liu/Desktop/develop/Toolbox/Toolbox/Services/ToolFileStore.swift /Users/liu/Desktop/develop/Toolbox/Toolbox/Services/PTYProcess.swift /Users/liu/Desktop/develop/Toolbox/Toolbox/Views/FileRenamerPane.swift /Users/liu/Desktop/develop/Toolbox/Toolbox/Views/WeeklyCheckPane.swift -emit-dependencies-path /Users/liu/Library/Developer/Xcode/DerivedData/Toolbox-cpgcsujffezisobdihlvfnevadbx/Build/Intermediates.noindex/Toolbox.build/Debug/Toolbox.build/Objects-normal/x86_64/RootViewModel.d -emit-reference-dependencies-path /Users/liu/Library/Developer/Xcode/DerivedData/Toolbox-cpgcsujffezisobdihlvfnevadbx/Build/Intermediates.noindex/Toolbox.build/Debug/Toolbox.build/Objects-normal/x86_64/RootViewModel.swiftdeps -serialize-diagnostics-path /Users/liu/Library/Developer/Xcode/DerivedData/Toolbox-cpgcsujffezisobdihlvfnevadbx/Build/Intermediates.noindex/Toolbox.build/Debug/Toolbox.build/Objects-normal/x86_64/RootViewModel.dia -emit-localized-strings -emit-localized-strings-path /Users/liu/Library/Developer/Xcode/DerivedData/Toolbox-cpgcsujffezisobdihlvfnevadbx/Build/Intermediates.noindex/Toolbox.build/Debug/Toolbox.build/Objects-normal/x86_64 -target x86_64-apple-macos12.3 -enable-objc-interop -stack-check -sdk /Applications/Xcode.app/Contents/Developer/Platforms/MacOSX.platform/Developer/SDKs/MacOSX13.1.sdk -I /Users/liu/Library/Developer/Xcode/DerivedData/Toolbox-cpgcsujffezisobdihlvfnevadbx/Build/Products/Debug -F /Users/liu/Library/Developer/Xcode/DerivedData/Toolbox-cpgcsujffezisobdihlvfnevadbx/Build/Products/Debug -no-color-diagnostics -g -module-cache-path /Users/liu/Library/Developer/Xcode/DerivedData/ModuleCache.noindex -swift-version 5 -enforce-exclusivity\=checked -O -serialize-debugging-options -enable-bare-slash-regex -empty-abi-descriptor -Xcc -working-directory -Xcc /Users/liu/Desktop/develop/Toolbox -resource-dir /Applications/Xcode.app/Contents/Developer/Toolchains/XcodeDefault.xctoolchain/usr/lib/swift -Xcc -I/Users/liu/Library/Developer/Xcode/DerivedData/Toolbox-cpgcsujffezisobdihlvfnevadbx/Build/Intermediates.noindex/Toolbox.build/Debug/Toolbox.build/swift-overrides.hmap -Xcc -iquote -Xcc /Users/liu/Library/Developer/Xcode/DerivedData/Toolbox-cpgcsujffezisobdihlvfnevadbx/Build/Intermediates.noindex/Toolbox.build/Debug/Toolbox.build/Toolbox-generated-files.hmap -Xcc -I/Users/liu/Library/Developer/Xcode/DerivedData/Toolbox-cpgcsujffezisobdihlvfnevadbx/Build/Intermediates.noindex/Toolbox.build/Debug/Toolbox.build/Toolbox-own-target-headers.hmap -Xcc -I/Users/liu/Library/Developer/Xcode/DerivedData/Toolbox-cpgcsujffezisobdihlvfnevadbx/Build/Intermediates.noindex/Toolbox.build/Debug/Toolbox.build/Toolbox-all-target-headers.hmap -Xcc -iquote -Xcc /Users/liu/Library/Developer/Xcode/DerivedData/Toolbox-cpgcsujffezisobdihlvfnevadbx/Build/Intermediates.noindex/Toolbox.build/Debug/Toolbox.build/Toolbox-project-headers.hmap -Xcc -I/Users/liu/Library/Developer/Xcode/DerivedData/Toolbox-cpgcsujffezisobdihlvfnevadbx/Build/Products/Debug/include -Xcc -I/Users/liu/Library/Developer/Xcode/DerivedData/Toolbox-cpgcsujffezisobdihlvfnevadbx/Build/Intermediates.noindex/Toolbox.build/Debug/Toolbox.build/DerivedSources-normal/x86_64 -Xcc -I/Users/liu/Library/Developer/Xcode/DerivedData/Toolbox-cpgcsujffezisobdihlvfnevadbx/Build/Intermediates.noindex/Toolbox.build/Debug/Toolbox.build/DerivedSources/x86_64 -Xcc -I/Users/liu/Library/Developer/Xcode/DerivedData/Toolbox-cpgcsujffezisobdihlvfnevadbx/Build/Intermediates.noindex/Toolbox.build/Debug/Toolbox.build/DerivedSources -module-name Toolbox -frontend-parseable-output -disable-clang-spi -target-sdk-version 13.1 -o /Users/liu/Library/Developer/Xcode/DerivedData/Toolbox-cpgcsujffezisobdihlvfnevadbx/Build/Intermediates.noindex/Toolbox.build/Debug/Toolbox.build/Objects-normal/x86_64/RootViewModel.o -index-unit-output-path /Toolbox.build/Debug/Toolbox.build/Objects-normal/x86_64/RootViewModel.o
/Users/liu/Desktop/develop/Toolbox/Toolbox/ViewModels/RootViewModel.swift:300:25: warning: variable 'filteredChunk' was never mutated; consider changing to 'let' constant
                    var filteredChunk = chunk
                    ~~~ ^
                    let

SwiftDriverJobDiscovery normal arm64 Compiling ToolFileStore.swift (in target 'Toolbox' from project 'Toolbox')

SwiftDriverJobDiscovery normal arm64 Compiling TerminalPaneView.swift (in target 'Toolbox' from project 'Toolbox')

SwiftDriverJobDiscovery normal x86_64 Compiling ToolFileStore.swift (in target 'Toolbox' from project 'Toolbox')

SwiftDriverJobDiscovery normal arm64 Compiling ContentView.swift (in target 'Toolbox' from project 'Toolbox')

SwiftDriverJobDiscovery normal arm64 Compiling WeeklyCheckPane.swift (in target 'Toolbox' from project 'Toolbox')

SwiftDriverJobDiscovery normal arm64 Compiling SidebarView.swift (in target 'Toolbox' from project 'Toolbox')

SwiftDriverJobDiscovery normal arm64 Compiling FileRenamerPane.swift (in target 'Toolbox' from project 'Toolbox')

SwiftDriverJobDiscovery normal x86_64 Compiling TextInputPane.swift (in target 'Toolbox' from project 'Toolbox')

SwiftDriverJobDiscovery normal arm64 Compiling AppKitTextViews.swift (in target 'Toolbox' from project 'Toolbox')

SwiftDriverJobDiscovery normal x86_64 Compiling ToolboxApp.swift (in target 'Toolbox' from project 'Toolbox')

SwiftDriverJobDiscovery normal x86_64 Compiling ScriptTool.swift (in target 'Toolbox' from project 'Toolbox')

SwiftDriverJobDiscovery normal x86_64 Compiling TerminalPaneView.swift (in target 'Toolbox' from project 'Toolbox')

SwiftDriverJobDiscovery normal x86_64 Compiling ContentView.swift (in target 'Toolbox' from project 'Toolbox')

SwiftDriverJobDiscovery normal x86_64 Compiling WeeklyCheckPane.swift (in target 'Toolbox' from project 'Toolbox')

SwiftDriverJobDiscovery normal x86_64 Compiling SidebarView.swift (in target 'Toolbox' from project 'Toolbox')

SwiftDriverJobDiscovery normal x86_64 Compiling FileRenamerPane.swift (in target 'Toolbox' from project 'Toolbox')

ProcessInfoPlistFile /Users/liu/Library/Developer/Xcode/DerivedData/Toolbox-cpgcsujffezisobdihlvfnevadbx/Build/Products/Debug/Toolbox.app/Contents/Info.plist /Users/liu/Library/Developer/Xcode/DerivedData/Toolbox-cpgcsujffezisobdihlvfnevadbx/Build/Intermediates.noindex/Toolbox.build/Debug/Toolbox.build/empty-Toolbox.plist (in target 'Toolbox' from project 'Toolbox')
    cd /Users/liu/Desktop/develop/Toolbox
    builtin-infoPlistUtility /Users/liu/Library/Developer/Xcode/DerivedData/Toolbox-cpgcsujffezisobdihlvfnevadbx/Build/Intermediates.noindex/Toolbox.build/Debug/Toolbox.build/empty-Toolbox.plist -producttype com.apple.product-type.application -genpkginfo /Users/liu/Library/Developer/Xcode/DerivedData/Toolbox-cpgcsujffezisobdihlvfnevadbx/Build/Products/Debug/Toolbox.app/Contents/PkgInfo -expandbuildsettings -platform macosx -additionalcontentfile /Users/liu/Library/Developer/Xcode/DerivedData/Toolbox-cpgcsujffezisobdihlvfnevadbx/Build/Intermediates.noindex/Toolbox.build/Debug/Toolbox.build/assetcatalog_generated_info.plist -o /Users/liu/Library/Developer/Xcode/DerivedData/Toolbox-cpgcsujffezisobdihlvfnevadbx/Build/Products/Debug/Toolbox.app/Contents/Info.plist

SwiftDriverJobDiscovery normal x86_64 Compiling AppKitTextViews.swift (in target 'Toolbox' from project 'Toolbox')

SwiftDriverJobDiscovery normal arm64 Compiling RootViewModel.swift (in target 'Toolbox' from project 'Toolbox')

SwiftDriver\ Compilation Toolbox normal arm64 com.apple.xcode.tools.swift.compiler (in target 'Toolbox' from project 'Toolbox')
    cd /Users/liu/Desktop/develop/Toolbox
    builtin-Swift-Compilation -- /Applications/Xcode.app/Contents/Developer/Toolchains/XcodeDefault.xctoolchain/usr/bin/swiftc -module-name Toolbox -O -enforce-exclusivity\=checked @/Users/liu/Library/Developer/Xcode/DerivedData/Toolbox-cpgcsujffezisobdihlvfnevadbx/Build/Intermediates.noindex/Toolbox.build/Debug/Toolbox.build/Objects-normal/arm64/Toolbox.SwiftFileList -sdk /Applications/Xcode.app/Contents/Developer/Platforms/MacOSX.platform/Developer/SDKs/MacOSX13.1.sdk -target arm64-apple-macos12.3 -enable-bare-slash-regex -g -module-cache-path /Users/liu/Library/Developer/Xcode/DerivedData/ModuleCache.noindex -Xfrontend -serialize-debugging-options -swift-version 5 -I /Users/liu/Library/Developer/Xcode/DerivedData/Toolbox-cpgcsujffezisobdihlvfnevadbx/Build/Products/Debug -F /Users/liu/Library/Developer/Xcode/DerivedData/Toolbox-cpgcsujffezisobdihlvfnevadbx/Build/Products/Debug -emit-localized-strings -emit-localized-strings-path /Users/liu/Library/Developer/Xcode/DerivedData/Toolbox-cpgcsujffezisobdihlvfnevadbx/Build/Intermediates.noindex/Toolbox.build/Debug/Toolbox.build/Objects-normal/arm64 -c -j20 -enable-batch-mode -incremental -output-file-map /Users/liu/Library/Developer/Xcode/DerivedData/Toolbox-cpgcsujffezisobdihlvfnevadbx/Build/Intermediates.noindex/Toolbox.build/Debug/Toolbox.build/Objects-normal/arm64/Toolbox-OutputFileMap.json -use-frontend-parseable-output -save-temps -no-color-diagnostics -serialize-diagnostics -emit-dependencies -emit-module -emit-module-path /Users/liu/Library/Developer/Xcode/DerivedData/Toolbox-cpgcsujffezisobdihlvfnevadbx/Build/Intermediates.noindex/Toolbox.build/Debug/Toolbox.build/Objects-normal/arm64/Toolbox.swiftmodule -Xcc -I/Users/liu/Library/Developer/Xcode/DerivedData/Toolbox-cpgcsujffezisobdihlvfnevadbx/Build/Intermediates.noindex/Toolbox.build/Debug/Toolbox.build/swift-overrides.hmap -Xcc -iquote -Xcc /Users/liu/Library/Developer/Xcode/DerivedData/Toolbox-cpgcsujffezisobdihlvfnevadbx/Build/Intermediates.noindex/Toolbox.build/Debug/Toolbox.build/Toolbox-generated-files.hmap -Xcc -I/Users/liu/Library/Developer/Xcode/DerivedData/Toolbox-cpgcsujffezisobdihlvfnevadbx/Build/Intermediates.noindex/Toolbox.build/Debug/Toolbox.build/Toolbox-own-target-headers.hmap -Xcc -I/Users/liu/Library/Developer/Xcode/DerivedData/Toolbox-cpgcsujffezisobdihlvfnevadbx/Build/Intermediates.noindex/Toolbox.build/Debug/Toolbox.build/Toolbox-all-target-headers.hmap -Xcc -iquote -Xcc /Users/liu/Library/Developer/Xcode/DerivedData/Toolbox-cpgcsujffezisobdihlvfnevadbx/Build/Intermediates.noindex/Toolbox.build/Debug/Toolbox.build/Toolbox-project-headers.hmap -Xcc -I/Users/liu/Library/Developer/Xcode/DerivedData/Toolbox-cpgcsujffezisobdihlvfnevadbx/Build/Products/Debug/include -Xcc -I/Users/liu/Library/Developer/Xcode/DerivedData/Toolbox-cpgcsujffezisobdihlvfnevadbx/Build/Intermediates.noindex/Toolbox.build/Debug/Toolbox.build/DerivedSources-normal/arm64 -Xcc -I/Users/liu/Library/Developer/Xcode/DerivedData/Toolbox-cpgcsujffezisobdihlvfnevadbx/Build/Intermediates.noindex/Toolbox.build/Debug/Toolbox.build/DerivedSources/arm64 -Xcc -I/Users/liu/Library/Developer/Xcode/DerivedData/Toolbox-cpgcsujffezisobdihlvfnevadbx/Build/Intermediates.noindex/Toolbox.build/Debug/Toolbox.build/DerivedSources -emit-objc-header -emit-objc-header-path /Users/liu/Library/Developer/Xcode/DerivedData/Toolbox-cpgcsujffezisobdihlvfnevadbx/Build/Intermediates.noindex/Toolbox.build/Debug/Toolbox.build/Objects-normal/arm64/Toolbox-Swift.h -working-directory /Users/liu/Desktop/develop/Toolbox -experimental-emit-module-separately

Ld /Users/liu/Library/Developer/Xcode/DerivedData/Toolbox-cpgcsujffezisobdihlvfnevadbx/Build/Intermediates.noindex/Toolbox.build/Debug/Toolbox.build/Objects-normal/arm64/Binary/Toolbox normal arm64 (in target 'Toolbox' from project 'Toolbox')
    cd /Users/liu/Desktop/develop/Toolbox
    /Applications/Xcode.app/Contents/Developer/Toolchains/XcodeDefault.xctoolchain/usr/bin/clang -target arm64-apple-macos12.3 -isysroot /Applications/Xcode.app/Contents/Developer/Platforms/MacOSX.platform/Developer/SDKs/MacOSX13.1.sdk -L/Users/liu/Library/Developer/Xcode/DerivedData/Toolbox-cpgcsujffezisobdihlvfnevadbx/Build/Intermediates.noindex/EagerLinkingTBDs -L/Users/liu/Library/Developer/Xcode/DerivedData/Toolbox-cpgcsujffezisobdihlvfnevadbx/Build/Products/Debug -F/Users/liu/Library/Developer/Xcode/DerivedData/Toolbox-cpgcsujffezisobdihlvfnevadbx/Build/Intermediates.noindex/EagerLinkingTBDs -F/Users/liu/Library/Developer/Xcode/DerivedData/Toolbox-cpgcsujffezisobdihlvfnevadbx/Build/Products/Debug -filelist /Users/liu/Library/Developer/Xcode/DerivedData/Toolbox-cpgcsujffezisobdihlvfnevadbx/Build/Intermediates.noindex/Toolbox.build/Debug/Toolbox.build/Objects-normal/arm64/Toolbox.LinkFileList -Xlinker -rpath -Xlinker @executable_path/../Frameworks -Xlinker -object_path_lto -Xlinker /Users/liu/Library/Developer/Xcode/DerivedData/Toolbox-cpgcsujffezisobdihlvfnevadbx/Build/Intermediates.noindex/Toolbox.build/Debug/Toolbox.build/Objects-normal/arm64/Toolbox_lto.o -fobjc-link-runtime -L/Applications/Xcode.app/Contents/Developer/Toolchains/XcodeDefault.xctoolchain/usr/lib/swift/macosx -L/usr/lib/swift -Xlinker -add_ast_path -Xlinker /Users/liu/Library/Developer/Xcode/DerivedData/Toolbox-cpgcsujffezisobdihlvfnevadbx/Build/Intermediates.noindex/Toolbox.build/Debug/Toolbox.build/Objects-normal/arm64/Toolbox.swiftmodule -Xlinker -no_adhoc_codesign -Xlinker -dependency_info -Xlinker /Users/liu/Library/Developer/Xcode/DerivedData/Toolbox-cpgcsujffezisobdihlvfnevadbx/Build/Intermediates.noindex/Toolbox.build/Debug/Toolbox.build/Objects-normal/arm64/Toolbox_dependency_info.dat -o /Users/liu/Library/Developer/Xcode/DerivedData/Toolbox-cpgcsujffezisobdihlvfnevadbx/Build/Intermediates.noindex/Toolbox.build/Debug/Toolbox.build/Objects-normal/arm64/Binary/Toolbox

SwiftDriverJobDiscovery normal x86_64 Compiling RootViewModel.swift (in target 'Toolbox' from project 'Toolbox')

SwiftDriver\ Compilation Toolbox normal x86_64 com.apple.xcode.tools.swift.compiler (in target 'Toolbox' from project 'Toolbox')
    cd /Users/liu/Desktop/develop/Toolbox
    builtin-Swift-Compilation -- /Applications/Xcode.app/Contents/Developer/Toolchains/XcodeDefault.xctoolchain/usr/bin/swiftc -module-name Toolbox -O -enforce-exclusivity\=checked @/Users/liu/Library/Developer/Xcode/DerivedData/Toolbox-cpgcsujffezisobdihlvfnevadbx/Build/Intermediates.noindex/Toolbox.build/Debug/Toolbox.build/Objects-normal/x86_64/Toolbox.SwiftFileList -sdk /Applications/Xcode.app/Contents/Developer/Platforms/MacOSX.platform/Developer/SDKs/MacOSX13.1.sdk -target x86_64-apple-macos12.3 -enable-bare-slash-regex -g -module-cache-path /Users/liu/Library/Developer/Xcode/DerivedData/ModuleCache.noindex -Xfrontend -serialize-debugging-options -swift-version 5 -I /Users/liu/Library/Developer/Xcode/DerivedData/Toolbox-cpgcsujffezisobdihlvfnevadbx/Build/Products/Debug -F /Users/liu/Library/Developer/Xcode/DerivedData/Toolbox-cpgcsujffezisobdihlvfnevadbx/Build/Products/Debug -emit-localized-strings -emit-localized-strings-path /Users/liu/Library/Developer/Xcode/DerivedData/Toolbox-cpgcsujffezisobdihlvfnevadbx/Build/Intermediates.noindex/Toolbox.build/Debug/Toolbox.build/Objects-normal/x86_64 -c -j20 -enable-batch-mode -incremental -output-file-map /Users/liu/Library/Developer/Xcode/DerivedData/Toolbox-cpgcsujffezisobdihlvfnevadbx/Build/Intermediates.noindex/Toolbox.build/Debug/Toolbox.build/Objects-normal/x86_64/Toolbox-OutputFileMap.json -use-frontend-parseable-output -save-temps -no-color-diagnostics -serialize-diagnostics -emit-dependencies -emit-module -emit-module-path /Users/liu/Library/Developer/Xcode/DerivedData/Toolbox-cpgcsujffezisobdihlvfnevadbx/Build/Intermediates.noindex/Toolbox.build/Debug/Toolbox.build/Objects-normal/x86_64/Toolbox.swiftmodule -Xcc -I/Users/liu/Library/Developer/Xcode/DerivedData/Toolbox-cpgcsujffezisobdihlvfnevadbx/Build/Intermediates.noindex/Toolbox.build/Debug/Toolbox.build/swift-overrides.hmap -Xcc -iquote -Xcc /Users/liu/Library/Developer/Xcode/DerivedData/Toolbox-cpgcsujffezisobdihlvfnevadbx/Build/Intermediates.noindex/Toolbox.build/Debug/Toolbox.build/Toolbox-generated-files.hmap -Xcc -I/Users/liu/Library/Developer/Xcode/DerivedData/Toolbox-cpgcsujffezisobdihlvfnevadbx/Build/Intermediates.noindex/Toolbox.build/Debug/Toolbox.build/Toolbox-own-target-headers.hmap -Xcc -I/Users/liu/Library/Developer/Xcode/DerivedData/Toolbox-cpgcsujffezisobdihlvfnevadbx/Build/Intermediates.noindex/Toolbox.build/Debug/Toolbox.build/Toolbox-all-target-headers.hmap -Xcc -iquote -Xcc /Users/liu/Library/Developer/Xcode/DerivedData/Toolbox-cpgcsujffezisobdihlvfnevadbx/Build/Intermediates.noindex/Toolbox.build/Debug/Toolbox.build/Toolbox-project-headers.hmap -Xcc -I/Users/liu/Library/Developer/Xcode/DerivedData/Toolbox-cpgcsujffezisobdihlvfnevadbx/Build/Products/Debug/include -Xcc -I/Users/liu/Library/Developer/Xcode/DerivedData/Toolbox-cpgcsujffezisobdihlvfnevadbx/Build/Intermediates.noindex/Toolbox.build/Debug/Toolbox.build/DerivedSources-normal/x86_64 -Xcc -I/Users/liu/Library/Developer/Xcode/DerivedData/Toolbox-cpgcsujffezisobdihlvfnevadbx/Build/Intermediates.noindex/Toolbox.build/Debug/Toolbox.build/DerivedSources/x86_64 -Xcc -I/Users/liu/Library/Developer/Xcode/DerivedData/Toolbox-cpgcsujffezisobdihlvfnevadbx/Build/Intermediates.noindex/Toolbox.build/Debug/Toolbox.build/DerivedSources -emit-objc-header -emit-objc-header-path /Users/liu/Library/Developer/Xcode/DerivedData/Toolbox-cpgcsujffezisobdihlvfnevadbx/Build/Intermediates.noindex/Toolbox.build/Debug/Toolbox.build/Objects-normal/x86_64/Toolbox-Swift.h -working-directory /Users/liu/Desktop/develop/Toolbox -experimental-emit-module-separately

Ld /Users/liu/Library/Developer/Xcode/DerivedData/Toolbox-cpgcsujffezisobdihlvfnevadbx/Build/Intermediates.noindex/Toolbox.build/Debug/Toolbox.build/Objects-normal/x86_64/Binary/Toolbox normal x86_64 (in target 'Toolbox' from project 'Toolbox')
    cd /Users/liu/Desktop/develop/Toolbox
    /Applications/Xcode.app/Contents/Developer/Toolchains/XcodeDefault.xctoolchain/usr/bin/clang -target x86_64-apple-macos12.3 -isysroot /Applications/Xcode.app/Contents/Developer/Platforms/MacOSX.platform/Developer/SDKs/MacOSX13.1.sdk -L/Users/liu/Library/Developer/Xcode/DerivedData/Toolbox-cpgcsujffezisobdihlvfnevadbx/Build/Intermediates.noindex/EagerLinkingTBDs -L/Users/liu/Library/Developer/Xcode/DerivedData/Toolbox-cpgcsujffezisobdihlvfnevadbx/Build/Products/Debug -F/Users/liu/Library/Developer/Xcode/DerivedData/Toolbox-cpgcsujffezisobdihlvfnevadbx/Build/Intermediates.noindex/EagerLinkingTBDs -F/Users/liu/Library/Developer/Xcode/DerivedData/Toolbox-cpgcsujffezisobdihlvfnevadbx/Build/Products/Debug -filelist /Users/liu/Library/Developer/Xcode/DerivedData/Toolbox-cpgcsujffezisobdihlvfnevadbx/Build/Intermediates.noindex/Toolbox.build/Debug/Toolbox.build/Objects-normal/x86_64/Toolbox.LinkFileList -Xlinker -rpath -Xlinker @executable_path/../Frameworks -Xlinker -object_path_lto -Xlinker /Users/liu/Library/Developer/Xcode/DerivedData/Toolbox-cpgcsujffezisobdihlvfnevadbx/Build/Intermediates.noindex/Toolbox.build/Debug/Toolbox.build/Objects-normal/x86_64/Toolbox_lto.o -fobjc-link-runtime -L/Applications/Xcode.app/Contents/Developer/Toolchains/XcodeDefault.xctoolchain/usr/lib/swift/macosx -L/usr/lib/swift -Xlinker -add_ast_path -Xlinker /Users/liu/Library/Developer/Xcode/DerivedData/Toolbox-cpgcsujffezisobdihlvfnevadbx/Build/Intermediates.noindex/Toolbox.build/Debug/Toolbox.build/Objects-normal/x86_64/Toolbox.swiftmodule -Xlinker -no_adhoc_codesign -Xlinker -dependency_info -Xlinker /Users/liu/Library/Developer/Xcode/DerivedData/Toolbox-cpgcsujffezisobdihlvfnevadbx/Build/Intermediates.noindex/Toolbox.build/Debug/Toolbox.build/Objects-normal/x86_64/Toolbox_dependency_info.dat -o /Users/liu/Library/Developer/Xcode/DerivedData/Toolbox-cpgcsujffezisobdihlvfnevadbx/Build/Intermediates.noindex/Toolbox.build/Debug/Toolbox.build/Objects-normal/x86_64/Binary/Toolbox

CreateUniversalBinary /Users/liu/Library/Developer/Xcode/DerivedData/Toolbox-cpgcsujffezisobdihlvfnevadbx/Build/Products/Debug/Toolbox.app/Contents/MacOS/Toolbox normal arm64\ x86_64 (in target 'Toolbox' from project 'Toolbox')
    cd /Users/liu/Desktop/develop/Toolbox
    /Applications/Xcode.app/Contents/Developer/Toolchains/XcodeDefault.xctoolchain/usr/bin/lipo -create /Users/liu/Library/Developer/Xcode/DerivedData/Toolbox-cpgcsujffezisobdihlvfnevadbx/Build/Intermediates.noindex/Toolbox.build/Debug/Toolbox.build/Objects-normal/arm64/Binary/Toolbox /Users/liu/Library/Developer/Xcode/DerivedData/Toolbox-cpgcsujffezisobdihlvfnevadbx/Build/Intermediates.noindex/Toolbox.build/Debug/Toolbox.build/Objects-normal/x86_64/Binary/Toolbox -output /Users/liu/Library/Developer/Xcode/DerivedData/Toolbox-cpgcsujffezisobdihlvfnevadbx/Build/Products/Debug/Toolbox.app/Contents/MacOS/Toolbox

ExtractAppIntentsMetadata (in target 'Toolbox' from project 'Toolbox')
    cd /Users/liu/Desktop/develop/Toolbox
    /Applications/Xcode.app/Contents/Developer/usr/bin/appintentsmetadataprocessor --output /Users/liu/Library/Developer/Xcode/DerivedData/Toolbox-cpgcsujffezisobdihlvfnevadbx/Build/Products/Debug/Toolbox.app/Contents/Resources --toolchain-dir /Applications/Xcode.app/Contents/Developer/Toolchains/XcodeDefault.xctoolchain --module-name Toolbox --source-files /Users/liu/Desktop/develop/Toolbox/Toolbox/ToolboxApp.swift /Users/liu/Desktop/develop/Toolbox/Toolbox/Views/ContentView.swift /Users/liu/Desktop/develop/Toolbox/Toolbox/Models/ScriptTool.swift /Users/liu/Desktop/develop/Toolbox/Toolbox/ViewModels/RootViewModel.swift /Users/liu/Desktop/develop/Toolbox/Toolbox/Views/AppKitTextViews.swift /Users/liu/Desktop/develop/Toolbox/Toolbox/Views/SidebarView.swift /Users/liu/Desktop/develop/Toolbox/Toolbox/Views/TextInputPane.swift /Users/liu/Desktop/develop/Toolbox/Toolbox/Views/TerminalPaneView.swift /Users/liu/Desktop/develop/Toolbox/Toolbox/Services/PTYTerminalService.swift /Users/liu/Desktop/develop/Toolbox/Toolbox/Services/ToolFileStore.swift /Users/liu/Desktop/develop/Toolbox/Toolbox/Services/PTYProcess.swift /Users/liu/Desktop/develop/Toolbox/Toolbox/Views/FileRenamerPane.swift /Users/liu/Desktop/develop/Toolbox/Toolbox/Views/WeeklyCheckPane.swift --sdk-root /Applications/Xcode.app/Contents/Developer/Platforms/MacOSX.platform/Developer/SDKs/MacOSX13.1.sdk --target-triple arm64-apple-macos12.3 --target-triple x86_64-apple-macos12.3 --binary-file /Users/liu/Library/Developer/Xcode/DerivedData/Toolbox-cpgcsujffezisobdihlvfnevadbx/Build/Products/Debug/Toolbox.app/Contents/MacOS/Toolbox --dependency-file /Users/liu/Library/Developer/Xcode/DerivedData/Toolbox-cpgcsujffezisobdihlvfnevadbx/Build/Intermediates.noindex/Toolbox.build/Debug/Toolbox.build/Objects-normal/arm64/Toolbox_dependency_info.dat --dependency-file /Users/liu/Library/Developer/Xcode/DerivedData/Toolbox-cpgcsujffezisobdihlvfnevadbx/Build/Intermediates.noindex/Toolbox.build/Debug/Toolbox.build/Objects-normal/x86_64/Toolbox_dependency_info.dat --stringsdata-file /Users/liu/Library/Developer/Xcode/DerivedData/Toolbox-cpgcsujffezisobdihlvfnevadbx/Build/Intermediates.noindex/Toolbox.build/Debug/Toolbox.build/Objects-normal/arm64/ExtractedAppShortcutsMetadata.stringsdata --stringsdata-file /Users/liu/Library/Developer/Xcode/DerivedData/Toolbox-cpgcsujffezisobdihlvfnevadbx/Build/Intermediates.noindex/Toolbox.build/Debug/Toolbox.build/Objects-normal/x86_64/ExtractedAppShortcutsMetadata.stringsdata
note: Metadata extraction skipped. No AppIntents.framework dependency found. (in target 'Toolbox' from project 'Toolbox')

CopySwiftLibs /Users/liu/Library/Developer/Xcode/DerivedData/Toolbox-cpgcsujffezisobdihlvfnevadbx/Build/Products/Debug/Toolbox.app (in target 'Toolbox' from project 'Toolbox')
    cd /Users/liu/Desktop/develop/Toolbox
    builtin-swiftStdLibTool --copy --verbose --sign - --scan-executable /Users/liu/Library/Developer/Xcode/DerivedData/Toolbox-cpgcsujffezisobdihlvfnevadbx/Build/Products/Debug/Toolbox.app/Contents/MacOS/Toolbox --scan-folder /Users/liu/Library/Developer/Xcode/DerivedData/Toolbox-cpgcsujffezisobdihlvfnevadbx/Build/Products/Debug/Toolbox.app/Contents/Frameworks --scan-folder /Users/liu/Library/Developer/Xcode/DerivedData/Toolbox-cpgcsujffezisobdihlvfnevadbx/Build/Products/Debug/Toolbox.app/Contents/PlugIns --scan-folder /Users/liu/Library/Developer/Xcode/DerivedData/Toolbox-cpgcsujffezisobdihlvfnevadbx/Build/Products/Debug/Toolbox.app/Contents/Library/SystemExtensions --scan-folder /Users/liu/Library/Developer/Xcode/DerivedData/Toolbox-cpgcsujffezisobdihlvfnevadbx/Build/Products/Debug/Toolbox.app/Contents/Extensions --platform macosx --toolchain /Applications/Xcode.app/Contents/Developer/Toolchains/XcodeDefault.xctoolchain --destination /Users/liu/Library/Developer/Xcode/DerivedData/Toolbox-cpgcsujffezisobdihlvfnevadbx/Build/Products/Debug/Toolbox.app/Contents/Frameworks --strip-bitcode --strip-bitcode-tool /Applications/Xcode.app/Contents/Developer/Toolchains/XcodeDefault.xctoolchain/usr/bin/bitcode_strip --emit-dependency-info /Users/liu/Library/Developer/Xcode/DerivedData/Toolbox-cpgcsujffezisobdihlvfnevadbx/Build/Intermediates.noindex/Toolbox.build/Debug/Toolbox.build/SwiftStdLibToolInputDependencies.dep --filter-for-swift-os

CodeSign /Users/liu/Library/Developer/Xcode/DerivedData/Toolbox-cpgcsujffezisobdihlvfnevadbx/Build/Products/Debug/Toolbox.app (in target 'Toolbox' from project 'Toolbox')
    cd /Users/liu/Desktop/develop/Toolbox
    
    Signing Identity:     "-"
    
    /usr/bin/codesign --force --sign - --entitlements /Users/liu/Library/Developer/Xcode/DerivedData/Toolbox-cpgcsujffezisobdihlvfnevadbx/Build/Intermediates.noindex/Toolbox.build/Debug/Toolbox.build/Toolbox.app.xcent --timestamp\=none --generate-entitlement-der /Users/liu/Library/Developer/Xcode/DerivedData/Toolbox-cpgcsujffezisobdihlvfnevadbx/Build/Products/Debug/Toolbox.app

RegisterExecutionPolicyException /Users/liu/Library/Developer/Xcode/DerivedData/Toolbox-cpgcsujffezisobdihlvfnevadbx/Build/Products/Debug/Toolbox.app (in target 'Toolbox' from project 'Toolbox')
    cd /Users/liu/Desktop/develop/Toolbox
    builtin-RegisterExecutionPolicyException /Users/liu/Library/Developer/Xcode/DerivedData/Toolbox-cpgcsujffezisobdihlvfnevadbx/Build/Products/Debug/Toolbox.app

Validate /Users/liu/Library/Developer/Xcode/DerivedData/Toolbox-cpgcsujffezisobdihlvfnevadbx/Build/Products/Debug/Toolbox.app (in target 'Toolbox' from project 'Toolbox')
    cd /Users/liu/Desktop/develop/Toolbox
    builtin-validationUtility /Users/liu/Library/Developer/Xcode/DerivedData/Toolbox-cpgcsujffezisobdihlvfnevadbx/Build/Products/Debug/Toolbox.app -no-validate-extension

Touch /Users/liu/Library/Developer/Xcode/DerivedData/Toolbox-cpgcsujffezisobdihlvfnevadbx/Build/Products/Debug/Toolbox.app (in target 'Toolbox' from project 'Toolbox')
    cd /Users/liu/Desktop/develop/Toolbox
    /usr/bin/touch -c /Users/liu/Library/Developer/Xcode/DerivedData/Toolbox-cpgcsujffezisobdihlvfnevadbx/Build/Products/Debug/Toolbox.app

RegisterWithLaunchServices /Users/liu/Library/Developer/Xcode/DerivedData/Toolbox-cpgcsujffezisobdihlvfnevadbx/Build/Products/Debug/Toolbox.app (in target 'Toolbox' from project 'Toolbox')
    cd /Users/liu/Desktop/develop/Toolbox
    /System/Library/Frameworks/CoreServices.framework/Versions/Current/Frameworks/LaunchServices.framework/Versions/Current/Support/lsregister -f -R -trusted /Users/liu/Library/Developer/Xcode/DerivedData/Toolbox-cpgcsujffezisobdihlvfnevadbx/Build/Products/Debug/Toolbox.app

** BUILD SUCCEEDED **

